###############################################################################
#
# IAR ELF Linker V8.32.1.169/W32 for ARM                  19/May/2021  21:09:28
# Copyright 2007-2018 IAR Systems AB.
#
#    Output file  =  
#        D:\YLS\robotcontrol -
#        05.16\Robot\EWARM\robotcontrol\Exe\robotcontrol.out
#    Map file     =  
#        D:\YLS\robotcontrol -
#        05.16\Robot\EWARM\robotcontrol\List\robotcontrol.map
#    Command line =  
#        -f C:\Users\ADMINI~1\AppData\Local\Temp\EW4940.tmp
#        ("D:\YLS\robotcontrol -
#        05.16\Robot\EWARM\robotcontrol\Obj\bsp_MOTOR1.o" "D:\YLS\robotcontrol
#        - 05.16\Robot\EWARM\robotcontrol\Obj\bsp_MOTOR2.o"
#        "D:\YLS\robotcontrol -
#        05.16\Robot\EWARM\robotcontrol\Obj\bsp_MOTOR3.o" "D:\YLS\robotcontrol
#        - 05.16\Robot\EWARM\robotcontrol\Obj\bsp_MOTOR4.o"
#        "D:\YLS\robotcontrol -
#        05.16\Robot\EWARM\robotcontrol\Obj\bsp_MOTOR5.o" "D:\YLS\robotcontrol
#        - 05.16\Robot\EWARM\robotcontrol\Obj\bsp_MOTOR6.o"
#        "D:\YLS\robotcontrol - 05.16\Robot\EWARM\robotcontrol\Obj\com1_232.o"
#        "D:\YLS\robotcontrol - 05.16\Robot\EWARM\robotcontrol\Obj\com2_232.o"
#        "D:\YLS\robotcontrol - 05.16\Robot\EWARM\robotcontrol\Obj\com3_232.o"
#        "D:\YLS\robotcontrol - 05.16\Robot\EWARM\robotcontrol\Obj\com4_232.o"
#        "D:\YLS\robotcontrol - 05.16\Robot\EWARM\robotcontrol\Obj\com5_232.o"
#        "D:\YLS\robotcontrol - 05.16\Robot\EWARM\robotcontrol\Obj\com6_232.o"
#        "D:\YLS\robotcontrol - 05.16\Robot\EWARM\robotcontrol\Obj\DoWith.o"
#        "D:\YLS\robotcontrol - 05.16\Robot\EWARM\robotcontrol\Obj\ecm_opcmd.o"
#        "D:\YLS\robotcontrol - 05.16\Robot\EWARM\robotcontrol\Obj\gpio.o"
#        "D:\YLS\robotcontrol - 05.16\Robot\EWARM\robotcontrol\Obj\main.o"
#        "D:\YLS\robotcontrol - 05.16\Robot\EWARM\robotcontrol\Obj\motor.o"
#        "D:\YLS\robotcontrol - 05.16\Robot\EWARM\robotcontrol\Obj\motor_it.o"
#        "D:\YLS\robotcontrol -
#        05.16\Robot\EWARM\robotcontrol\Obj\MotorStart.o" "D:\YLS\robotcontrol
#        - 05.16\Robot\EWARM\robotcontrol\Obj\spi.o" "D:\YLS\robotcontrol -
#        05.16\Robot\EWARM\robotcontrol\Obj\startup_stm32f407xx.o"
#        "D:\YLS\robotcontrol -
#        05.16\Robot\EWARM\robotcontrol\Obj\stm32f4xx_hal.o"
#        "D:\YLS\robotcontrol -
#        05.16\Robot\EWARM\robotcontrol\Obj\stm32f4xx_hal_cortex.o"
#        "D:\YLS\robotcontrol -
#        05.16\Robot\EWARM\robotcontrol\Obj\stm32f4xx_hal_dma.o"
#        "D:\YLS\robotcontrol -
#        05.16\Robot\EWARM\robotcontrol\Obj\stm32f4xx_hal_dma_ex.o"
#        "D:\YLS\robotcontrol -
#        05.16\Robot\EWARM\robotcontrol\Obj\stm32f4xx_hal_exti.o"
#        "D:\YLS\robotcontrol -
#        05.16\Robot\EWARM\robotcontrol\Obj\stm32f4xx_hal_flash.o"
#        "D:\YLS\robotcontrol -
#        05.16\Robot\EWARM\robotcontrol\Obj\stm32f4xx_hal_flash_ex.o"
#        "D:\YLS\robotcontrol -
#        05.16\Robot\EWARM\robotcontrol\Obj\stm32f4xx_hal_flash_ramfunc.o"
#        "D:\YLS\robotcontrol -
#        05.16\Robot\EWARM\robotcontrol\Obj\stm32f4xx_hal_gpio.o"
#        "D:\YLS\robotcontrol -
#        05.16\Robot\EWARM\robotcontrol\Obj\stm32f4xx_hal_msp.o"
#        "D:\YLS\robotcontrol -
#        05.16\Robot\EWARM\robotcontrol\Obj\stm32f4xx_hal_pwr.o"
#        "D:\YLS\robotcontrol -
#        05.16\Robot\EWARM\robotcontrol\Obj\stm32f4xx_hal_pwr_ex.o"
#        "D:\YLS\robotcontrol -
#        05.16\Robot\EWARM\robotcontrol\Obj\stm32f4xx_hal_rcc.o"
#        "D:\YLS\robotcontrol -
#        05.16\Robot\EWARM\robotcontrol\Obj\stm32f4xx_hal_rcc_ex.o"
#        "D:\YLS\robotcontrol -
#        05.16\Robot\EWARM\robotcontrol\Obj\stm32f4xx_hal_spi.o"
#        "D:\YLS\robotcontrol -
#        05.16\Robot\EWARM\robotcontrol\Obj\stm32f4xx_hal_tim.o"
#        "D:\YLS\robotcontrol -
#        05.16\Robot\EWARM\robotcontrol\Obj\stm32f4xx_hal_tim_ex.o"
#        "D:\YLS\robotcontrol -
#        05.16\Robot\EWARM\robotcontrol\Obj\stm32f4xx_hal_uart.o"
#        "D:\YLS\robotcontrol -
#        05.16\Robot\EWARM\robotcontrol\Obj\stm32f4xx_it.o"
#        "D:\YLS\robotcontrol -
#        05.16\Robot\EWARM\robotcontrol\Obj\system_stm32f4xx.o"
#        "D:\YLS\robotcontrol - 05.16\Robot\EWARM\robotcontrol\Obj\tim.o"
#        "D:\YLS\robotcontrol - 05.16\Robot\EWARM\robotcontrol\Obj\usart.o"
#        "D:\YLS\robotcontrol - 05.16\Robot\EWARM\robotcontrol\Obj\w25qxx.o"
#        "D:\YLS\robotcontrol - 05.16\Robot\EWARM\robotcontrol\Obj\wk2xxx.o"
#        "D:\YLS\robotcontrol - 05.16\Robot\EWARM\robotcontrol\Obj\wk_port1.o"
#        --redirect _Printf=_PrintfFull --redirect _Scanf=_ScanfFull
#        --no_out_extension -o "D:\YLS\robotcontrol -
#        05.16\Robot\EWARM\robotcontrol\Exe\robotcontrol.out" --map
#        "D:\YLS\robotcontrol -
#        05.16\Robot\EWARM\robotcontrol\List\robotcontrol.map" --config
#        "D:\YLS\robotcontrol - 05.16\Robot\EWARM/stm32f407xx_flash.icf"
#        --semihosting --entry __iar_program_start --vfe --text_out locale)
#
###############################################################################

*******************************************************************************
*** RUNTIME MODEL ATTRIBUTES
***

CppFlavor       = *
__SystemLibrary = DLib
__dlib_version  = 6


*******************************************************************************
*** HEAP SELECTION
***

The basic heap was selected because no calls to memory allocation
functions were found in the application outside of system library
functions, and there are calls to deallocation functions in the
application.


*******************************************************************************
*** PLACEMENT SUMMARY
***

"A0":  place at 0x800'0000 { ro section .intvec };
"P1":  place in [from 0x800'0000 to 0x80f'ffff] { ro };
define block CSTACK with size = 1K, alignment = 8 { };
define block HEAP with size = 512, alignment = 8 { };
"P2":  place in [from 0x2000'0000 to 0x2001'ffff] {
          rw, block CSTACK, block HEAP };
initialize by copy { rw };

  Section            Kind         Address    Size  Object
  -------            ----         -------    ----  ------
"A0":                                       0x188
  .intvec            ro code   0x800'0000   0x188  startup_stm32f407xx.o [1]
                             - 0x800'0188   0x188

"P1":                                      0x6a98
  .text              ro code   0x800'0188   0xe30  motor.o [1]
  .text              ro code   0x800'0fb8    0x48  FltToDbl.o [3]
  .text              ro code   0x800'1000   0x17a  DblAdd.o [3]
  .text              ro code   0x800'117a    0x3a  zero_init3.o [4]
  .text              ro code   0x800'11b4   0x246  DblDiv.o [3]
  .text              ro code   0x800'13fc    0xe2  DblSub.o [3]
  .text              ro code   0x800'14e0    0x68  DblToFlt.o [3]
  .text              ro code   0x800'1548   0x1a2  DblMul.o [3]
  .text              ro code   0x800'16ec   0x218  stm32f4xx_hal_gpio.o [1]
  .text              ro code   0x800'1904    0xb8  bsp_MOTOR1.o [1]
  .text              ro code   0x800'19bc   0x702  stm32f4xx_hal_tim.o [1]
  .text              ro code   0x800'20c0    0xc4  stm32f4xx_hal_cortex.o [1]
  .text              ro code   0x800'2184    0xb8  bsp_MOTOR2.o [1]
  .text              ro code   0x800'223c    0xa4  bsp_MOTOR3.o [1]
  .text              ro code   0x800'22e0    0xa8  bsp_MOTOR4.o [1]
  .text              ro code   0x800'2388    0xbc  bsp_MOTOR5.o [1]
  .text              ro code   0x800'2444    0xac  bsp_MOTOR6.o [1]
  .text              ro code   0x800'24f0    0x3a  DblToS32.o [3]
  .text              ro code   0x800'252c    0x1a  U32ToDbl.o [3]
  .text              ro code   0x800'2548   0x3dc  main.o [1]
  .text              ro code   0x800'2924   0x620  tim.o [1]
  .text              ro code   0x800'2f44     0x2  stm32f4xx_hal_tim.o [1]
  .text              ro code   0x800'2f48    0xb6  stm32f4xx_hal_dma.o [1]
  .text              ro code   0x800'2ffe     0x2  stm32f4xx_hal_tim.o [1]
  .text              ro code   0x800'3000     0x2  stm32f4xx_hal_tim.o [1]
  .text              ro code   0x800'3002     0x2  stm32f4xx_hal_tim.o [1]
  .text              ro code   0x800'3004     0x2  stm32f4xx_hal_tim_ex.o [1]
  .text              ro code   0x800'3006     0x2  stm32f4xx_hal_tim.o [1]
  .text              ro code   0x800'3008     0x2  stm32f4xx_hal_tim_ex.o [1]
  .text              ro code   0x800'300c    0x34  stm32f4xx_hal.o [1]
  .text              ro code   0x800'3040    0x28  stm32f4xx_hal.o [1]
  .text              ro code   0x800'3068   0x2c2  gpio.o [1]
  .text              ro code   0x800'332c   0x1bc  spi.o [1]
  .text              ro code   0x800'34e8   0x390  usart.o [1]
  .text              ro code   0x800'3878   0x5c4  DoWith.o [1]
  .text              ro code   0x800'3e3c     0x6  ABImemclr4.o [4]
  .text              ro code   0x800'3e44   0x330  stm32f4xx_hal_rcc.o [1]
  .text              ro code   0x800'4174   0x1ac  stm32f4xx_hal_rcc.o [1]
  .text              ro code   0x800'4320    0xc4  wk2xxx.o [1]
  .text              ro code   0x800'43e4   0x5bc  stm32f4xx_hal_uart.o [1]
  .text              ro code   0x800'49a0   0x36c  com1_232.o [1]
  .text              ro code   0x800'4d0c   0x338  com2_232.o [1]
  .text              ro code   0x800'5044   0x338  com3_232.o [1]
  .text              ro code   0x800'537c   0x338  com4_232.o [1]
  .text              ro code   0x800'56b4   0x338  com5_232.o [1]
  .text              ro code   0x800'59ec   0x338  com6_232.o [1]
  .text              ro code   0x800'5d24    0xe0  stm32f4xx_hal_tim_ex.o [1]
  .text              ro code   0x800'5e04     0xc  stm32f4xx_hal.o [1]
  .text              ro code   0x800'5e10    0x40  stm32f4xx_hal.o [1]
  .text              ro code   0x800'5e50    0x3c  stm32f4xx_hal_msp.o [1]
  .text              ro code   0x800'5e8c   0x3f0  stm32f4xx_hal_spi.o [1]
  .text              ro code   0x800'627c    0x32  ABImemset48.o [4]
  .text              ro code   0x800'62b0   0x106  I64DivMod_small.o [4]
  .text              ro code   0x800'63b6     0x2  stm32f4xx_hal_uart.o [1]
  .text              ro code   0x800'63b8     0x2  stm32f4xx_hal_uart.o [1]
  .text              ro code   0x800'63bc     0x6  ABImemclr.o [4]
  .text              ro code   0x800'63c4     0x2  I64DivZer.o [4]
  .text              ro code   0x800'63c8    0x5e  ABImemset.o [4]
  .text              ro code   0x800'6428   0x248  motor_it.o [1]
  .rodata            const     0x800'6670   0x200  com1_232.o [1]
  .text              ro code   0x800'6870   0x150  stm32f4xx_it.o [1]
  .text              ro code   0x800'69c0    0x10  stm32f4xx_hal.o [1]
  .text              ro code   0x800'69d0    0x2c  system_stm32f4xx.o [1]
  .text              ro code   0x800'69fc    0x2c  copy_init3.o [4]
  .text              ro code   0x800'6a28    0x28  data_init.o [4]
  .text              ro code   0x800'6a50    0x22  fpinit_M.o [3]
  .iar.init_table    const     0x800'6a74    0x24  - Linker created -
  .text              ro code   0x800'6a98    0x1e  cmain.o [4]
  .text              ro code   0x800'6ab6     0x4  low_level_init.o [2]
  .text              ro code   0x800'6aba     0x4  exit.o [2]
  .text              ro code   0x800'6ac0     0xa  cexit.o [4]
  .text              ro code   0x800'6acc    0x14  exit.o [5]
  .text              ro code   0x800'6ae0    0x10  startup_stm32f407xx.o [1]
  Initializer bytes  const     0x800'6af0    0x10  <for P2-1>
  .text              ro code   0x800'6b00     0xc  cstartup_M.o [4]
  .rodata            const     0x800'6b0c     0x8  system_stm32f4xx.o [1]
  .text              ro code   0x800'6b14     0x4  startup_stm32f407xx.o [1]
  .text              ro code   0x800'6b18     0x4  startup_stm32f407xx.o [1]
  .text              ro code   0x800'6b1c     0x4  startup_stm32f407xx.o [1]
  .text              ro code   0x800'6b20     0x4  startup_stm32f407xx.o [1]
  .text              ro code   0x800'6b24     0x4  startup_stm32f407xx.o [1]
  .text              ro code   0x800'6b28     0x4  startup_stm32f407xx.o [1]
  .text              ro code   0x800'6b2c     0x4  startup_stm32f407xx.o [1]
  .text              ro code   0x800'6b30     0x4  startup_stm32f407xx.o [1]
  .text              ro code   0x800'6b34     0x4  startup_stm32f407xx.o [1]
  .text              ro code   0x800'6b38     0x4  startup_stm32f407xx.o [1]
  .text              ro code   0x800'6b3c     0x4  startup_stm32f407xx.o [1]
  .text              ro code   0x800'6b40     0x4  startup_stm32f407xx.o [1]
  .text              ro code   0x800'6b44     0x4  startup_stm32f407xx.o [1]
  .text              ro code   0x800'6b48     0x4  startup_stm32f407xx.o [1]
  .text              ro code   0x800'6b4c     0x4  startup_stm32f407xx.o [1]
  .text              ro code   0x800'6b50     0x4  startup_stm32f407xx.o [1]
  .text              ro code   0x800'6b54     0x4  startup_stm32f407xx.o [1]
  .text              ro code   0x800'6b58     0x4  startup_stm32f407xx.o [1]
  .text              ro code   0x800'6b5c     0x4  startup_stm32f407xx.o [1]
  .text              ro code   0x800'6b60     0x4  startup_stm32f407xx.o [1]
  .text              ro code   0x800'6b64     0x4  startup_stm32f407xx.o [1]
  .text              ro code   0x800'6b68     0x4  startup_stm32f407xx.o [1]
  .text              ro code   0x800'6b6c     0x4  startup_stm32f407xx.o [1]
  .text              ro code   0x800'6b70     0x4  startup_stm32f407xx.o [1]
  .text              ro code   0x800'6b74     0x4  startup_stm32f407xx.o [1]
  .text              ro code   0x800'6b78     0x4  startup_stm32f407xx.o [1]
  .text              ro code   0x800'6b7c     0x4  startup_stm32f407xx.o [1]
  .text              ro code   0x800'6b80     0x4  startup_stm32f407xx.o [1]
  .text              ro code   0x800'6b84     0x4  startup_stm32f407xx.o [1]
  .text              ro code   0x800'6b88     0x4  startup_stm32f407xx.o [1]
  .text              ro code   0x800'6b8c     0x4  startup_stm32f407xx.o [1]
  .text              ro code   0x800'6b90     0x4  startup_stm32f407xx.o [1]
  .text              ro code   0x800'6b94     0x4  startup_stm32f407xx.o [1]
  .text              ro code   0x800'6b98     0x4  startup_stm32f407xx.o [1]
  .text              ro code   0x800'6b9c     0x4  startup_stm32f407xx.o [1]
  .text              ro code   0x800'6ba0     0x4  startup_stm32f407xx.o [1]
  .text              ro code   0x800'6ba4     0x4  startup_stm32f407xx.o [1]
  .text              ro code   0x800'6ba8     0x4  startup_stm32f407xx.o [1]
  .text              ro code   0x800'6bac     0x4  startup_stm32f407xx.o [1]
  .text              ro code   0x800'6bb0     0x4  startup_stm32f407xx.o [1]
  .text              ro code   0x800'6bb4     0x4  startup_stm32f407xx.o [1]
  .text              ro code   0x800'6bb8     0x4  startup_stm32f407xx.o [1]
  .text              ro code   0x800'6bbc     0x4  startup_stm32f407xx.o [1]
  .text              ro code   0x800'6bc0     0x4  startup_stm32f407xx.o [1]
  .text              ro code   0x800'6bc4     0x4  startup_stm32f407xx.o [1]
  .text              ro code   0x800'6bc8     0x4  startup_stm32f407xx.o [1]
  .text              ro code   0x800'6bcc     0x4  startup_stm32f407xx.o [1]
  .text              ro code   0x800'6bd0     0x4  startup_stm32f407xx.o [1]
  .text              ro code   0x800'6bd4     0x4  startup_stm32f407xx.o [1]
  .text              ro code   0x800'6bd8     0x4  startup_stm32f407xx.o [1]
  .text              ro code   0x800'6bdc     0x4  startup_stm32f407xx.o [1]
  .text              ro code   0x800'6be0     0x4  startup_stm32f407xx.o [1]
  .text              ro code   0x800'6be4     0x4  startup_stm32f407xx.o [1]
  .text              ro code   0x800'6be8     0x4  startup_stm32f407xx.o [1]
  .text              ro code   0x800'6bec     0x4  startup_stm32f407xx.o [1]
  .text              ro code   0x800'6bf0     0x4  startup_stm32f407xx.o [1]
  .text              ro code   0x800'6bf4     0x4  startup_stm32f407xx.o [1]
  .text              ro code   0x800'6bf8     0x4  startup_stm32f407xx.o [1]
  .text              ro code   0x800'6bfc     0x4  startup_stm32f407xx.o [1]
  .text              ro code   0x800'6c00     0x4  startup_stm32f407xx.o [1]
  .text              ro code   0x800'6c04     0x4  startup_stm32f407xx.o [1]
  .text              ro code   0x800'6c08     0x4  startup_stm32f407xx.o [1]
  .text              ro code   0x800'6c0c     0x4  startup_stm32f407xx.o [1]
  .text              ro code   0x800'6c10     0x4  startup_stm32f407xx.o [1]
  .text              ro code   0x800'6c14     0x4  startup_stm32f407xx.o [1]
  .text              ro code   0x800'6c18     0x4  startup_stm32f407xx.o [1]
  .text              ro code   0x800'6c1c     0x4  startup_stm32f407xx.o [1]
  .rodata            const     0x800'6c20     0x0  zero_init3.o [4]
  .rodata            const     0x800'6c20     0x0  copy_init3.o [4]
                             - 0x800'6c20  0x6a98

"P2", part 1 of 3:                           0x10
  P2-1                        0x2000'0000    0x10  <Init block>
    .data            inited   0x2000'0000     0xc  stm32f4xx_hal.o [1]
    .data            inited   0x2000'000c     0x4  system_stm32f4xx.o [1]
                            - 0x2000'0010    0x10

"P2", part 2 of 3:                         0x86a0
  .bss               zero     0x2000'0010  0x5460  main.o [1]
  .bss               zero     0x2000'5470  0x11a0  motor.o [1]
  .bss               zero     0x2000'6610   0x690  main.o [1]
  .bss               zero     0x2000'6ca0   0x614  main.o [1]
  .bss               zero     0x2000'72b4   0x100  main.o [1]
  .bss               zero     0x2000'73b4   0x100  main.o [1]
  .bss               zero     0x2000'74b4   0x100  main.o [1]
  .bss               zero     0x2000'75b4   0x100  main.o [1]
  .bss               zero     0x2000'76b4   0x100  main.o [1]
  .bss               zero     0x2000'77b4   0x100  main.o [1]
  .bss               zero     0x2000'78b4   0x100  wk_port1.o [1]
  .bss               zero     0x2000'79b4   0x100  wk_port1.o [1]
  .bss               zero     0x2000'7ab4   0x100  wk_port1.o [1]
  .bss               zero     0x2000'7bb4   0x100  wk_port1.o [1]
  .bss               zero     0x2000'7cb4    0x64  bsp_MOTOR1.o [1]
  .bss               zero     0x2000'7d18    0x64  bsp_MOTOR2.o [1]
  .bss               zero     0x2000'7d7c    0x64  bsp_MOTOR3.o [1]
  .bss               zero     0x2000'7de0    0x64  bsp_MOTOR4.o [1]
  .bss               zero     0x2000'7e44    0x64  bsp_MOTOR5.o [1]
  .bss               zero     0x2000'7ea8    0x64  bsp_MOTOR6.o [1]
  .bss               zero     0x2000'7f0c    0x58  spi.o [1]
  .bss               zero     0x2000'7f64    0x58  spi.o [1]
  .bss               zero     0x2000'7fbc    0x58  spi.o [1]
  .bss               zero     0x2000'8014    0x54  MotorStart.o [1]
  .bss               zero     0x2000'8068    0x54  MotorStart.o [1]
  .bss               zero     0x2000'80bc    0x54  MotorStart.o [1]
  .bss               zero     0x2000'8110    0x54  MotorStart.o [1]
  .bss               zero     0x2000'8164    0x54  MotorStart.o [1]
  .bss               zero     0x2000'81b8    0x54  MotorStart.o [1]
  .bss               zero     0x2000'820c    0x48  tim.o [1]
  .bss               zero     0x2000'8254    0x48  tim.o [1]
  .bss               zero     0x2000'829c    0x48  tim.o [1]
  .bss               zero     0x2000'82e4    0x48  tim.o [1]
  .bss               zero     0x2000'832c    0x48  tim.o [1]
  .bss               zero     0x2000'8374    0x48  tim.o [1]
  .bss               zero     0x2000'83bc    0x48  tim.o [1]
  .bss               zero     0x2000'8404    0x48  tim.o [1]
  .bss               zero     0x2000'844c    0x44  usart.o [1]
  .bss               zero     0x2000'8490    0x44  usart.o [1]
  .bss               zero     0x2000'84d4    0x44  usart.o [1]
  .bss               zero     0x2000'8518    0x44  usart.o [1]
  .bss               zero     0x2000'855c    0x44  usart.o [1]
  .bss               zero     0x2000'85a0    0x44  usart.o [1]
  .bss               zero     0x2000'85e4     0x8  main.o [1]
  .bss               zero     0x2000'85ec     0x4  main.o [1]
  .bss               zero     0x2000'85f0     0x4  main.o [1]
  .bss               zero     0x2000'85f4     0x4  main.o [1]
  .bss               zero     0x2000'85f8     0x4  main.o [1]
  .bss               zero     0x2000'85fc     0x4  main.o [1]
  .bss               zero     0x2000'8600     0x4  main.o [1]
  .bss               zero     0x2000'8604     0x4  main.o [1]
  .bss               zero     0x2000'8608     0x4  main.o [1]
  .bss               zero     0x2000'860c     0x4  main.o [1]
  .bss               zero     0x2000'8610     0x4  main.o [1]
  .bss               zero     0x2000'8614     0x4  main.o [1]
  .bss               zero     0x2000'8618     0x4  main.o [1]
  .bss               zero     0x2000'861c     0x4  main.o [1]
  .bss               zero     0x2000'8620     0x4  main.o [1]
  .bss               zero     0x2000'8624     0x2  main.o [1]
  .bss               zero     0x2000'8626     0x2  main.o [1]
  .bss               zero     0x2000'8628     0x2  main.o [1]
  .bss               zero     0x2000'862a     0x2  main.o [1]
  .bss               zero     0x2000'862c     0x2  main.o [1]
  .bss               zero     0x2000'862e     0x2  main.o [1]
  .bss               zero     0x2000'8630     0x2  main.o [1]
  .bss               zero     0x2000'8632     0x2  main.o [1]
  .bss               zero     0x2000'8634     0x2  main.o [1]
  .bss               zero     0x2000'8636     0x2  main.o [1]
  .bss               zero     0x2000'8638     0x2  main.o [1]
  .bss               zero     0x2000'863a     0x2  main.o [1]
  .bss               zero     0x2000'863c     0x2  main.o [1]
  .bss               zero     0x2000'863e     0x2  main.o [1]
  .bss               zero     0x2000'8640     0x2  main.o [1]
  .bss               zero     0x2000'8642     0x2  main.o [1]
  .bss               zero     0x2000'8644     0x2  main.o [1]
  .bss               zero     0x2000'8646     0x2  main.o [1]
  .bss               zero     0x2000'8648     0x2  main.o [1]
  .bss               zero     0x2000'864a     0x2  main.o [1]
  .bss               zero     0x2000'864c     0x2  main.o [1]
  .bss               zero     0x2000'864e     0x2  main.o [1]
  .bss               zero     0x2000'8650     0x2  main.o [1]
  .bss               zero     0x2000'8652     0x2  main.o [1]
  .bss               zero     0x2000'8654     0x2  main.o [1]
  .bss               zero     0x2000'8656     0x2  main.o [1]
  .bss               zero     0x2000'8658     0x2  main.o [1]
  .bss               zero     0x2000'865a     0x2  main.o [1]
  .bss               zero     0x2000'865c     0x2  main.o [1]
  .bss               zero     0x2000'865e     0x2  main.o [1]
  .bss               zero     0x2000'8660     0x2  main.o [1]
  .bss               zero     0x2000'8662     0x2  main.o [1]
  .bss               zero     0x2000'8664     0x2  main.o [1]
  .bss               zero     0x2000'8666     0x2  main.o [1]
  .bss               zero     0x2000'8668     0x2  main.o [1]
  .bss               zero     0x2000'866a     0x2  main.o [1]
  .bss               zero     0x2000'866c     0x2  main.o [1]
  .bss               zero     0x2000'866e     0x2  main.o [1]
  .bss               zero     0x2000'8670     0x2  main.o [1]
  .bss               zero     0x2000'8672     0x2  main.o [1]
  .bss               zero     0x2000'8674     0x2  main.o [1]
  .bss               zero     0x2000'8676     0x2  main.o [1]
  .bss               zero     0x2000'8678     0x2  main.o [1]
  .bss               zero     0x2000'867a     0x1  main.o [1]
  .bss               zero     0x2000'867b     0x1  main.o [1]
  .bss               zero     0x2000'867c     0x1  main.o [1]
  .bss               zero     0x2000'867d     0x1  main.o [1]
  .bss               zero     0x2000'867e     0x1  main.o [1]
  .bss               zero     0x2000'867f     0x1  main.o [1]
  .bss               zero     0x2000'8680     0x1  main.o [1]
  .bss               zero     0x2000'8681     0x1  main.o [1]
  .bss               zero     0x2000'8682     0x1  main.o [1]
  .bss               zero     0x2000'8683     0x1  main.o [1]
  .bss               zero     0x2000'8684     0x1  main.o [1]
  .bss               zero     0x2000'8685     0x1  main.o [1]
  .bss               zero     0x2000'8686     0x1  main.o [1]
  .bss               zero     0x2000'8687     0x1  main.o [1]
  .bss               zero     0x2000'8688     0x1  main.o [1]
  .bss               zero     0x2000'8689     0x1  main.o [1]
  .bss               zero     0x2000'868a     0x1  main.o [1]
  .bss               zero     0x2000'868b     0x1  main.o [1]
  .bss               zero     0x2000'868c     0x1  main.o [1]
  .bss               zero     0x2000'868d     0x1  main.o [1]
  .bss               zero     0x2000'868e     0x1  main.o [1]
  .bss               zero     0x2000'868f     0x1  main.o [1]
  .bss               zero     0x2000'8690     0x1  main.o [1]
  .bss               zero     0x2000'8691     0x1  main.o [1]
  .bss               zero     0x2000'8692     0x1  main.o [1]
  .bss               zero     0x2000'8693     0x1  main.o [1]
  .bss               zero     0x2000'8694     0x1  main.o [1]
  .bss               zero     0x2000'8695     0x1  main.o [1]
  .bss               zero     0x2000'8696     0x1  main.o [1]
  .bss               zero     0x2000'8697     0x1  main.o [1]
  .bss               zero     0x2000'8698     0x1  main.o [1]
  .bss               zero     0x2000'8699     0x1  main.o [1]
  .bss               zero     0x2000'869a     0x1  main.o [1]
  .bss               zero     0x2000'869b     0x1  main.o [1]
  .bss               zero     0x2000'869c     0x1  main.o [1]
  .bss               zero     0x2000'869d     0x1  main.o [1]
  .bss               zero     0x2000'869e     0x1  main.o [1]
  .bss               zero     0x2000'869f     0x1  main.o [1]
  .bss               zero     0x2000'86a0     0x1  main.o [1]
  .bss               zero     0x2000'86a1     0x1  main.o [1]
  .bss               zero     0x2000'86a2     0x1  main.o [1]
  .bss               zero     0x2000'86a3     0x1  main.o [1]
  .bss               zero     0x2000'86a4     0x1  main.o [1]
  .bss               zero     0x2000'86a5     0x1  main.o [1]
  .bss               zero     0x2000'86a6     0x1  main.o [1]
  .bss               zero     0x2000'86a7     0x1  main.o [1]
  .bss               zero     0x2000'86a8     0x1  main.o [1]
  .bss               zero     0x2000'86a9     0x1  main.o [1]
  .bss               zero     0x2000'86aa     0x1  main.o [1]
  .bss               zero     0x2000'86ab     0x1  main.o [1]
  .bss               zero     0x2000'86ac     0x1  main.o [1]
  .bss               zero     0x2000'86ad     0x1  main.o [1]
  .bss               zero     0x2000'86ae     0x1  main.o [1]
                            - 0x2000'86af  0x869f

"P2", part 3 of 3:                          0x400
  CSTACK                      0x2000'86b0   0x400  <Block>
    CSTACK           uninit   0x2000'86b0   0x400  <Block tail>
                            - 0x2000'8ab0   0x400

Unused ranges:

         From           To      Size
         ----           --      ----
   0x800'6c20   0x80f'ffff  0xf'93e0
  0x2000'8ab0  0x2001'ffff  0x1'7550


*******************************************************************************
*** INIT TABLE
***

          Address      Size
          -------      ----
Zero (__iar_zero_init3)
    1 destination range, total size 0x869f:
          0x2000'0010  0x869f

Copy (__iar_copy_init3)
    1 source range, total size 0x10:
           0x800'6af0    0x10
    1 destination range, total size 0x10:
          0x2000'0000    0x10



*******************************************************************************
*** MODULE SUMMARY
***

    Module                  ro code  ro data  rw data
    ------                  -------  -------  -------
command line/config:
    -------------------------------------------------
    Total:

D:\YLS\robotcontrol - 05.16\Robot\EWARM\robotcontrol\Obj: [1]
    DoWith.o                  1 476
    MotorStart.o                                  504
    bsp_MOTOR1.o                184               100
    bsp_MOTOR2.o                184               100
    bsp_MOTOR3.o                164               100
    bsp_MOTOR4.o                168               100
    bsp_MOTOR5.o                188               100
    bsp_MOTOR6.o                172               100
    com1_232.o                  876      512
    com2_232.o                  824
    com3_232.o                  824
    com4_232.o                  824
    com5_232.o                  824
    com6_232.o                  824
    gpio.o                      706
    main.o                      988            26 575
    motor.o                   3 632             4 512
    motor_it.o                  584
    spi.o                       444               264
    startup_stm32f407xx.o       676
    stm32f4xx_hal.o             184       12       12
    stm32f4xx_hal_cortex.o      196
    stm32f4xx_hal_dma.o         182
    stm32f4xx_hal_gpio.o        536
    stm32f4xx_hal_msp.o          60
    stm32f4xx_hal_rcc.o       1 244
    stm32f4xx_hal_spi.o       1 008
    stm32f4xx_hal_tim.o       1 804
    stm32f4xx_hal_tim_ex.o      228
    stm32f4xx_hal_uart.o      1 472
    stm32f4xx_it.o              336
    system_stm32f4xx.o           44       12        4
    tim.o                     1 568               576
    usart.o                     912               408
    wk2xxx.o                    196
    wk_port1.o                                  1 024
    -------------------------------------------------
    Total:                   24 532      536   34 479

dl7M_tlf.a: [2]
    exit.o                        4
    low_level_init.o              4
    -------------------------------------------------
    Total:                        8

m7M_tls.a: [3]
    DblAdd.o                    378
    DblDiv.o                    582
    DblMul.o                    418
    DblSub.o                    226
    DblToFlt.o                  104
    DblToS32.o                   58
    FltToDbl.o                   72
    U32ToDbl.o                   26
    fpinit_M.o                   34
    -------------------------------------------------
    Total:                    1 898

rt7M_tl.a: [4]
    ABImemclr.o                   6
    ABImemclr4.o                  6
    ABImemset.o                  94
    ABImemset48.o                50
    I64DivMod_small.o           262
    I64DivZer.o                   2
    cexit.o                      10
    cmain.o                      30
    copy_init3.o                 44
    cstartup_M.o                 12
    data_init.o                  40
    zero_init3.o                 58
    -------------------------------------------------
    Total:                      614

shb_l.a: [5]
    exit.o                       20
    -------------------------------------------------
    Total:                       20

    Gaps                         34        2
    Linker created                        36    1 024
-----------------------------------------------------
    Grand Total:             27 106      574   35 503


*******************************************************************************
*** ENTRY LIST
***

Entry                       Address    Size  Type      Object
-----                       -------    ----  ----      ------
.iar.init_table$$Base    0x800'6a74           --   Gb  - Linker created -
.iar.init_table$$Limit   0x800'6a98           --   Gb  - Linker created -
?main                    0x800'6a99          Code  Gb  cmain.o [4]
AHBPrescTable            0x800'69ec    0x10  Data  Gb  system_stm32f4xx.o [1]
APBPrescTable            0x800'6b0c     0x8  Data  Gb  system_stm32f4xx.o [1]
B_Com1Cmd01             0x2000'8699     0x1  Data  Gb  main.o [1]
B_Com1Cmd03             0x2000'8697     0x1  Data  Gb  main.o [1]
B_Com1Cmd06             0x2000'869a     0x1  Data  Gb  main.o [1]
B_Com1Cmd16             0x2000'8698     0x1  Data  Gb  main.o [1]
B_Com2Cmd01             0x2000'869d     0x1  Data  Gb  main.o [1]
B_Com2Cmd03             0x2000'869b     0x1  Data  Gb  main.o [1]
B_Com2Cmd06             0x2000'869e     0x1  Data  Gb  main.o [1]
B_Com2Cmd16             0x2000'869c     0x1  Data  Gb  main.o [1]
B_Com3Cmd01             0x2000'86a1     0x1  Data  Gb  main.o [1]
B_Com3Cmd03             0x2000'869f     0x1  Data  Gb  main.o [1]
B_Com3Cmd06             0x2000'86a2     0x1  Data  Gb  main.o [1]
B_Com3Cmd16             0x2000'86a0     0x1  Data  Gb  main.o [1]
B_Com4Cmd01             0x2000'86a5     0x1  Data  Gb  main.o [1]
B_Com4Cmd03             0x2000'86a3     0x1  Data  Gb  main.o [1]
B_Com4Cmd06             0x2000'86a6     0x1  Data  Gb  main.o [1]
B_Com4Cmd16             0x2000'86a4     0x1  Data  Gb  main.o [1]
B_Com5Cmd01             0x2000'86a9     0x1  Data  Gb  main.o [1]
B_Com5Cmd03             0x2000'86a7     0x1  Data  Gb  main.o [1]
B_Com5Cmd06             0x2000'86aa     0x1  Data  Gb  main.o [1]
B_Com5Cmd16             0x2000'86a8     0x1  Data  Gb  main.o [1]
B_Com6Cmd01             0x2000'86ad     0x1  Data  Gb  main.o [1]
B_Com6Cmd03             0x2000'86ab     0x1  Data  Gb  main.o [1]
B_Com6Cmd06             0x2000'86ae     0x1  Data  Gb  main.o [1]
B_Com6Cmd16             0x2000'86ac     0x1  Data  Gb  main.o [1]
BakRcv1Count            0x2000'8628     0x2  Data  Gb  main.o [1]
BakRcv2Count            0x2000'8636     0x2  Data  Gb  main.o [1]
BakRcv3Count            0x2000'8644     0x2  Data  Gb  main.o [1]
BakRcv4Count            0x2000'8652     0x2  Data  Gb  main.o [1]
BakRcv5Count            0x2000'8660     0x2  Data  Gb  main.o [1]
BakRcv6Count            0x2000'866e     0x2  Data  Gb  main.o [1]
Boot_ParLst              0x800'3a8b     0x2  Code  Gb  DoWith.o [1]
BusFault_Handler         0x800'6877     0x2  Code  Gb  stm32f4xx_it.o [1]
CRC16                    0x800'4c7d    0x2e  Code  Gb  com1_232.o [1]
CRC_H                    0x800'6670   0x100  Data  Gb  com1_232.o [1]
CRC_L                    0x800'6770   0x100  Data  Gb  com1_232.o [1]
CSTACK$$Base            0x2000'86b0           --   Gb  - Linker created -
CSTACK$$Limit           0x2000'8ab0           --   Gb  - Linker created -
C_Driver1_delayCount    0x2000'85f8     0x4  Data  Gb  main.o [1]
C_Driver2_delayCount    0x2000'8600     0x4  Data  Gb  main.o [1]
C_Driver3_delayCount    0x2000'8608     0x4  Data  Gb  main.o [1]
C_Driver4_delayCount    0x2000'8610     0x4  Data  Gb  main.o [1]
C_Driver5_delayCount    0x2000'8618     0x4  Data  Gb  main.o [1]
C_Driver6_delayCount    0x2000'8620     0x4  Data  Gb  main.o [1]
C_NoRcv1Count           0x2000'8632     0x2  Data  Gb  main.o [1]
C_NoRcv2Count           0x2000'8640     0x2  Data  Gb  main.o [1]
C_NoRcv3Count           0x2000'864e     0x2  Data  Gb  main.o [1]
C_NoRcv4Count           0x2000'865c     0x2  Data  Gb  main.o [1]
C_NoRcv5Count           0x2000'866a     0x2  Data  Gb  main.o [1]
C_NoRcv6Count           0x2000'8678     0x2  Data  Gb  main.o [1]
CalcMotorPeriStep_CPF    0x800'080d   0x118  Code  Gb  motor.o [1]
Com1_RcvProcess          0x800'49a1    0xd8  Code  Gb  com1_232.o [1]
Com1_SlaveSend           0x800'4a79   0x204  Code  Gb  com1_232.o [1]
Com2_RcvProcess          0x800'4d0d    0xd8  Code  Gb  com2_232.o [1]
Com2_SlaveSend           0x800'4de5   0x204  Code  Gb  com2_232.o [1]
Com3_RcvProcess          0x800'5045    0xd8  Code  Gb  com3_232.o [1]
Com3_SlaveSend           0x800'511d   0x204  Code  Gb  com3_232.o [1]
Com4_RcvProcess          0x800'537d    0xd8  Code  Gb  com4_232.o [1]
Com4_SlaveSend           0x800'5455   0x204  Code  Gb  com4_232.o [1]
Com5_RcvProcess          0x800'56b5    0xd8  Code  Gb  com5_232.o [1]
Com5_SlaveSend           0x800'578d   0x204  Code  Gb  com5_232.o [1]
Com6_RcvProcess          0x800'59ed    0xd8  Code  Gb  com6_232.o [1]
Com6_SlaveSend           0x800'5ac5   0x204  Code  Gb  com6_232.o [1]
DebugMon_Handler         0x800'687d     0x2  Code  Gb  stm32f4xx_it.o [1]
Driver1_Pos_Start_Sort  0x2000'8690     0x1  Data  Gb  main.o [1]
Driver1_Status_Sort     0x2000'8696     0x1  Data  Gb  main.o [1]
Driver1_Write_Sort      0x2000'868a     0x1  Data  Gb  main.o [1]
Driver2_Pos_Start_Sort  0x2000'8691     0x1  Data  Gb  main.o [1]
Driver2_Write_Sort      0x2000'868b     0x1  Data  Gb  main.o [1]
Driver3_Pos_Start_Sort  0x2000'8692     0x1  Data  Gb  main.o [1]
Driver3_Write_Sort      0x2000'868c     0x1  Data  Gb  main.o [1]
Driver4_Pos_Start_Sort  0x2000'8693     0x1  Data  Gb  main.o [1]
Driver4_Write_Sort      0x2000'868d     0x1  Data  Gb  main.o [1]
Driver5_Pos_Start_Sort  0x2000'8694     0x1  Data  Gb  main.o [1]
Driver5_Write_Sort      0x2000'868e     0x1  Data  Gb  main.o [1]
Driver6_Pos_Start_Sort  0x2000'8695     0x1  Data  Gb  main.o [1]
Driver6_Write_Sort      0x2000'868f     0x1  Data  Gb  main.o [1]
EXTI0_IRQHandler         0x800'68ad     0x6  Code  Gb  stm32f4xx_it.o [1]
Error_Handler            0x800'291f     0x4  Code  Gb  main.o [1]
F_AllRdy                0x2000'8688     0x1  Data  Gb  main.o [1]
F_AskForceReset         0x2000'867e     0x1  Data  Gb  main.o [1]
F_AskReset              0x2000'867c     0x1  Data  Gb  main.o [1]
F_AskStop               0x2000'8686     0x1  Data  Gb  main.o [1]
F_Encoder_Read          0x2000'8685     0x1  Data  Gb  main.o [1]
F_ForceReseting         0x2000'867f     0x1  Data  Gb  main.o [1]
F_ManualRunStop         0x2000'867a     0x1  Data  Gb  main.o [1]
F_ModRealTime           0x2000'8687     0x1  Data  Gb  main.o [1]
F_PowerOnRun            0x2000'8682     0x1  Data  Gb  main.o [1]
F_Reseting              0x2000'8680     0x1  Data  Gb  main.o [1]
F_SendStopCMD2          0x2000'8689     0x1  Data  Gb  main.o [1]
F_Starting              0x2000'8684     0x1  Data  Gb  main.o [1]
F_StepMode              0x2000'8681     0x1  Data  Gb  main.o [1]
F_Stoping               0x2000'8683     0x1  Data  Gb  main.o [1]
F_TouchForceReSet       0x2000'867d     0x1  Data  Gb  main.o [1]
F_TouchRunStop          0x2000'867b     0x1  Data  Gb  main.o [1]
GetFreAtTime             0x800'0655   0x166  Code  Gb  motor.o [1]
Get_TimeCost_ReverDot_S
                         0x800'0395   0x1a6  Code  Gb  motor.o [1]
HAL_DMA_Abort            0x800'2f49    0x88  Code  Gb  stm32f4xx_hal_dma.o [1]
HAL_DMA_Abort_IT         0x800'2fd1    0x24  Code  Gb  stm32f4xx_hal_dma.o [1]
HAL_Delay                0x800'3041    0x28  Code  Wk  stm32f4xx_hal.o [1]
HAL_GPIO_EXTI_Callback   0x800'2667    0x64  Code  Gb  main.o [1]
HAL_GPIO_EXTI_IRQHandler
                         0x800'18c1    0x10  Code  Gb  stm32f4xx_hal_gpio.o [1]
HAL_GPIO_Init            0x800'16ed   0x1bc  Code  Gb  stm32f4xx_hal_gpio.o [1]
HAL_GPIO_TogglePin       0x800'18b1    0x10  Code  Gb  stm32f4xx_hal_gpio.o [1]
HAL_GPIO_WritePin        0x800'18a9     0x8  Code  Gb  stm32f4xx_hal_gpio.o [1]
HAL_GetTick              0x800'5e05     0xc  Code  Wk  stm32f4xx_hal.o [1]
HAL_IncTick              0x800'69c1    0x10  Code  Wk  stm32f4xx_hal.o [1]
HAL_Init                 0x800'300d    0x30  Code  Gb  stm32f4xx_hal.o [1]
HAL_InitTick             0x800'5e11    0x40  Code  Wk  stm32f4xx_hal.o [1]
HAL_MspInit              0x800'5e51    0x3c  Code  Gb  stm32f4xx_hal_msp.o [1]
HAL_NVIC_EnableIRQ       0x800'212f    0x16  Code  Gb  stm32f4xx_hal_cortex.o [1]
HAL_NVIC_SetPriority     0x800'20f5    0x3a  Code  Gb  stm32f4xx_hal_cortex.o [1]
HAL_NVIC_SetPriorityGrouping
                         0x800'20db    0x1a  Code  Gb  stm32f4xx_hal_cortex.o [1]
HAL_RCC_ClockConfig      0x800'4175   0x100  Code  Gb  stm32f4xx_hal_rcc.o [1]
HAL_RCC_GetPCLK1Freq     0x800'4281    0x10  Code  Gb  stm32f4xx_hal_rcc.o [1]
HAL_RCC_GetPCLK2Freq     0x800'4291     0xe  Code  Gb  stm32f4xx_hal_rcc.o [1]
HAL_RCC_OscConfig        0x800'3e45   0x330  Code  Wk  stm32f4xx_hal_rcc.o [1]
HAL_SPI_Init             0x800'5e8d    0xb4  Code  Gb  stm32f4xx_hal_spi.o [1]
HAL_SPI_MspInit          0x800'33c1    0xc2  Code  Gb  spi.o [1]
HAL_SPI_TransmitReceive
                         0x800'5f49   0x1a6  Code  Gb  stm32f4xx_hal_spi.o [1]
HAL_SYSTICK_Config       0x800'2145    0x28  Code  Gb  stm32f4xx_hal_cortex.o [1]
HAL_TIMEx_BreakCallback
                         0x800'3005     0x2  Code  Wk  stm32f4xx_hal_tim_ex.o [1]
HAL_TIMEx_CommutCallback
                         0x800'3009     0x2  Code  Wk  stm32f4xx_hal_tim_ex.o [1]
HAL_TIMEx_ConfigBreakDeadTime
                         0x800'5db1    0x54  Code  Gb  stm32f4xx_hal_tim_ex.o [1]
HAL_TIMEx_MasterConfigSynchronization
                         0x800'5d25    0x6e  Code  Gb  stm32f4xx_hal_tim_ex.o [1]
HAL_TIM_Base_Init        0x800'19bd    0x1a  Code  Gb  stm32f4xx_hal_tim.o [1]
HAL_TIM_Base_MspInit     0x800'2c37   0x132  Code  Gb  tim.o [1]
HAL_TIM_Base_Stop        0x800'19d7    0x16  Code  Gb  stm32f4xx_hal_tim.o [1]
HAL_TIM_ConfigClockSource
                         0x800'1d61    0x90  Code  Gb  stm32f4xx_hal_tim.o [1]
HAL_TIM_IRQHandler       0x800'1b59   0x142  Code  Gb  stm32f4xx_hal_tim.o [1]
HAL_TIM_MspPostInit      0x800'2d79   0x11e  Code  Gb  tim.o [1]
HAL_TIM_PWM_ConfigChannel
                         0x800'1ca1    0xb4  Code  Gb  stm32f4xx_hal_tim.o [1]
HAL_TIM_PWM_Init         0x800'1a27    0x1a  Code  Gb  stm32f4xx_hal_tim.o [1]
HAL_TIM_PWM_PulseFinishedCallback
                         0x800'26cb    0x1e  Code  Gb  main.o [1]
HAL_TIM_PWM_Stop_DMA     0x800'1a7d    0x84  Code  Gb  stm32f4xx_hal_tim.o [1]
HAL_UART_IRQHandler      0x800'455d   0x202  Code  Gb  stm32f4xx_hal_uart.o [1]
HAL_UART_Init            0x800'43e5    0x1e  Code  Gb  stm32f4xx_hal_uart.o [1]
HAL_UART_MspInit         0x800'35d3   0x212  Code  Gb  usart.o [1]
HAL_UART_Receive_IT      0x800'450d    0x30  Code  Gb  stm32f4xx_hal_uart.o [1]
HAL_UART_RxCpltCallback
                         0x800'26e9    0xe8  Code  Gb  main.o [1]
HAL_UART_Transmit        0x800'445b    0xb2  Code  Gb  stm32f4xx_hal_uart.o [1]
HAL_UART_TxCpltCallback
                         0x800'27d1     0x2  Code  Gb  main.o [1]
HardFault_Handler        0x800'6873     0x2  Code  Gb  stm32f4xx_it.o [1]
Initial_Motor            0x800'0189   0x20c  Code  Gb  motor.o [1]
Initial_PWM_Motor1       0x800'0ad1    0x7e  Code  Gb  motor.o [1]
Initial_PWM_Motor2       0x800'0b61    0x62  Code  Gb  motor.o [1]
Initial_PWM_Motor3       0x800'0be3    0x34  Code  Gb  motor.o [1]
Initial_PWM_Motor4       0x800'0c3f    0x56  Code  Gb  motor.o [1]
Initial_PWM_Motor5       0x800'0cc7    0x32  Code  Gb  motor.o [1]
Initial_PWM_Motor6       0x800'0d39    0x3e  Code  Gb  motor.o [1]
Initial_PWM_Motors       0x800'2901    0x1e  Code  Gb  main.o [1]
MOTOR1_GPIO_Init         0x800'1905    0xa8  Code  Gb  bsp_MOTOR1.o [1]
MOTOR2_GPIO_Init         0x800'2185    0xaa  Code  Gb  bsp_MOTOR2.o [1]
MOTOR2_MotionStatus     0x2000'7d30     0x1  Data  Gb  bsp_MOTOR2.o [1]
MOTOR2_srd              0x2000'7d18    0x18  Data  Gb  bsp_MOTOR2.o [1]
MOTOR3_GPIO_Init         0x800'223d    0x82  Code  Gb  bsp_MOTOR3.o [1]
MOTOR4_GPIO_Init         0x800'22e1    0x86  Code  Gb  bsp_MOTOR4.o [1]
MOTOR4_MotionStatus     0x2000'7df8     0x1  Data  Gb  bsp_MOTOR4.o [1]
MOTOR4_srd              0x2000'7de0    0x18  Data  Gb  bsp_MOTOR4.o [1]
MOTOR5_GPIO_Init         0x800'2389    0xac  Code  Gb  bsp_MOTOR5.o [1]
MOTOR5_MotionStatus     0x2000'7e5c     0x1  Data  Gb  bsp_MOTOR5.o [1]
MOTOR5_srd              0x2000'7e44    0x18  Data  Gb  bsp_MOTOR5.o [1]
MOTOR6_GPIO_Init         0x800'2445    0x88  Code  Gb  bsp_MOTOR6.o [1]
MOTOR6_MotionStatus     0x2000'7ec0     0x1  Data  Gb  bsp_MOTOR6.o [1]
MOTOR6_srd              0x2000'7ea8    0x18  Data  Gb  bsp_MOTOR6.o [1]
MX_GPIO_Init             0x800'3069   0x250  Code  Gb  gpio.o [1]
MX_SPI1_Init             0x800'332d    0x36  Code  Gb  spi.o [1]
MX_SPI2_Init             0x800'3363    0x18  Code  Gb  spi.o [1]
MX_SPI3_Init             0x800'3383    0x18  Code  Gb  spi.o [1]
MX_TIM1_Init             0x800'2925    0x70  Code  Gb  tim.o [1]
MX_TIM2_Init             0x800'2995    0x48  Code  Gb  tim.o [1]
MX_TIM3_Init             0x800'29eb    0x48  Code  Gb  tim.o [1]
MX_TIM4_Init             0x800'2a7d    0x1a  Code  Gb  tim.o [1]
MX_TIM5_Init             0x800'2a97    0x18  Code  Gb  tim.o [1]
MX_TIM6_Init             0x800'2b0b    0x22  Code  Gb  tim.o [1]
MX_TIM7_Init             0x800'2b2d    0x1c  Code  Gb  tim.o [1]
MX_TIM8_Init             0x800'2b75    0x68  Code  Gb  tim.o [1]
MX_UART4_Init            0x800'34e9    0x24  Code  Gb  usart.o [1]
MX_UART5_Init            0x800'350d    0x24  Code  Gb  usart.o [1]
MX_USART1_UART_Init      0x800'3531    0x24  Code  Gb  usart.o [1]
MX_USART2_UART_Init      0x800'3555    0x24  Code  Gb  usart.o [1]
MX_USART3_UART_Init      0x800'3597    0x1e  Code  Gb  usart.o [1]
MX_USART6_UART_Init      0x800'35b5    0x1e  Code  Gb  usart.o [1]
MemManage_Handler        0x800'6875     0x2  Code  Gb  stm32f4xx_it.o [1]
Motor1StepTable         0x2000'55e8   0x178  Data  Gb  motor.o [1]
Motor1TimeTable         0x2000'5470   0x178  Data  Gb  motor.o [1]
Motor1_MotionStatus     0x2000'7ccc     0x1  Data  Gb  bsp_MOTOR1.o [1]
Motor1_srd              0x2000'7cb4    0x18  Data  Gb  bsp_MOTOR1.o [1]
Motor2StepTable         0x2000'58d8   0x178  Data  Gb  motor.o [1]
Motor2TimeTable         0x2000'5760   0x178  Data  Gb  motor.o [1]
Motor3StepTable         0x2000'5bc8   0x178  Data  Gb  motor.o [1]
Motor3TimeTable         0x2000'5a50   0x178  Data  Gb  motor.o [1]
Motor3_MotionStatus     0x2000'7d94     0x1  Data  Gb  bsp_MOTOR3.o [1]
Motor3_srd              0x2000'7d7c    0x18  Data  Gb  bsp_MOTOR3.o [1]
Motor4StepTable         0x2000'5eb8   0x178  Data  Gb  motor.o [1]
Motor4TimeTable         0x2000'5d40   0x178  Data  Gb  motor.o [1]
Motor5StepTable         0x2000'61a8   0x178  Data  Gb  motor.o [1]
Motor5TimeTable         0x2000'6030   0x178  Data  Gb  motor.o [1]
Motor6StepTable         0x2000'6498   0x178  Data  Gb  motor.o [1]
Motor6TimeTable         0x2000'6320   0x178  Data  Gb  motor.o [1]
Motor_Reinitial          0x800'0551   0x104  Code  Gb  motor.o [1]
NMI_Handler              0x800'6871     0x2  Code  Gb  stm32f4xx_it.o [1]
ParLimit                 0x800'3a8d   0x2e8  Code  Gb  DoWith.o [1]
ParLst_Init              0x800'3a89     0x2  Code  Gb  DoWith.o [1]
PendSV_Handler           0x800'687f     0x2  Code  Gb  stm32f4xx_it.o [1]
Rcv1Buffer              0x2000'6ca8   0x100  Data  Gb  main.o [1]
Rcv1Counter             0x2000'72a8     0x2  Data  Gb  main.o [1]
Rcv2Buffer              0x2000'6da8   0x100  Data  Gb  main.o [1]
Rcv2Counter             0x2000'72aa     0x2  Data  Gb  main.o [1]
Rcv3Buffer              0x2000'6ea8   0x100  Data  Gb  main.o [1]
Rcv3Counter             0x2000'72ac     0x2  Data  Gb  main.o [1]
Rcv4Buffer              0x2000'6fa8   0x100  Data  Gb  main.o [1]
Rcv4Counter             0x2000'72ae     0x2  Data  Gb  main.o [1]
Rcv5Buffer              0x2000'70a8   0x100  Data  Gb  main.o [1]
Rcv5Counter             0x2000'72b0     0x2  Data  Gb  main.o [1]
Rcv6Buffer              0x2000'71a8   0x100  Data  Gb  main.o [1]
Rcv6Counter             0x2000'72b2     0x2  Data  Gb  main.o [1]
Region$$Table$$Base      0x800'6a74           --   Gb  - Linker created -
Region$$Table$$Limit     0x800'6a98           --   Gb  - Linker created -
Run_Motor_S              0x800'0d7d   0x186  Code  Gb  motor.o [1]
SPI1_ReadWriteByte       0x800'34a1     0xc  Code  Gb  spi.o [1]
SPI_CS_H                 0x800'4321     0x4  Code  Gb  wk2xxx.o [1]
SPI_CS_L                 0x800'4325     0x2  Code  Gb  wk2xxx.o [1]
SPI_EndRxTxTransaction   0x800'6219    0x50  Code  Lc  stm32f4xx_hal_spi.o [1]
SPI_WaitFlagStateUntilTimeout
                         0x800'6159    0xb4  Code  Lc  stm32f4xx_hal_spi.o [1]
SVC_Handler              0x800'687b     0x2  Code  Gb  stm32f4xx_it.o [1]
SoftClock               0x2000'85e4     0x8  Data  Gb  main.o [1]
Start_Motor_S            0x800'0985   0x10e  Code  Gb  motor.o [1]
SysTick_Handler          0x800'6881    0x2c  Code  Gb  stm32f4xx_it.o [1]
SystemClock_Config       0x800'25c5    0xa2  Code  Gb  main.o [1]
SystemCoreClock         0x2000'000c     0x4  Data  Gb  system_stm32f4xx.o [1]
SystemInit               0x800'69d1    0x14  Code  Gb  system_stm32f4xx.o [1]
TEST_Send_Pwm            0x800'2809    0x9e  Code  Gb  main.o [1]
TIM1_UP_TIM10_IRQHandler
                         0x800'68b3    0x12  Code  Gb  stm32f4xx_it.o [1]
TIM2_IRQHandler          0x800'68c5    0x10  Code  Gb  stm32f4xx_it.o [1]
TIM3_IRQHandler          0x800'68dd    0x12  Code  Gb  stm32f4xx_it.o [1]
TIM4_IRQHandler          0x800'68ef    0x12  Code  Gb  stm32f4xx_it.o [1]
TIM5_IRQHandler          0x800'692d    0x12  Code  Gb  stm32f4xx_it.o [1]
TIM6_DAC_IRQHandler      0x800'694b     0x6  Code  Gb  stm32f4xx_it.o [1]
TIM8_UP_TIM13_IRQHandler
                         0x800'691b    0x12  Code  Gb  stm32f4xx_it.o [1]
TIMX_UP_IRQHandler_S     0x800'6429   0x214  Code  Gb  motor_it.o [1]
TIM_Base_SetConfig       0x800'1e1b    0x96  Code  Gb  stm32f4xx_hal_tim.o [1]
TIM_CCxChannelCmd        0x800'20a3    0x16  Code  Gb  stm32f4xx_hal_tim.o [1]
TIM_ETR_SetConfig        0x800'208f    0x14  Code  Gb  stm32f4xx_hal_tim.o [1]
TIM_ITRx_SetConfig       0x800'207f    0x10  Code  Lc  stm32f4xx_hal_tim.o [1]
TIM_OC1_SetConfig        0x800'1eb1    0x58  Code  Lc  stm32f4xx_hal_tim.o [1]
TIM_OC2_SetConfig        0x800'1f09    0x60  Code  Gb  stm32f4xx_hal_tim.o [1]
TIM_OC3_SetConfig        0x800'1f69    0x5e  Code  Lc  stm32f4xx_hal_tim.o [1]
TIM_OC4_SetConfig        0x800'1fc7    0x46  Code  Lc  stm32f4xx_hal_tim.o [1]
TIM_TI1_ConfigInputStage
                         0x800'203d    0x1e  Code  Lc  stm32f4xx_hal_tim.o [1]
TIM_TI2_ConfigInputStage
                         0x800'205b    0x24  Code  Lc  stm32f4xx_hal_tim.o [1]
T_Driver1_delay         0x2000'85f4     0x4  Data  Gb  main.o [1]
T_Driver2_delay         0x2000'85fc     0x4  Data  Gb  main.o [1]
T_Driver3_delay         0x2000'8604     0x4  Data  Gb  main.o [1]
T_Driver4_delay         0x2000'860c     0x4  Data  Gb  main.o [1]
T_Driver5_delay         0x2000'8614     0x4  Data  Gb  main.o [1]
T_Driver6_delay         0x2000'861c     0x4  Data  Gb  main.o [1]
T_NoRcv1Count           0x2000'8630     0x2  Data  Gb  main.o [1]
T_NoRcv2Count           0x2000'863e     0x2  Data  Gb  main.o [1]
T_NoRcv3Count           0x2000'864c     0x2  Data  Gb  main.o [1]
T_NoRcv4Count           0x2000'865a     0x2  Data  Gb  main.o [1]
T_NoRcv5Count           0x2000'8668     0x2  Data  Gb  main.o [1]
T_NoRcv6Count           0x2000'8676     0x2  Data  Gb  main.o [1]
Tmp_Rxd1Buffer          0x2000'6ca0     0x1  Data  Gb  main.o [1]
Tmp_Rxd2Buffer          0x2000'6ca1     0x1  Data  Gb  main.o [1]
Tmp_Rxd3Buffer          0x2000'6ca2     0x1  Data  Gb  main.o [1]
Tmp_Rxd4Buffer          0x2000'6ca3     0x1  Data  Gb  main.o [1]
Tmp_Rxd5Buffer          0x2000'6ca4     0x1  Data  Gb  main.o [1]
Tmp_Rxd6Buffer          0x2000'6ca5     0x1  Data  Gb  main.o [1]
Txd1Buffer              0x2000'72b4   0x100  Data  Gb  main.o [1]
Txd1Counter             0x2000'8626     0x2  Data  Gb  main.o [1]
Txd1Max                 0x2000'862a     0x2  Data  Gb  main.o [1]
Txd2Buffer              0x2000'73b4   0x100  Data  Gb  main.o [1]
Txd2Counter             0x2000'8634     0x2  Data  Gb  main.o [1]
Txd2Max                 0x2000'8638     0x2  Data  Gb  main.o [1]
Txd3Buffer              0x2000'74b4   0x100  Data  Gb  main.o [1]
Txd3Counter             0x2000'8642     0x2  Data  Gb  main.o [1]
Txd3Max                 0x2000'8646     0x2  Data  Gb  main.o [1]
Txd4Buffer              0x2000'75b4   0x100  Data  Gb  main.o [1]
Txd4Counter             0x2000'8650     0x2  Data  Gb  main.o [1]
Txd4Max                 0x2000'8654     0x2  Data  Gb  main.o [1]
Txd5Buffer              0x2000'76b4   0x100  Data  Gb  main.o [1]
Txd5Counter             0x2000'865e     0x2  Data  Gb  main.o [1]
Txd5Max                 0x2000'8662     0x2  Data  Gb  main.o [1]
Txd6Buffer              0x2000'77b4   0x100  Data  Gb  main.o [1]
Txd6Counter             0x2000'866c     0x2  Data  Gb  main.o [1]
Txd6Max                 0x2000'8670     0x2  Data  Gb  main.o [1]
UART4_IRQHandler         0x800'693f     0x6  Code  Gb  stm32f4xx_it.o [1]
UART5_IRQHandler         0x800'6945     0x6  Code  Gb  stm32f4xx_it.o [1]
UART_DMAAbortOnError     0x800'4835     0xc  Code  Lc  stm32f4xx_hal_uart.o [1]
UART_EndRxTransfer       0x800'4805    0x30  Code  Lc  stm32f4xx_hal_uart.o [1]
UART_Receive_IT          0x800'4841    0x98  Code  Lc  stm32f4xx_hal_uart.o [1]
UART_SetConfig           0x800'48d9    0xae  Code  Lc  stm32f4xx_hal_uart.o [1]
UART_Start_Receive_IT    0x800'47cf    0x36  Code  Gb  stm32f4xx_hal_uart.o [1]
UART_TX                  0x800'27d3    0x36  Code  Gb  main.o [1]
UART_WaitOnFlagUntilTimeout
                         0x800'476b    0x56  Code  Lc  stm32f4xx_hal_uart.o [1]
USART1_IRQHandler        0x800'6909     0x6  Code  Gb  stm32f4xx_it.o [1]
USART2_IRQHandler        0x800'690f     0x6  Code  Gb  stm32f4xx_it.o [1]
USART3_IRQHandler        0x800'6915     0x6  Code  Gb  stm32f4xx_it.o [1]
USART6_IRQHandler        0x800'6951     0x6  Code  Gb  stm32f4xx_it.o [1]
UsageFault_Handler       0x800'6879     0x2  Code  Gb  stm32f4xx_it.o [1]
Variable_Init            0x800'3879   0x210  Code  Gb  DoWith.o [1]
Wk2xxxReadFifo           0x800'4369    0x28  Code  Gb  wk2xxx.o [1]
Wk2xxxReadReg            0x800'4335    0x26  Code  Gb  wk2xxx.o [1]
WkPort1_RcvBuffer       0x2000'78b4   0x100  Data  Gb  wk_port1.o [1]
WkPort2_RcvBuffer       0x2000'79b4   0x100  Data  Gb  wk_port1.o [1]
WkPort3_RcvBuffer       0x2000'7ab4   0x100  Data  Gb  wk_port1.o [1]
WkPort4_RcvBuffer       0x2000'7bb4   0x100  Data  Gb  wk_port1.o [1]
__NVIC_SetPriority       0x800'20c1    0x1a  Code  Lc  stm32f4xx_hal_cortex.o [1]
__aeabi_d2f              0x800'14e1          Code  Gb  DblToFlt.o [3]
__aeabi_d2iz             0x800'24f1          Code  Gb  DblToS32.o [3]
__aeabi_dadd             0x800'1001          Code  Gb  DblAdd.o [3]
__aeabi_ddiv             0x800'11b5          Code  Gb  DblDiv.o [3]
__aeabi_dmul             0x800'1549          Code  Gb  DblMul.o [3]
__aeabi_dsub             0x800'13fd          Code  Gb  DblSub.o [3]
__aeabi_f2d              0x800'0fb9          Code  Gb  FltToDbl.o [3]
__aeabi_ldiv0            0x800'63c5          Code  Gb  I64DivZer.o [4]
__aeabi_memclr           0x800'63bd          Code  Gb  ABImemclr.o [4]
__aeabi_memclr4          0x800'3e3d          Code  Gb  ABImemclr4.o [4]
__aeabi_ui2d             0x800'252d          Code  Gb  U32ToDbl.o [3]
__cmain                  0x800'6a99          Code  Gb  cmain.o [4]
__exit                   0x800'6acd    0x14  Code  Gb  exit.o [5]
__iar_Memset4_word       0x800'627d          Code  Gb  ABImemset48.o [4]
__iar_Memset8_word       0x800'627d          Code  Gb  ABImemset48.o [4]
__iar_Memset_word        0x800'63c9          Code  Gb  ABImemset.o [4]
__iar_copy_init3         0x800'69fd    0x2c  Code  Gb  copy_init3.o [4]
__iar_dadd               0x800'140d          Code  Gb  DblSub.o [3]
__iar_data_init3         0x800'6a29    0x28  Code  Gb  data_init.o [4]
__iar_dsub               0x800'1011          Code  Gb  DblAdd.o [3]
__iar_dsubStart          0x800'1023          Code  Gb  DblAdd.o [3]
__iar_init_vfp           0x800'6a51          Code  Gb  fpinit_M.o [3]
__iar_program_start      0x800'6b01          Code  Gb  cstartup_M.o [4]
__iar_small_uldivmod     0x800'62b1          Code  Gb  I64DivMod_small.o [4]
__iar_zero_init3         0x800'117b    0x3a  Code  Gb  zero_init3.o [4]
__low_level_init         0x800'6ab7     0x4  Code  Gb  low_level_init.o [2]
__vector_table           0x800'0000          Data  Gb  startup_stm32f407xx.o [1]
_call_main               0x800'6aa5          Code  Gb  cmain.o [4]
_exit                    0x800'6ac1          Code  Gb  cexit.o [4]
_main                    0x800'6ab3          Code  Gb  cmain.o [4]
arr_p1                  0x2000'85ec     0x4  Data  Gb  main.o [1]
arrp_p1_Last            0x2000'85f0     0x4  Data  Gb  main.o [1]
exit                     0x800'6abb     0x4  Code  Gb  exit.o [2]
hspi1                   0x2000'7f0c    0x58  Data  Gb  spi.o [1]
hspi2                   0x2000'7f64    0x58  Data  Gb  spi.o [1]
hspi3                   0x2000'7fbc    0x58  Data  Gb  spi.o [1]
htim1                   0x2000'820c    0x48  Data  Gb  tim.o [1]
htim1_MOTOR5            0x2000'7e60    0x48  Data  Gb  bsp_MOTOR5.o [1]
htim2                   0x2000'8254    0x48  Data  Gb  tim.o [1]
htim2_MOTOR1            0x2000'7cd0    0x48  Data  Gb  bsp_MOTOR1.o [1]
htim3                   0x2000'829c    0x48  Data  Gb  tim.o [1]
htim3_MOTOR4            0x2000'7dfc    0x48  Data  Gb  bsp_MOTOR4.o [1]
htim4                   0x2000'82e4    0x48  Data  Gb  tim.o [1]
htim4_MOTOR2            0x2000'7d34    0x48  Data  Gb  bsp_MOTOR2.o [1]
htim5                   0x2000'832c    0x48  Data  Gb  tim.o [1]
htim5_MOTOR6            0x2000'7ec4    0x48  Data  Gb  bsp_MOTOR6.o [1]
htim6                   0x2000'8374    0x48  Data  Gb  tim.o [1]
htim7                   0x2000'83bc    0x48  Data  Gb  tim.o [1]
htim8                   0x2000'8404    0x48  Data  Gb  tim.o [1]
htim8_MOTOR3            0x2000'7d98    0x48  Data  Gb  bsp_MOTOR3.o [1]
huart1                  0x2000'84d4    0x44  Data  Gb  usart.o [1]
huart2                  0x2000'8518    0x44  Data  Gb  usart.o [1]
huart3                  0x2000'855c    0x44  Data  Gb  usart.o [1]
huart4                  0x2000'844c    0x44  Data  Gb  usart.o [1]
huart5                  0x2000'8490    0x44  Data  Gb  usart.o [1]
huart6                  0x2000'85a0    0x44  Data  Gb  usart.o [1]
main                     0x800'2549    0x7c  Code  Gb  main.o [1]
motor1                  0x2000'8014    0x54  Data  Gb  MotorStart.o [1]
motor2                  0x2000'8068    0x54  Data  Gb  MotorStart.o [1]
motor3                  0x2000'80bc    0x54  Data  Gb  MotorStart.o [1]
motor4                  0x2000'8110    0x54  Data  Gb  MotorStart.o [1]
motor5                  0x2000'8164    0x54  Data  Gb  MotorStart.o [1]
motor6                  0x2000'81b8    0x54  Data  Gb  MotorStart.o [1]
uwTick                  0x2000'0004     0x4  Data  Gb  stm32f4xx_hal.o [1]
uwTickFreq              0x2000'0000     0x1  Data  Gb  stm32f4xx_hal.o [1]
uwTickPrio              0x2000'0008     0x4  Data  Gb  stm32f4xx_hal.o [1]
w_Com1RegAddr           0x2000'862e     0x2  Data  Gb  main.o [1]
w_Com2RegAddr           0x2000'863c     0x2  Data  Gb  main.o [1]
w_Com3RegAddr           0x2000'864a     0x2  Data  Gb  main.o [1]
w_Com4RegAddr           0x2000'8658     0x2  Data  Gb  main.o [1]
w_Com5RegAddr           0x2000'8666     0x2  Data  Gb  main.o [1]
w_Com6RegAddr           0x2000'8674     0x2  Data  Gb  main.o [1]
w_ModRealTimeNo         0x2000'8624     0x2  Data  Gb  main.o [1]
w_ParLst                0x2000'6610   0x690  Data  Gb  main.o [1]
w_ParLst_Drive          0x2000'0010  0x5460  Data  Gb  main.o [1]
w_Txd1ChkSum            0x2000'862c     0x2  Data  Gb  main.o [1]
w_Txd2ChkSum            0x2000'863a     0x2  Data  Gb  main.o [1]
w_Txd3ChkSum            0x2000'8648     0x2  Data  Gb  main.o [1]
w_Txd4ChkSum            0x2000'8656     0x2  Data  Gb  main.o [1]
w_Txd5ChkSum            0x2000'8664     0x2  Data  Gb  main.o [1]
w_Txd6ChkSum            0x2000'8672     0x2  Data  Gb  main.o [1]
wk_RxChars               0x800'4399    0x4c  Code  Gb  wk2xxx.o [1]


[1] = D:\YLS\robotcontrol - 05.16\Robot\EWARM\robotcontrol\Obj
[2] = dl7M_tlf.a
[3] = m7M_tls.a
[4] = rt7M_tl.a
[5] = shb_l.a

  27 106 bytes of readonly  code memory
     574 bytes of readonly  data memory
  35 503 bytes of readwrite data memory

Errors: none
Warnings: none
