###############################################################################
#
# IAR ELF Linker V8.32.1.169/W32 for ARM                  26/Apr/2021  14:09:17
# Copyright 2007-2018 IAR Systems AB.
#
#    Output file  =  
#        D:\YLS\robotcontrol - 04.20\EWARM\robotcontrol\Exe\robotcontrol.out
#    Map file     =  
#        D:\YLS\robotcontrol - 04.20\EWARM\robotcontrol\List\robotcontrol.map
#    Command line =  
#        -f C:\Users\Lenovo\AppData\Local\Temp\EWB816.tmp ("D:\YLS\robotcontrol
#        - 04.20\EWARM\robotcontrol\Obj\bsp_MOTOR1.o" "D:\YLS\robotcontrol -
#        04.20\EWARM\robotcontrol\Obj\bsp_MOTOR2.o" "D:\YLS\robotcontrol -
#        04.20\EWARM\robotcontrol\Obj\bsp_MOTOR3.o" "D:\YLS\robotcontrol -
#        04.20\EWARM\robotcontrol\Obj\bsp_MOTOR4.o" "D:\YLS\robotcontrol -
#        04.20\EWARM\robotcontrol\Obj\bsp_MOTOR5.o" "D:\YLS\robotcontrol -
#        04.20\EWARM\robotcontrol\Obj\bsp_MOTOR6.o" "D:\YLS\robotcontrol -
#        04.20\EWARM\robotcontrol\Obj\com1_232.o" "D:\YLS\robotcontrol -
#        04.20\EWARM\robotcontrol\Obj\com2_232.o" "D:\YLS\robotcontrol -
#        04.20\EWARM\robotcontrol\Obj\com3_232.o" "D:\YLS\robotcontrol -
#        04.20\EWARM\robotcontrol\Obj\com4_232.o" "D:\YLS\robotcontrol -
#        04.20\EWARM\robotcontrol\Obj\com5_232.o" "D:\YLS\robotcontrol -
#        04.20\EWARM\robotcontrol\Obj\com6_232.o" "D:\YLS\robotcontrol -
#        04.20\EWARM\robotcontrol\Obj\DoWith.o" "D:\YLS\robotcontrol -
#        04.20\EWARM\robotcontrol\Obj\ecm_opcmd.o" "D:\YLS\robotcontrol -
#        04.20\EWARM\robotcontrol\Obj\gpio.o" "D:\YLS\robotcontrol -
#        04.20\EWARM\robotcontrol\Obj\main.o" "D:\YLS\robotcontrol -
#        04.20\EWARM\robotcontrol\Obj\spi.o" "D:\YLS\robotcontrol -
#        04.20\EWARM\robotcontrol\Obj\startup_stm32f407xx.o"
#        "D:\YLS\robotcontrol - 04.20\EWARM\robotcontrol\Obj\stm32f4xx_hal.o"
#        "D:\YLS\robotcontrol -
#        04.20\EWARM\robotcontrol\Obj\stm32f4xx_hal_cortex.o"
#        "D:\YLS\robotcontrol -
#        04.20\EWARM\robotcontrol\Obj\stm32f4xx_hal_dma.o" "D:\YLS\robotcontrol
#        - 04.20\EWARM\robotcontrol\Obj\stm32f4xx_hal_dma_ex.o"
#        "D:\YLS\robotcontrol -
#        04.20\EWARM\robotcontrol\Obj\stm32f4xx_hal_exti.o"
#        "D:\YLS\robotcontrol -
#        04.20\EWARM\robotcontrol\Obj\stm32f4xx_hal_flash.o"
#        "D:\YLS\robotcontrol -
#        04.20\EWARM\robotcontrol\Obj\stm32f4xx_hal_flash_ex.o"
#        "D:\YLS\robotcontrol -
#        04.20\EWARM\robotcontrol\Obj\stm32f4xx_hal_flash_ramfunc.o"
#        "D:\YLS\robotcontrol -
#        04.20\EWARM\robotcontrol\Obj\stm32f4xx_hal_gpio.o"
#        "D:\YLS\robotcontrol -
#        04.20\EWARM\robotcontrol\Obj\stm32f4xx_hal_msp.o" "D:\YLS\robotcontrol
#        - 04.20\EWARM\robotcontrol\Obj\stm32f4xx_hal_pwr.o"
#        "D:\YLS\robotcontrol -
#        04.20\EWARM\robotcontrol\Obj\stm32f4xx_hal_pwr_ex.o"
#        "D:\YLS\robotcontrol -
#        04.20\EWARM\robotcontrol\Obj\stm32f4xx_hal_rcc.o" "D:\YLS\robotcontrol
#        - 04.20\EWARM\robotcontrol\Obj\stm32f4xx_hal_rcc_ex.o"
#        "D:\YLS\robotcontrol -
#        04.20\EWARM\robotcontrol\Obj\stm32f4xx_hal_spi.o" "D:\YLS\robotcontrol
#        - 04.20\EWARM\robotcontrol\Obj\stm32f4xx_hal_tim.o"
#        "D:\YLS\robotcontrol -
#        04.20\EWARM\robotcontrol\Obj\stm32f4xx_hal_tim_ex.o"
#        "D:\YLS\robotcontrol -
#        04.20\EWARM\robotcontrol\Obj\stm32f4xx_hal_uart.o"
#        "D:\YLS\robotcontrol - 04.20\EWARM\robotcontrol\Obj\stm32f4xx_it.o"
#        "D:\YLS\robotcontrol -
#        04.20\EWARM\robotcontrol\Obj\system_stm32f4xx.o" "D:\YLS\robotcontrol
#        - 04.20\EWARM\robotcontrol\Obj\tim.o" "D:\YLS\robotcontrol -
#        04.20\EWARM\robotcontrol\Obj\usart.o" "D:\YLS\robotcontrol -
#        04.20\EWARM\robotcontrol\Obj\w25qxx.o" "D:\YLS\robotcontrol -
#        04.20\EWARM\robotcontrol\Obj\wk2xxx.o" "D:\YLS\robotcontrol -
#        04.20\EWARM\robotcontrol\Obj\wk_port1.o" --redirect
#        _Printf=_PrintfFull --redirect _Scanf=_ScanfFull --no_out_extension -o
#        "D:\YLS\robotcontrol - 04.20\EWARM\robotcontrol\Exe\robotcontrol.out"
#        --map "D:\YLS\robotcontrol -
#        04.20\EWARM\robotcontrol\List\robotcontrol.map" --config
#        "D:\YLS\robotcontrol - 04.20\EWARM/stm32f407xx_flash.icf"
#        --semihosting --entry __iar_program_start --vfe --text_out locale)
#
###############################################################################

*******************************************************************************
*** RUNTIME MODEL ATTRIBUTES
***

CppFlavor       = *
__SystemLibrary = DLib
__dlib_version  = 6


*******************************************************************************
*** HEAP SELECTION
***

The basic heap was selected because no calls to memory allocation
functions were found in the application outside of system library
functions, and there are calls to deallocation functions in the
application.


*******************************************************************************
*** PLACEMENT SUMMARY
***

"A0":  place at 0x800'0000 { ro section .intvec };
"P1":  place in [from 0x800'0000 to 0x80f'ffff] { ro };
define block CSTACK with size = 1K, alignment = 8 { };
define block HEAP with size = 512, alignment = 8 { };
"P2":  place in [from 0x2000'0000 to 0x2001'ffff] {
          rw, block CSTACK, block HEAP };
initialize by copy { rw };

  Section            Kind         Address    Size  Object
  -------            ----         -------    ----  ------
"A0":                                       0x188
  .intvec            ro code   0x800'0000   0x188  startup_stm32f407xx.o [1]
                             - 0x800'0188   0x188

"P1":                                      0x84bc
  .text              ro code   0x800'0188   0x8cc  stm32f4xx_hal_uart.o [1]
  .text              ro code   0x800'0a54   0x4c4  usart.o [1]
  .text              ro code   0x800'0f18     0xc  stm32f4xx_hal.o [1]
  .text              ro code   0x800'0f24    0xc2  stm32f4xx_hal_dma.o [1]
  .text              ro code   0x800'0fe6     0x2  stm32f4xx_hal_uart.o [1]
  .text              ro code   0x800'0fe8     0x2  stm32f4xx_hal_uart.o [1]
  .text              ro code   0x800'0fea    0x3a  zero_init3.o [4]
  .text              ro code   0x800'1024   0x464  main.o [1]
  .text              ro code   0x800'1488   0x208  stm32f4xx_hal_rcc.o [1]
  .text              ro code   0x800'1690   0x230  I64DivMod.o [4]
  .text              ro code   0x800'18c0     0x6  ABImemclr4.o [4]
  .text              ro code   0x800'18c8   0x258  stm32f4xx_hal_gpio.o [1]
  .text              ro code   0x800'1b20   0x12c  stm32f4xx_hal_cortex.o [1]
  .text              ro code   0x800'1c4c    0x34  stm32f4xx_hal.o [1]
  .text              ro code   0x800'1c80    0x28  stm32f4xx_hal.o [1]
  .text              ro code   0x800'1ca8   0x328  gpio.o [1]
  .text              ro code   0x800'1fd0   0x230  spi.o [1]
  .text              ro code   0x800'2200   0x870  tim.o [1]
  .text              ro code   0x800'2a70   0x508  bsp_MOTOR1.o [1]
  .text              ro code   0x800'2f78   0x4f8  bsp_MOTOR2.o [1]
  .text              ro code   0x800'3470   0x4ec  bsp_MOTOR3.o [1]
  .text              ro code   0x800'395c   0x4f8  bsp_MOTOR4.o [1]
  .text              ro code   0x800'3e54   0x500  bsp_MOTOR5.o [1]
  .text              ro code   0x800'4354   0x4f8  bsp_MOTOR6.o [1]
  .text              ro code   0x800'484c   0x688  DoWith.o [1]
  .text              ro code   0x800'4ed4   0x3c4  stm32f4xx_hal_rcc.o [1]
  .text              ro code   0x800'5298   0x104  wk2xxx.o [1]
  .text              ro code   0x800'539c   0x4e4  com1_232.o [1]
  .text              ro code   0x800'5880   0x490  com2_232.o [1]
  .text              ro code   0x800'5d10   0x490  com3_232.o [1]
  .text              ro code   0x800'61a0   0x490  com4_232.o [1]
  .text              ro code   0x800'6630   0x490  com5_232.o [1]
  .text              ro code   0x800'6ac0   0x490  com6_232.o [1]
  .text              ro code   0x800'6f50    0x4c  stm32f4xx_hal.o [1]
  .text              ro code   0x800'6f9c     0x2  I64DivZer.o [4]
  .text              ro code   0x800'6fa0    0x32  ABImemset48.o [4]
  .text              ro code   0x800'6fd4    0x44  stm32f4xx_hal_msp.o [1]
  .text              ro code   0x800'7018   0x420  stm32f4xx_hal_spi.o [1]
  .text              ro code   0x800'7438   0x5c6  stm32f4xx_hal_tim.o [1]
  .text              ro code   0x800'7a00   0x102  stm32f4xx_hal_tim_ex.o [1]
  .text              ro code   0x800'7b04    0x1a  U32ToDbl.o [3]
  .text              ro code   0x800'7b20   0x1a2  DblMul.o [3]
  .text              ro code   0x800'7cc4   0x246  DblDiv.o [3]
  .text              ro code   0x800'7f0c    0x68  DblToFlt.o [3]
  .text              ro code   0x800'7f74    0x48  FltToDbl.o [3]
  .text              ro code   0x800'7fbc   0x102  sqrt.o [3]
  .text              ro code   0x800'80c0    0x3a  DblToS32.o [3]
  .text              ro code   0x800'80fa     0x2  stm32f4xx_hal_tim.o [1]
  .rodata            const     0x800'80fc   0x100  com1_232.o [1]
  .rodata            const     0x800'81fc   0x100  com1_232.o [1]
  .text              ro code   0x800'82fc    0xa4  stm32f4xx_it.o [1]
  .text              ro code   0x800'83a0    0x18  stm32f4xx_hal.o [1]
  .text              ro code   0x800'83b8    0x2c  copy_init3.o [4]
  .text              ro code   0x800'83e4    0x28  data_init.o [4]
  .text              ro code   0x800'840c    0x22  fpinit_M.o [3]
  .iar.init_table    const     0x800'8430    0x24  - Linker created -
  .text              ro code   0x800'8454    0x1e  cmain.o [4]
  .text              ro code   0x800'8472     0x4  low_level_init.o [2]
  .text              ro code   0x800'8476     0x4  exit.o [2]
  .text              ro code   0x800'847c     0xa  cexit.o [4]
  .text              ro code   0x800'8488    0x14  exit.o [5]
  .text              ro code   0x800'849c    0x1c  system_stm32f4xx.o [1]
  .rodata            const     0x800'84b8    0x10  system_stm32f4xx.o [1]
  .text              ro code   0x800'84c8    0x10  startup_stm32f407xx.o [1]
  Initializer bytes  const     0x800'84d8    0x10  <for P2-1>
  .text              ro code   0x800'84e8     0xc  cstartup_M.o [4]
  .rodata            const     0x800'84f4     0x8  system_stm32f4xx.o [1]
  .rodata            const     0x800'84fc     0x8  tim.o [1]
  .rodata            const     0x800'8504     0x8  tim.o [1]
  .rodata            const     0x800'850c     0x8  tim.o [1]
  .rodata            const     0x800'8514     0x8  tim.o [1]
  .rodata            const     0x800'851c     0x8  tim.o [1]
  .rodata            const     0x800'8524     0x8  tim.o [1]
  .rodata            const     0x800'852c     0x8  tim.o [1]
  .text              ro code   0x800'8534     0x4  startup_stm32f407xx.o [1]
  .text              ro code   0x800'8538     0x4  startup_stm32f407xx.o [1]
  .text              ro code   0x800'853c     0x4  startup_stm32f407xx.o [1]
  .text              ro code   0x800'8540     0x4  startup_stm32f407xx.o [1]
  .text              ro code   0x800'8544     0x4  startup_stm32f407xx.o [1]
  .text              ro code   0x800'8548     0x4  startup_stm32f407xx.o [1]
  .text              ro code   0x800'854c     0x4  startup_stm32f407xx.o [1]
  .text              ro code   0x800'8550     0x4  startup_stm32f407xx.o [1]
  .text              ro code   0x800'8554     0x4  startup_stm32f407xx.o [1]
  .text              ro code   0x800'8558     0x4  startup_stm32f407xx.o [1]
  .text              ro code   0x800'855c     0x4  startup_stm32f407xx.o [1]
  .text              ro code   0x800'8560     0x4  startup_stm32f407xx.o [1]
  .text              ro code   0x800'8564     0x4  startup_stm32f407xx.o [1]
  .text              ro code   0x800'8568     0x4  startup_stm32f407xx.o [1]
  .text              ro code   0x800'856c     0x4  startup_stm32f407xx.o [1]
  .text              ro code   0x800'8570     0x4  startup_stm32f407xx.o [1]
  .text              ro code   0x800'8574     0x4  startup_stm32f407xx.o [1]
  .text              ro code   0x800'8578     0x4  startup_stm32f407xx.o [1]
  .text              ro code   0x800'857c     0x4  startup_stm32f407xx.o [1]
  .text              ro code   0x800'8580     0x4  startup_stm32f407xx.o [1]
  .text              ro code   0x800'8584     0x4  startup_stm32f407xx.o [1]
  .text              ro code   0x800'8588     0x4  startup_stm32f407xx.o [1]
  .text              ro code   0x800'858c     0x4  startup_stm32f407xx.o [1]
  .text              ro code   0x800'8590     0x4  startup_stm32f407xx.o [1]
  .text              ro code   0x800'8594     0x4  startup_stm32f407xx.o [1]
  .text              ro code   0x800'8598     0x4  startup_stm32f407xx.o [1]
  .text              ro code   0x800'859c     0x4  startup_stm32f407xx.o [1]
  .text              ro code   0x800'85a0     0x4  startup_stm32f407xx.o [1]
  .text              ro code   0x800'85a4     0x4  startup_stm32f407xx.o [1]
  .text              ro code   0x800'85a8     0x4  startup_stm32f407xx.o [1]
  .text              ro code   0x800'85ac     0x4  startup_stm32f407xx.o [1]
  .text              ro code   0x800'85b0     0x4  startup_stm32f407xx.o [1]
  .text              ro code   0x800'85b4     0x4  startup_stm32f407xx.o [1]
  .text              ro code   0x800'85b8     0x4  startup_stm32f407xx.o [1]
  .text              ro code   0x800'85bc     0x4  startup_stm32f407xx.o [1]
  .text              ro code   0x800'85c0     0x4  startup_stm32f407xx.o [1]
  .text              ro code   0x800'85c4     0x4  startup_stm32f407xx.o [1]
  .text              ro code   0x800'85c8     0x4  startup_stm32f407xx.o [1]
  .text              ro code   0x800'85cc     0x4  startup_stm32f407xx.o [1]
  .text              ro code   0x800'85d0     0x4  startup_stm32f407xx.o [1]
  .text              ro code   0x800'85d4     0x4  startup_stm32f407xx.o [1]
  .text              ro code   0x800'85d8     0x4  startup_stm32f407xx.o [1]
  .text              ro code   0x800'85dc     0x4  startup_stm32f407xx.o [1]
  .text              ro code   0x800'85e0     0x4  startup_stm32f407xx.o [1]
  .text              ro code   0x800'85e4     0x4  startup_stm32f407xx.o [1]
  .text              ro code   0x800'85e8     0x4  startup_stm32f407xx.o [1]
  .text              ro code   0x800'85ec     0x4  startup_stm32f407xx.o [1]
  .text              ro code   0x800'85f0     0x4  startup_stm32f407xx.o [1]
  .text              ro code   0x800'85f4     0x4  startup_stm32f407xx.o [1]
  .text              ro code   0x800'85f8     0x4  startup_stm32f407xx.o [1]
  .text              ro code   0x800'85fc     0x4  startup_stm32f407xx.o [1]
  .text              ro code   0x800'8600     0x4  startup_stm32f407xx.o [1]
  .text              ro code   0x800'8604     0x4  startup_stm32f407xx.o [1]
  .text              ro code   0x800'8608     0x4  startup_stm32f407xx.o [1]
  .text              ro code   0x800'860c     0x4  startup_stm32f407xx.o [1]
  .text              ro code   0x800'8610     0x4  startup_stm32f407xx.o [1]
  .text              ro code   0x800'8614     0x4  startup_stm32f407xx.o [1]
  .text              ro code   0x800'8618     0x4  startup_stm32f407xx.o [1]
  .text              ro code   0x800'861c     0x4  startup_stm32f407xx.o [1]
  .text              ro code   0x800'8620     0x4  startup_stm32f407xx.o [1]
  .text              ro code   0x800'8624     0x4  startup_stm32f407xx.o [1]
  .text              ro code   0x800'8628     0x4  startup_stm32f407xx.o [1]
  .text              ro code   0x800'862c     0x4  startup_stm32f407xx.o [1]
  .text              ro code   0x800'8630     0x4  startup_stm32f407xx.o [1]
  .text              ro code   0x800'8634     0x4  startup_stm32f407xx.o [1]
  .text              ro code   0x800'8638     0x4  startup_stm32f407xx.o [1]
  .text              ro code   0x800'863c     0x4  startup_stm32f407xx.o [1]
  .text              ro code   0x800'8640     0x4  startup_stm32f407xx.o [1]
  .rodata            const     0x800'8644     0x0  zero_init3.o [4]
  .rodata            const     0x800'8644     0x0  copy_init3.o [4]
                             - 0x800'8644  0x84bc

"P2", part 1 of 3:                           0x10
  P2-1                        0x2000'0000     0xf  <Init block>
    .data            inited   0x2000'0000     0x4  stm32f4xx_hal.o [1]
    .data            inited   0x2000'0004     0x4  system_stm32f4xx.o [1]
    .data            inited   0x2000'0008     0x1  bsp_MOTOR1.o [1]
    .data            inited   0x2000'0009     0x1  bsp_MOTOR2.o [1]
    .data            inited   0x2000'000a     0x1  bsp_MOTOR3.o [1]
    .data            inited   0x2000'000b     0x1  bsp_MOTOR4.o [1]
    .data            inited   0x2000'000c     0x1  bsp_MOTOR5.o [1]
    .data            inited   0x2000'000d     0x1  bsp_MOTOR6.o [1]
    .data            inited   0x2000'000e     0x1  stm32f4xx_hal.o [1]
                            - 0x2000'000f     0xf

"P2", part 2 of 3:                         0xff98
  .bss               zero     0x2000'0010  0x5460  main.o [1]
  .bss               zero     0x2000'5470  0x1770  main.o [1]
  .bss               zero     0x2000'6be0  0x1770  main.o [1]
  .bss               zero     0x2000'8350  0x1770  main.o [1]
  .bss               zero     0x2000'9ac0  0x1770  main.o [1]
  .bss               zero     0x2000'b230  0x1770  main.o [1]
  .bss               zero     0x2000'c9a0  0x1770  main.o [1]
  .bss               zero     0x2000'e110   0x690  main.o [1]
  .bss               zero     0x2000'e7a0   0x100  main.o [1]
  .bss               zero     0x2000'e8a0   0x100  main.o [1]
  .bss               zero     0x2000'e9a0   0x100  main.o [1]
  .bss               zero     0x2000'eaa0   0x100  main.o [1]
  .bss               zero     0x2000'eba0   0x100  main.o [1]
  .bss               zero     0x2000'eca0   0x100  main.o [1]
  .bss               zero     0x2000'eda0   0x100  main.o [1]
  .bss               zero     0x2000'eea0   0x100  main.o [1]
  .bss               zero     0x2000'efa0   0x100  main.o [1]
  .bss               zero     0x2000'f0a0   0x100  main.o [1]
  .bss               zero     0x2000'f1a0   0x100  main.o [1]
  .bss               zero     0x2000'f2a0   0x100  main.o [1]
  .bss               zero     0x2000'f3a0   0x100  wk_port1.o [1]
  .bss               zero     0x2000'f4a0   0x100  wk_port1.o [1]
  .bss               zero     0x2000'f5a0   0x100  wk_port1.o [1]
  .bss               zero     0x2000'f6a0   0x100  wk_port1.o [1]
  .bss               zero     0x2000'f7a0    0x58  spi.o [1]
  .bss               zero     0x2000'f7f8    0x58  spi.o [1]
  .bss               zero     0x2000'f850    0x58  spi.o [1]
  .bss               zero     0x2000'f8a8    0x48  bsp_MOTOR1.o [1]
  .bss               zero     0x2000'f8f0    0x48  bsp_MOTOR2.o [1]
  .bss               zero     0x2000'f938    0x48  bsp_MOTOR3.o [1]
  .bss               zero     0x2000'f980    0x48  bsp_MOTOR4.o [1]
  .bss               zero     0x2000'f9c8    0x48  bsp_MOTOR5.o [1]
  .bss               zero     0x2000'fa10    0x48  bsp_MOTOR6.o [1]
  .bss               zero     0x2000'fa58    0x48  tim.o [1]
  .bss               zero     0x2000'faa0    0x48  tim.o [1]
  .bss               zero     0x2000'fae8    0x48  tim.o [1]
  .bss               zero     0x2000'fb30    0x48  tim.o [1]
  .bss               zero     0x2000'fb78    0x48  tim.o [1]
  .bss               zero     0x2000'fbc0    0x48  tim.o [1]
  .bss               zero     0x2000'fc08    0x48  tim.o [1]
  .bss               zero     0x2000'fc50    0x44  usart.o [1]
  .bss               zero     0x2000'fc94    0x44  usart.o [1]
  .bss               zero     0x2000'fcd8    0x44  usart.o [1]
  .bss               zero     0x2000'fd1c    0x44  usart.o [1]
  .bss               zero     0x2000'fd60    0x44  usart.o [1]
  .bss               zero     0x2000'fda4    0x44  usart.o [1]
  .bss               zero     0x2000'fde8    0x18  bsp_MOTOR1.o [1]
  .bss               zero     0x2000'fe00    0x18  bsp_MOTOR2.o [1]
  .bss               zero     0x2000'fe18    0x18  bsp_MOTOR3.o [1]
  .bss               zero     0x2000'fe30    0x18  bsp_MOTOR4.o [1]
  .bss               zero     0x2000'fe48    0x18  bsp_MOTOR5.o [1]
  .bss               zero     0x2000'fe60    0x18  bsp_MOTOR6.o [1]
  .bss               zero     0x2000'fe78     0x8  main.o [1]
  .bss               zero     0x2000'fe80     0x4  bsp_MOTOR1.o [1]
  .bss               zero     0x2000'fe84     0x4  bsp_MOTOR1.o [1]
  .bss               zero     0x2000'fe88     0x4  bsp_MOTOR2.o [1]
  .bss               zero     0x2000'fe8c     0x4  bsp_MOTOR2.o [1]
  .bss               zero     0x2000'fe90     0x4  bsp_MOTOR3.o [1]
  .bss               zero     0x2000'fe94     0x4  bsp_MOTOR3.o [1]
  .bss               zero     0x2000'fe98     0x4  bsp_MOTOR4.o [1]
  .bss               zero     0x2000'fe9c     0x4  bsp_MOTOR4.o [1]
  .bss               zero     0x2000'fea0     0x4  bsp_MOTOR5.o [1]
  .bss               zero     0x2000'fea4     0x4  bsp_MOTOR5.o [1]
  .bss               zero     0x2000'fea8     0x4  bsp_MOTOR6.o [1]
  .bss               zero     0x2000'feac     0x4  bsp_MOTOR6.o [1]
  .bss               zero     0x2000'feb0     0x4  main.o [1]
  .bss               zero     0x2000'feb4     0x4  main.o [1]
  .bss               zero     0x2000'feb8     0x4  main.o [1]
  .bss               zero     0x2000'febc     0x4  main.o [1]
  .bss               zero     0x2000'fec0     0x4  main.o [1]
  .bss               zero     0x2000'fec4     0x4  main.o [1]
  .bss               zero     0x2000'fec8     0x4  main.o [1]
  .bss               zero     0x2000'fecc     0x4  main.o [1]
  .bss               zero     0x2000'fed0     0x4  main.o [1]
  .bss               zero     0x2000'fed4     0x4  main.o [1]
  .bss               zero     0x2000'fed8     0x4  main.o [1]
  .bss               zero     0x2000'fedc     0x4  main.o [1]
  .bss               zero     0x2000'fee0     0x4  main.o [1]
  .bss               zero     0x2000'fee4     0x4  main.o [1]
  .bss               zero     0x2000'fee8     0x4  main.o [1]
  .bss               zero     0x2000'feec     0x4  main.o [1]
  .bss               zero     0x2000'fef0     0x4  main.o [1]
  .bss               zero     0x2000'fef4     0x4  main.o [1]
  .bss               zero     0x2000'fef8     0x4  main.o [1]
  .bss               zero     0x2000'fefc     0x4  main.o [1]
  .bss               zero     0x2000'ff00     0x4  stm32f4xx_hal.o [1]
  .bss               zero     0x2000'ff04     0x2  main.o [1]
  .bss               zero     0x2000'ff06     0x2  main.o [1]
  .bss               zero     0x2000'ff08     0x2  main.o [1]
  .bss               zero     0x2000'ff0a     0x2  main.o [1]
  .bss               zero     0x2000'ff0c     0x2  main.o [1]
  .bss               zero     0x2000'ff0e     0x2  main.o [1]
  .bss               zero     0x2000'ff10     0x2  main.o [1]
  .bss               zero     0x2000'ff12     0x2  main.o [1]
  .bss               zero     0x2000'ff14     0x2  main.o [1]
  .bss               zero     0x2000'ff16     0x2  main.o [1]
  .bss               zero     0x2000'ff18     0x2  main.o [1]
  .bss               zero     0x2000'ff1a     0x2  main.o [1]
  .bss               zero     0x2000'ff1c     0x2  main.o [1]
  .bss               zero     0x2000'ff1e     0x2  main.o [1]
  .bss               zero     0x2000'ff20     0x2  main.o [1]
  .bss               zero     0x2000'ff22     0x2  main.o [1]
  .bss               zero     0x2000'ff24     0x2  main.o [1]
  .bss               zero     0x2000'ff26     0x2  main.o [1]
  .bss               zero     0x2000'ff28     0x2  main.o [1]
  .bss               zero     0x2000'ff2a     0x2  main.o [1]
  .bss               zero     0x2000'ff2c     0x2  main.o [1]
  .bss               zero     0x2000'ff2e     0x2  main.o [1]
  .bss               zero     0x2000'ff30     0x2  main.o [1]
  .bss               zero     0x2000'ff32     0x2  main.o [1]
  .bss               zero     0x2000'ff34     0x2  main.o [1]
  .bss               zero     0x2000'ff36     0x2  main.o [1]
  .bss               zero     0x2000'ff38     0x2  main.o [1]
  .bss               zero     0x2000'ff3a     0x2  main.o [1]
  .bss               zero     0x2000'ff3c     0x2  main.o [1]
  .bss               zero     0x2000'ff3e     0x2  main.o [1]
  .bss               zero     0x2000'ff40     0x2  main.o [1]
  .bss               zero     0x2000'ff42     0x2  main.o [1]
  .bss               zero     0x2000'ff44     0x2  main.o [1]
  .bss               zero     0x2000'ff46     0x2  main.o [1]
  .bss               zero     0x2000'ff48     0x2  main.o [1]
  .bss               zero     0x2000'ff4a     0x2  main.o [1]
  .bss               zero     0x2000'ff4c     0x2  main.o [1]
  .bss               zero     0x2000'ff4e     0x2  main.o [1]
  .bss               zero     0x2000'ff50     0x2  main.o [1]
  .bss               zero     0x2000'ff52     0x2  main.o [1]
  .bss               zero     0x2000'ff54     0x2  main.o [1]
  .bss               zero     0x2000'ff56     0x2  main.o [1]
  .bss               zero     0x2000'ff58     0x2  main.o [1]
  .bss               zero     0x2000'ff5a     0x2  main.o [1]
  .bss               zero     0x2000'ff5c     0x2  main.o [1]
  .bss               zero     0x2000'ff5e     0x2  main.o [1]
  .bss               zero     0x2000'ff60     0x2  main.o [1]
  .bss               zero     0x2000'ff62     0x2  main.o [1]
  .bss               zero     0x2000'ff64     0x2  main.o [1]
  .bss               zero     0x2000'ff66     0x1  bsp_MOTOR1.o [1]
  .bss               zero     0x2000'ff67     0x1  bsp_MOTOR2.o [1]
  .bss               zero     0x2000'ff68     0x1  bsp_MOTOR3.o [1]
  .bss               zero     0x2000'ff69     0x1  bsp_MOTOR4.o [1]
  .bss               zero     0x2000'ff6a     0x1  bsp_MOTOR5.o [1]
  .bss               zero     0x2000'ff6b     0x1  bsp_MOTOR6.o [1]
  .bss               zero     0x2000'ff6c     0x1  main.o [1]
  .bss               zero     0x2000'ff6d     0x1  main.o [1]
  .bss               zero     0x2000'ff6e     0x1  main.o [1]
  .bss               zero     0x2000'ff6f     0x1  main.o [1]
  .bss               zero     0x2000'ff70     0x1  main.o [1]
  .bss               zero     0x2000'ff71     0x1  main.o [1]
  .bss               zero     0x2000'ff72     0x1  main.o [1]
  .bss               zero     0x2000'ff73     0x1  main.o [1]
  .bss               zero     0x2000'ff74     0x1  main.o [1]
  .bss               zero     0x2000'ff75     0x1  main.o [1]
  .bss               zero     0x2000'ff76     0x1  main.o [1]
  .bss               zero     0x2000'ff77     0x1  main.o [1]
  .bss               zero     0x2000'ff78     0x1  main.o [1]
  .bss               zero     0x2000'ff79     0x1  main.o [1]
  .bss               zero     0x2000'ff7a     0x1  main.o [1]
  .bss               zero     0x2000'ff7b     0x1  main.o [1]
  .bss               zero     0x2000'ff7c     0x1  main.o [1]
  .bss               zero     0x2000'ff7d     0x1  main.o [1]
  .bss               zero     0x2000'ff7e     0x1  main.o [1]
  .bss               zero     0x2000'ff7f     0x1  main.o [1]
  .bss               zero     0x2000'ff80     0x1  main.o [1]
  .bss               zero     0x2000'ff81     0x1  main.o [1]
  .bss               zero     0x2000'ff82     0x1  main.o [1]
  .bss               zero     0x2000'ff83     0x1  main.o [1]
  .bss               zero     0x2000'ff84     0x1  main.o [1]
  .bss               zero     0x2000'ff85     0x1  main.o [1]
  .bss               zero     0x2000'ff86     0x1  main.o [1]
  .bss               zero     0x2000'ff87     0x1  main.o [1]
  .bss               zero     0x2000'ff88     0x1  main.o [1]
  .bss               zero     0x2000'ff89     0x1  main.o [1]
  .bss               zero     0x2000'ff8a     0x1  main.o [1]
  .bss               zero     0x2000'ff8b     0x1  main.o [1]
  .bss               zero     0x2000'ff8c     0x1  main.o [1]
  .bss               zero     0x2000'ff8d     0x1  main.o [1]
  .bss               zero     0x2000'ff8e     0x1  main.o [1]
  .bss               zero     0x2000'ff8f     0x1  main.o [1]
  .bss               zero     0x2000'ff90     0x1  main.o [1]
  .bss               zero     0x2000'ff91     0x1  main.o [1]
  .bss               zero     0x2000'ff92     0x1  main.o [1]
  .bss               zero     0x2000'ff93     0x1  main.o [1]
  .bss               zero     0x2000'ff94     0x1  main.o [1]
  .bss               zero     0x2000'ff95     0x1  main.o [1]
  .bss               zero     0x2000'ff96     0x1  main.o [1]
  .bss               zero     0x2000'ff97     0x1  main.o [1]
  .bss               zero     0x2000'ff98     0x1  main.o [1]
  .bss               zero     0x2000'ff99     0x1  main.o [1]
  .bss               zero     0x2000'ff9a     0x1  main.o [1]
  .bss               zero     0x2000'ff9b     0x1  main.o [1]
  .bss               zero     0x2000'ff9c     0x1  main.o [1]
  .bss               zero     0x2000'ff9d     0x1  main.o [1]
  .bss               zero     0x2000'ff9e     0x1  main.o [1]
  .bss               zero     0x2000'ff9f     0x1  main.o [1]
  .bss               zero     0x2000'ffa0     0x1  main.o [1]
  .bss               zero     0x2000'ffa1     0x1  main.o [1]
  .bss               zero     0x2000'ffa2     0x1  main.o [1]
  .bss               zero     0x2000'ffa3     0x1  main.o [1]
  .bss               zero     0x2000'ffa4     0x1  main.o [1]
  .bss               zero     0x2000'ffa5     0x1  main.o [1]
  .bss               zero     0x2000'ffa6     0x1  main.o [1]
  .bss               zero     0x2000'ffa7     0x1  main.o [1]
                            - 0x2000'ffa8  0xff98

"P2", part 3 of 3:                          0x400
  CSTACK                      0x2000'ffa8   0x400  <Block>
    CSTACK           uninit   0x2000'ffa8   0x400  <Block tail>
                            - 0x2001'03a8   0x400

Unused ranges:

         From           To      Size
         ----           --      ----
   0x800'8644   0x80f'ffff  0xf'79bc
  0x2001'03a8  0x2001'ffff    0xfc58


*******************************************************************************
*** INIT TABLE
***

          Address      Size
          -------      ----
Zero (__iar_zero_init3)
    1 destination range, total size 0xff98:
          0x2000'0010  0xff98

Copy (__iar_copy_init3)
    1 source range, total size 0x10 (106% of destination):
           0x800'84d8    0x10
    1 destination range, total size 0xf:
          0x2000'0000     0xf



*******************************************************************************
*** MODULE SUMMARY
***

    Module                  ro code  ro data  rw data
    ------                  -------  -------  -------
command line/config:
    -------------------------------------------------
    Total:

D:\YLS\robotcontrol - 04.20\EWARM\robotcontrol\Obj: [1]
    DoWith.o                  1 672
    bsp_MOTOR1.o              1 288        1      106
    bsp_MOTOR2.o              1 272        1      106
    bsp_MOTOR3.o              1 260        1      106
    bsp_MOTOR4.o              1 272        1      106
    bsp_MOTOR5.o              1 280        1      106
    bsp_MOTOR6.o              1 272        1      106
    com1_232.o                1 252      512
    com2_232.o                1 168
    com3_232.o                1 168
    com4_232.o                1 168
    com5_232.o                1 168
    com6_232.o                1 168
    gpio.o                      808
    main.o                    1 124            62 598
    spi.o                       560               264
    startup_stm32f407xx.o       680
    stm32f4xx_hal.o             204        5        9
    stm32f4xx_hal_cortex.o      300
    stm32f4xx_hal_dma.o         194
    stm32f4xx_hal_gpio.o        600
    stm32f4xx_hal_msp.o          68
    stm32f4xx_hal_rcc.o       1 484
    stm32f4xx_hal_spi.o       1 056
    stm32f4xx_hal_tim.o       1 480
    stm32f4xx_hal_tim_ex.o      258
    stm32f4xx_hal_uart.o      2 256
    stm32f4xx_it.o              164
    system_stm32f4xx.o           28       28        4
    tim.o                     2 160       56      504
    usart.o                   1 220               408
    wk2xxx.o                    260
    wk_port1.o                                  1 024
    -------------------------------------------------
    Total:                   31 312      607   65 447

dl7M_tlf.a: [2]
    exit.o                        4
    low_level_init.o              4
    -------------------------------------------------
    Total:                        8

m7M_tls.a: [3]
    DblDiv.o                    582
    DblMul.o                    418
    DblToFlt.o                  104
    DblToS32.o                   58
    FltToDbl.o                   72
    U32ToDbl.o                   26
    fpinit_M.o                   34
    sqrt.o                      258
    -------------------------------------------------
    Total:                    1 552

rt7M_tl.a: [4]
    ABImemclr4.o                  6
    ABImemset48.o                50
    I64DivMod.o                 560
    I64DivZer.o                   2
    cexit.o                      10
    cmain.o                      30
    copy_init3.o                 44
    cstartup_M.o                 12
    data_init.o                  40
    zero_init3.o                 58
    -------------------------------------------------
    Total:                      812

shb_l.a: [5]
    exit.o                       20
    -------------------------------------------------
    Total:                       20

    Gaps                         22        2
    Linker created                        37    1 024
-----------------------------------------------------
    Grand Total:             33 726      646   66 471


*******************************************************************************
*** ENTRY LIST
***

Entry                       Address    Size  Type      Object
-----                       -------    ----  ----      ------
.iar.init_table$$Base    0x800'8430           --   Gb  - Linker created -
.iar.init_table$$Limit   0x800'8454           --   Gb  - Linker created -
?main                    0x800'8455          Code  Gb  cmain.o [4]
AHBPrescTable            0x800'84b8    0x10  Data  Gb  system_stm32f4xx.o [1]
APBPrescTable            0x800'84f4     0x8  Data  Gb  system_stm32f4xx.o [1]
B_Com1Cmd01             0x2000'ff8d     0x1  Data  Gb  main.o [1]
B_Com1Cmd03             0x2000'ff8b     0x1  Data  Gb  main.o [1]
B_Com1Cmd06             0x2000'ff8e     0x1  Data  Gb  main.o [1]
B_Com1Cmd16             0x2000'ff8c     0x1  Data  Gb  main.o [1]
B_Com2Cmd01             0x2000'ff92     0x1  Data  Gb  main.o [1]
B_Com2Cmd03             0x2000'ff90     0x1  Data  Gb  main.o [1]
B_Com2Cmd06             0x2000'ff93     0x1  Data  Gb  main.o [1]
B_Com2Cmd16             0x2000'ff91     0x1  Data  Gb  main.o [1]
B_Com3Cmd01             0x2000'ff97     0x1  Data  Gb  main.o [1]
B_Com3Cmd03             0x2000'ff95     0x1  Data  Gb  main.o [1]
B_Com3Cmd06             0x2000'ff98     0x1  Data  Gb  main.o [1]
B_Com3Cmd16             0x2000'ff96     0x1  Data  Gb  main.o [1]
B_Com4Cmd01             0x2000'ff9c     0x1  Data  Gb  main.o [1]
B_Com4Cmd03             0x2000'ff9a     0x1  Data  Gb  main.o [1]
B_Com4Cmd06             0x2000'ff9d     0x1  Data  Gb  main.o [1]
B_Com4Cmd16             0x2000'ff9b     0x1  Data  Gb  main.o [1]
B_Com5Cmd01             0x2000'ffa1     0x1  Data  Gb  main.o [1]
B_Com5Cmd03             0x2000'ff9f     0x1  Data  Gb  main.o [1]
B_Com5Cmd06             0x2000'ffa2     0x1  Data  Gb  main.o [1]
B_Com5Cmd16             0x2000'ffa0     0x1  Data  Gb  main.o [1]
B_Com6Cmd01             0x2000'ffa6     0x1  Data  Gb  main.o [1]
B_Com6Cmd03             0x2000'ffa4     0x1  Data  Gb  main.o [1]
B_Com6Cmd06             0x2000'ffa7     0x1  Data  Gb  main.o [1]
B_Com6Cmd16             0x2000'ffa5     0x1  Data  Gb  main.o [1]
BakRcv1Count            0x2000'ff0a     0x2  Data  Gb  main.o [1]
BakRcv2Count            0x2000'ff1a     0x2  Data  Gb  main.o [1]
BakRcv3Count            0x2000'ff2a     0x2  Data  Gb  main.o [1]
BakRcv4Count            0x2000'ff3a     0x2  Data  Gb  main.o [1]
BakRcv5Count            0x2000'ff4a     0x2  Data  Gb  main.o [1]
BakRcv6Count            0x2000'ff5a     0x2  Data  Gb  main.o [1]
Boot_ParLst              0x800'4b77     0x2  Code  Gb  DoWith.o [1]
BusFault_Handler         0x800'8303     0x2  Code  Gb  stm32f4xx_it.o [1]
CRC16                    0x800'57d9    0x42  Code  Gb  com1_232.o [1]
CRC_H                    0x800'80fc   0x100  Data  Gb  com1_232.o [1]
CRC_L                    0x800'81fc   0x100  Data  Gb  com1_232.o [1]
CSTACK$$Base            0x2000'ffa8           --   Gb  - Linker created -
CSTACK$$Limit           0x2001'03a8           --   Gb  - Linker created -
C_Driver1_delayCount    0x2000'febc     0x4  Data  Gb  main.o [1]
C_Driver2_delayCount    0x2000'fec4     0x4  Data  Gb  main.o [1]
C_Driver3_delayCount    0x2000'fecc     0x4  Data  Gb  main.o [1]
C_Driver4_delayCount    0x2000'fed4     0x4  Data  Gb  main.o [1]
C_Driver5_delayCount    0x2000'fedc     0x4  Data  Gb  main.o [1]
C_Driver6_delayCount    0x2000'fee4     0x4  Data  Gb  main.o [1]
C_NoRcv1Count           0x2000'ff14     0x2  Data  Gb  main.o [1]
C_NoRcv2Count           0x2000'ff24     0x2  Data  Gb  main.o [1]
C_NoRcv3Count           0x2000'ff34     0x2  Data  Gb  main.o [1]
C_NoRcv4Count           0x2000'ff44     0x2  Data  Gb  main.o [1]
C_NoRcv5Count           0x2000'ff54     0x2  Data  Gb  main.o [1]
C_NoRcv6Count           0x2000'ff64     0x2  Data  Gb  main.o [1]
Com1_RcvProcess          0x800'539d   0x148  Code  Gb  com1_232.o [1]
Com1_SlaveSend           0x800'54e5   0x2f4  Code  Gb  com1_232.o [1]
Com2_RcvProcess          0x800'5881   0x142  Code  Gb  com2_232.o [1]
Com2_SlaveSend           0x800'59c3   0x2f0  Code  Gb  com2_232.o [1]
Com3_RcvProcess          0x800'5d11   0x142  Code  Gb  com3_232.o [1]
Com3_SlaveSend           0x800'5e53   0x2f0  Code  Gb  com3_232.o [1]
Com4_RcvProcess          0x800'61a1   0x142  Code  Gb  com4_232.o [1]
Com4_SlaveSend           0x800'62e3   0x2f0  Code  Gb  com4_232.o [1]
Com5_RcvProcess          0x800'6631   0x142  Code  Gb  com5_232.o [1]
Com5_SlaveSend           0x800'6773   0x2f0  Code  Gb  com5_232.o [1]
Com6_RcvProcess          0x800'6ac1   0x142  Code  Gb  com6_232.o [1]
Com6_SlaveSend           0x800'6c03   0x2f0  Code  Gb  com6_232.o [1]
DebugMon_Handler         0x800'8309     0x2  Code  Gb  stm32f4xx_it.o [1]
Driver1_Pos_Start_Sort  0x2000'ff83     0x1  Data  Gb  main.o [1]
Driver1_Status_Sort     0x2000'ff89     0x1  Data  Gb  main.o [1]
Driver1_Write_Sort      0x2000'ff7d     0x1  Data  Gb  main.o [1]
Driver2_Pos_Start_Sort  0x2000'ff84     0x1  Data  Gb  main.o [1]
Driver2_Write_Sort      0x2000'ff7e     0x1  Data  Gb  main.o [1]
Driver3_Pos_Start_Sort  0x2000'ff85     0x1  Data  Gb  main.o [1]
Driver3_Write_Sort      0x2000'ff7f     0x1  Data  Gb  main.o [1]
Driver4_Pos_Start_Sort  0x2000'ff86     0x1  Data  Gb  main.o [1]
Driver4_Write_Sort      0x2000'ff80     0x1  Data  Gb  main.o [1]
Driver5_Pos_Start_Sort  0x2000'ff87     0x1  Data  Gb  main.o [1]
Driver5_Write_Sort      0x2000'ff81     0x1  Data  Gb  main.o [1]
Driver6_Pos_Start_Sort  0x2000'ff88     0x1  Data  Gb  main.o [1]
Driver6_Write_Sort      0x2000'ff82     0x1  Data  Gb  main.o [1]
EXTI0_IRQHandler         0x800'833d     0xa  Code  Gb  stm32f4xx_it.o [1]
Error_Handler            0x800'1485     0x4  Code  Gb  main.o [1]
F_AllRdy                0x2000'ff7b     0x1  Data  Gb  main.o [1]
F_AskForceReset         0x2000'ff71     0x1  Data  Gb  main.o [1]
F_AskReset              0x2000'ff6f     0x1  Data  Gb  main.o [1]
F_AskStop               0x2000'ff79     0x1  Data  Gb  main.o [1]
F_Encoder_Read          0x2000'ff78     0x1  Data  Gb  main.o [1]
F_ForceReseting         0x2000'ff72     0x1  Data  Gb  main.o [1]
F_ManualRunStop         0x2000'ff6d     0x1  Data  Gb  main.o [1]
F_ModRealTime           0x2000'ff7a     0x1  Data  Gb  main.o [1]
F_PowerOnRun            0x2000'ff75     0x1  Data  Gb  main.o [1]
F_Reseting              0x2000'ff73     0x1  Data  Gb  main.o [1]
F_SendStopCMD2          0x2000'ff7c     0x1  Data  Gb  main.o [1]
F_Starting              0x2000'ff77     0x1  Data  Gb  main.o [1]
F_StepMode              0x2000'ff74     0x1  Data  Gb  main.o [1]
F_Stoping               0x2000'ff76     0x1  Data  Gb  main.o [1]
F_TouchForceReSet       0x2000'ff70     0x1  Data  Gb  main.o [1]
F_TouchRunStop          0x2000'ff6e     0x1  Data  Gb  main.o [1]
HAL_DMA_Abort            0x800'0f25    0x9c  Code  Gb  stm32f4xx_hal_dma.o [1]
HAL_DMA_Abort_IT         0x800'0fc1    0x26  Code  Gb  stm32f4xx_hal_dma.o [1]
HAL_Delay                0x800'1c81    0x28  Code  Wk  stm32f4xx_hal.o [1]
HAL_GPIO_EXTI_Callback   0x800'1157    0x6c  Code  Gb  main.o [1]
HAL_GPIO_EXTI_IRQHandler
                         0x800'1ac5    0x1c  Code  Gb  stm32f4xx_hal_gpio.o [1]
HAL_GPIO_Init            0x800'18c9   0x1d4  Code  Gb  stm32f4xx_hal_gpio.o [1]
HAL_GPIO_TogglePin       0x800'1ab1    0x14  Code  Gb  stm32f4xx_hal_gpio.o [1]
HAL_GPIO_WritePin        0x800'1a9d    0x14  Code  Gb  stm32f4xx_hal_gpio.o [1]
HAL_GetTick              0x800'0f19     0xc  Code  Wk  stm32f4xx_hal.o [1]
HAL_IncTick              0x800'83a1    0x18  Code  Wk  stm32f4xx_hal.o [1]
HAL_Init                 0x800'1c4d    0x30  Code  Gb  stm32f4xx_hal.o [1]
HAL_InitTick             0x800'6f51    0x4c  Code  Wk  stm32f4xx_hal.o [1]
HAL_MspInit              0x800'6fd5    0x44  Code  Gb  stm32f4xx_hal_msp.o [1]
HAL_NVIC_EnableIRQ       0x800'1c19     0xa  Code  Gb  stm32f4xx_hal_cortex.o [1]
HAL_NVIC_SetPriority     0x800'1bf7    0x22  Code  Gb  stm32f4xx_hal_cortex.o [1]
HAL_NVIC_SetPriorityGrouping
                         0x800'1bef     0x8  Code  Gb  stm32f4xx_hal_cortex.o [1]
HAL_RCC_ClockConfig      0x800'1489   0x13a  Code  Gb  stm32f4xx_hal_rcc.o [1]
HAL_RCC_GetHCLKFreq      0x800'15c3     0x6  Code  Gb  stm32f4xx_hal_rcc.o [1]
HAL_RCC_GetPCLK1Freq     0x800'15c9    0x16  Code  Gb  stm32f4xx_hal_rcc.o [1]
HAL_RCC_GetPCLK2Freq     0x800'15df    0x16  Code  Gb  stm32f4xx_hal_rcc.o [1]
HAL_RCC_OscConfig        0x800'4ed5   0x3c4  Code  Wk  stm32f4xx_hal_rcc.o [1]
HAL_SPI_Init             0x800'7019    0xce  Code  Gb  stm32f4xx_hal_spi.o [1]
HAL_SPI_MspInit          0x800'20a3   0x114  Code  Gb  spi.o [1]
HAL_SPI_TransmitReceive
                         0x800'70e7   0x21e  Code  Gb  stm32f4xx_hal_spi.o [1]
HAL_SYSTICK_Config       0x800'1c23     0x8  Code  Gb  stm32f4xx_hal_cortex.o [1]
HAL_TIMEx_ConfigBreakDeadTime
                         0x800'7aa9    0x5a  Code  Gb  stm32f4xx_hal_tim_ex.o [1]
HAL_TIMEx_MasterConfigSynchronization
                         0x800'7a01    0x8c  Code  Gb  stm32f4xx_hal_tim_ex.o [1]
HAL_TIM_Base_Init        0x800'7439    0x6e  Code  Gb  stm32f4xx_hal_tim.o [1]
HAL_TIM_Base_MspInit     0x800'2721   0x15e  Code  Gb  tim.o [1]
HAL_TIM_Base_Start       0x800'74a7    0x8a  Code  Gb  stm32f4xx_hal_tim.o [1]
HAL_TIM_ConfigClockSource
                         0x800'760f    0xe8  Code  Gb  stm32f4xx_hal_tim.o [1]
HAL_TIM_MspPostInit      0x800'287f   0x186  Code  Gb  tim.o [1]
HAL_TIM_OC_ConfigChannel
                         0x800'75bd    0x52  Code  Gb  stm32f4xx_hal_tim.o [1]
HAL_TIM_OC_Init          0x800'7531    0x6e  Code  Gb  stm32f4xx_hal_tim.o [1]
HAL_UART_IRQHandler      0x800'0307   0x220  Code  Gb  stm32f4xx_hal_uart.o [1]
HAL_UART_Init            0x800'0189    0x76  Code  Gb  stm32f4xx_hal_uart.o [1]
HAL_UART_MspInit         0x800'0bf9   0x2b8  Code  Gb  usart.o [1]
HAL_UART_Receive_IT      0x800'02cb    0x3c  Code  Gb  stm32f4xx_hal_uart.o [1]
HAL_UART_RxCpltCallback
                         0x800'11c3   0x150  Code  Gb  main.o [1]
HAL_UART_Transmit        0x800'01ff    0xcc  Code  Gb  stm32f4xx_hal_uart.o [1]
HAL_UART_TxCpltCallback
                         0x800'1319     0x2  Code  Gb  main.o [1]
HardFault_Handler        0x800'82ff     0x2  Code  Gb  stm32f4xx_it.o [1]
MOTOR1_AxisMoveRel       0x800'2be9   0x25a  Code  Gb  bsp_MOTOR1.o [1]
MOTOR1_GPIO_Init         0x800'2a71    0xb8  Code  Lc  bsp_MOTOR1.o [1]
MOTOR1_TIMx_Init         0x800'2b29    0xbe  Code  Gb  bsp_MOTOR1.o [1]
MOTOR2_AxisMoveRel       0x800'30e5   0x25a  Code  Gb  bsp_MOTOR2.o [1]
MOTOR2_GPIO_Init         0x800'2f79    0xb6  Code  Lc  bsp_MOTOR2.o [1]
MOTOR2_TIMx_Init         0x800'302f    0xb4  Code  Gb  bsp_MOTOR2.o [1]
MOTOR2_srd              0x2000'fe00    0x18  Data  Gb  bsp_MOTOR2.o [1]
MOTOR3_AxisMoveRel       0x800'35d5   0x256  Code  Gb  bsp_MOTOR3.o [1]
MOTOR3_GPIO_Init         0x800'3471    0xb0  Code  Lc  bsp_MOTOR3.o [1]
MOTOR3_TIMx_Init         0x800'3521    0xb4  Code  Gb  bsp_MOTOR3.o [1]
MOTOR4_AxisMoveRel       0x800'3ac9   0x25c  Code  Gb  bsp_MOTOR4.o [1]
MOTOR4_GPIO_Init         0x800'395d    0xb8  Code  Lc  bsp_MOTOR4.o [1]
MOTOR4_TIMx_Init         0x800'3a15    0xb4  Code  Gb  bsp_MOTOR4.o [1]
MOTOR4_srd              0x2000'fe30    0x18  Data  Gb  bsp_MOTOR4.o [1]
MOTOR5_AxisMoveRel       0x800'3fc5   0x25a  Code  Gb  bsp_MOTOR5.o [1]
MOTOR5_GPIO_Init         0x800'3e55    0xba  Code  Lc  bsp_MOTOR5.o [1]
MOTOR5_TIMx_Init         0x800'3f0f    0xb4  Code  Gb  bsp_MOTOR5.o [1]
MOTOR5_srd              0x2000'fe48    0x18  Data  Gb  bsp_MOTOR5.o [1]
MOTOR6_AxisMoveRel       0x800'44c1   0x25c  Code  Gb  bsp_MOTOR6.o [1]
MOTOR6_GPIO_Init         0x800'4355    0xb8  Code  Lc  bsp_MOTOR6.o [1]
MOTOR6_TIMx_Init         0x800'440d    0xb4  Code  Gb  bsp_MOTOR6.o [1]
MOTOR6_srd              0x2000'fe60    0x18  Data  Gb  bsp_MOTOR6.o [1]
MX_GPIO_Init             0x800'1ca9   0x328  Code  Gb  gpio.o [1]
MX_SPI1_Init             0x800'1fd1    0x46  Code  Gb  spi.o [1]
MX_SPI2_Init             0x800'2017    0x46  Code  Gb  spi.o [1]
MX_SPI3_Init             0x800'205d    0x46  Code  Gb  spi.o [1]
MX_TIM1_Init             0x800'2201    0xfc  Code  Gb  tim.o [1]
MX_TIM2_Init             0x800'22fd    0xb6  Code  Gb  tim.o [1]
MX_TIM3_Init             0x800'23b3    0xb6  Code  Gb  tim.o [1]
MX_TIM4_Init             0x800'2469    0xb6  Code  Gb  tim.o [1]
MX_TIM5_Init             0x800'251f    0xb6  Code  Gb  tim.o [1]
MX_TIM7_Init             0x800'25d5    0x50  Code  Gb  tim.o [1]
MX_TIM8_Init             0x800'2625    0xfc  Code  Gb  tim.o [1]
MX_UART4_Init            0x800'0a55    0x46  Code  Gb  usart.o [1]
MX_UART5_Init            0x800'0a9b    0x46  Code  Gb  usart.o [1]
MX_USART1_UART_Init      0x800'0ae1    0x46  Code  Gb  usart.o [1]
MX_USART2_UART_Init      0x800'0b27    0x46  Code  Gb  usart.o [1]
MX_USART3_UART_Init      0x800'0b6d    0x46  Code  Gb  usart.o [1]
MX_USART6_UART_Init      0x800'0bb3    0x46  Code  Gb  usart.o [1]
MemManage_Handler        0x800'8301     0x2  Code  Gb  stm32f4xx_it.o [1]
Motor1_MotionStatus     0x2000'ff66     0x1  Data  Gb  bsp_MOTOR1.o [1]
Motor1_num              0x2000'fe80     0x4  Data  Gb  bsp_MOTOR1.o [1]
Motor1_srd              0x2000'fde8    0x18  Data  Gb  bsp_MOTOR1.o [1]
Motor1_status           0x2000'0008     0x1  Data  Gb  bsp_MOTOR1.o [1]
Motor2_MotionStatus     0x2000'ff67     0x1  Data  Gb  bsp_MOTOR2.o [1]
Motor2_num              0x2000'fe88     0x4  Data  Gb  bsp_MOTOR2.o [1]
Motor2_status           0x2000'0009     0x1  Data  Gb  bsp_MOTOR2.o [1]
Motor3_MotionStatus     0x2000'ff68     0x1  Data  Gb  bsp_MOTOR3.o [1]
Motor3_num              0x2000'fe90     0x4  Data  Gb  bsp_MOTOR3.o [1]
Motor3_srd              0x2000'fe18    0x18  Data  Gb  bsp_MOTOR3.o [1]
Motor3_status           0x2000'000a     0x1  Data  Gb  bsp_MOTOR3.o [1]
Motor4_MotionStatus     0x2000'ff69     0x1  Data  Gb  bsp_MOTOR4.o [1]
Motor4_num              0x2000'fe98     0x4  Data  Gb  bsp_MOTOR4.o [1]
Motor4_status           0x2000'000b     0x1  Data  Gb  bsp_MOTOR4.o [1]
Motor5_MotionStatus     0x2000'ff6a     0x1  Data  Gb  bsp_MOTOR5.o [1]
Motor5_num              0x2000'fea0     0x4  Data  Gb  bsp_MOTOR5.o [1]
Motor5_status           0x2000'000c     0x1  Data  Gb  bsp_MOTOR5.o [1]
Motor6_MotionStatus     0x2000'ff6b     0x1  Data  Gb  bsp_MOTOR6.o [1]
Motor6_num              0x2000'fea8     0x4  Data  Gb  bsp_MOTOR6.o [1]
Motor6_status           0x2000'000d     0x1  Data  Gb  bsp_MOTOR6.o [1]
NMI_Handler              0x800'82fd     0x2  Code  Gb  stm32f4xx_it.o [1]
NVIC_EncodePriority      0x800'1b85    0x3c  Code  Lc  stm32f4xx_hal_cortex.o [1]
ParLimit                 0x800'4b79   0x28e  Code  Gb  DoWith.o [1]
ParLst_Init              0x800'4b75     0x2  Code  Gb  DoWith.o [1]
PendSV_Handler           0x800'830b     0x2  Code  Gb  stm32f4xx_it.o [1]
Q_VfStop                0x2000'ff6c     0x1  Data  Gb  main.o [1]
Rcv1Buffer              0x2000'e8a0   0x100  Data  Gb  main.o [1]
Rcv1Counter             0x2000'ff06     0x2  Data  Gb  main.o [1]
Rcv2Buffer              0x2000'eaa0   0x100  Data  Gb  main.o [1]
Rcv2Counter             0x2000'ff16     0x2  Data  Gb  main.o [1]
Rcv3Buffer              0x2000'eca0   0x100  Data  Gb  main.o [1]
Rcv3Counter             0x2000'ff26     0x2  Data  Gb  main.o [1]
Rcv4Buffer              0x2000'eea0   0x100  Data  Gb  main.o [1]
Rcv4Counter             0x2000'ff36     0x2  Data  Gb  main.o [1]
Rcv5Buffer              0x2000'f0a0   0x100  Data  Gb  main.o [1]
Rcv5Counter             0x2000'ff46     0x2  Data  Gb  main.o [1]
Rcv6Buffer              0x2000'f2a0   0x100  Data  Gb  main.o [1]
Rcv6Counter             0x2000'ff56     0x2  Data  Gb  main.o [1]
Region$$Table$$Base      0x800'8430           --   Gb  - Linker created -
Region$$Table$$Limit     0x800'8454           --   Gb  - Linker created -
SPI1_ReadWriteByte       0x800'21b7    0x1c  Code  Gb  spi.o [1]
SPI_CS_H                 0x800'5299     0xe  Code  Gb  wk2xxx.o [1]
SPI_CS_L                 0x800'52a7     0xe  Code  Gb  wk2xxx.o [1]
SPI_EndRxTxTransaction   0x800'73d7    0x5a  Code  Lc  stm32f4xx_hal_spi.o [1]
SPI_WaitFlagStateUntilTimeout
                         0x800'7305    0xd2  Code  Lc  stm32f4xx_hal_spi.o [1]
SVC_Handler              0x800'8307     0x2  Code  Gb  stm32f4xx_it.o [1]
SoftClock               0x2000'fe78     0x8  Data  Gb  main.o [1]
SysTick_Config           0x800'1bc1    0x2e  Code  Lc  stm32f4xx_hal_cortex.o [1]
SysTick_Handler          0x800'830d    0x30  Code  Gb  stm32f4xx_it.o [1]
SystemClock_Config       0x800'10b5    0xa2  Code  Gb  main.o [1]
SystemCoreClock         0x2000'0004     0x4  Data  Gb  system_stm32f4xx.o [1]
SystemInit               0x800'849d    0x14  Code  Gb  system_stm32f4xx.o [1]
TIM1_CC_IRQHandler       0x800'4225    0xde  Code  Gb  bsp_MOTOR5.o [1]
TIM1_CC_IRQHandler::i   0x2000'fea4     0x4  Data  Lc  bsp_MOTOR5.o [1]
TIM2_IRQHandler          0x800'2e49    0xe2  Code  Gb  bsp_MOTOR1.o [1]
TIM2_IRQHandler::i      0x2000'fe84     0x4  Data  Lc  bsp_MOTOR1.o [1]
TIM3_IRQHandler          0x800'3d29    0xe0  Code  Gb  bsp_MOTOR4.o [1]
TIM3_IRQHandler::i      0x2000'fe9c     0x4  Data  Lc  bsp_MOTOR4.o [1]
TIM4_IRQHandler          0x800'3345    0xde  Code  Gb  bsp_MOTOR2.o [1]
TIM4_IRQHandler::i      0x2000'fe8c     0x4  Data  Lc  bsp_MOTOR2.o [1]
TIM5_IRQHandler          0x800'4721    0xe0  Code  Gb  bsp_MOTOR6.o [1]
TIM5_IRQHandler::i      0x2000'feac     0x4  Data  Lc  bsp_MOTOR6.o [1]
TIM8_CC_IRQHandler       0x800'3831    0xde  Code  Gb  bsp_MOTOR3.o [1]
TIM8_CC_IRQHandler::i   0x2000'fe94     0x4  Data  Lc  bsp_MOTOR3.o [1]
TIM_Base_SetConfig       0x800'76f7    0xbc  Code  Gb  stm32f4xx_hal_tim.o [1]
TIM_CCxChannelCmd        0x800'79d9    0x26  Code  Gb  stm32f4xx_hal_tim.o [1]
TIM_ETR_SetConfig        0x800'79c3    0x16  Code  Gb  stm32f4xx_hal_tim.o [1]
TIM_ITRx_SetConfig       0x800'79b3    0x10  Code  Lc  stm32f4xx_hal_tim.o [1]
TIM_OC1_SetConfig        0x800'77b3    0x64  Code  Lc  stm32f4xx_hal_tim.o [1]
TIM_OC2_SetConfig        0x800'7817    0x6e  Code  Gb  stm32f4xx_hal_tim.o [1]
TIM_OC3_SetConfig        0x800'7885    0x6c  Code  Lc  stm32f4xx_hal_tim.o [1]
TIM_OC4_SetConfig        0x800'78f1    0x4c  Code  Lc  stm32f4xx_hal_tim.o [1]
TIM_TI1_ConfigInputStage
                         0x800'7969    0x24  Code  Lc  stm32f4xx_hal_tim.o [1]
TIM_TI2_ConfigInputStage
                         0x800'798d    0x26  Code  Lc  stm32f4xx_hal_tim.o [1]
T_Driver1_delay         0x2000'feb8     0x4  Data  Gb  main.o [1]
T_Driver2_delay         0x2000'fec0     0x4  Data  Gb  main.o [1]
T_Driver3_delay         0x2000'fec8     0x4  Data  Gb  main.o [1]
T_Driver4_delay         0x2000'fed0     0x4  Data  Gb  main.o [1]
T_Driver5_delay         0x2000'fed8     0x4  Data  Gb  main.o [1]
T_Driver6_delay         0x2000'fee0     0x4  Data  Gb  main.o [1]
T_NoRcv1Count           0x2000'ff12     0x2  Data  Gb  main.o [1]
T_NoRcv2Count           0x2000'ff22     0x2  Data  Gb  main.o [1]
T_NoRcv3Count           0x2000'ff32     0x2  Data  Gb  main.o [1]
T_NoRcv4Count           0x2000'ff42     0x2  Data  Gb  main.o [1]
T_NoRcv5Count           0x2000'ff52     0x2  Data  Gb  main.o [1]
T_NoRcv6Count           0x2000'ff62     0x2  Data  Gb  main.o [1]
Test_Send_Pulse          0x800'1369    0x8c  Code  Gb  main.o [1]
Tmp_Rxd1Buffer          0x2000'ff8a     0x1  Data  Gb  main.o [1]
Tmp_Rxd2Buffer          0x2000'ff8f     0x1  Data  Gb  main.o [1]
Tmp_Rxd3Buffer          0x2000'ff94     0x1  Data  Gb  main.o [1]
Tmp_Rxd4Buffer          0x2000'ff99     0x1  Data  Gb  main.o [1]
Tmp_Rxd5Buffer          0x2000'ff9e     0x1  Data  Gb  main.o [1]
Tmp_Rxd6Buffer          0x2000'ffa3     0x1  Data  Gb  main.o [1]
Txd1Buffer              0x2000'e7a0   0x100  Data  Gb  main.o [1]
Txd1Counter             0x2000'ff08     0x2  Data  Gb  main.o [1]
Txd1Max                 0x2000'ff0c     0x2  Data  Gb  main.o [1]
Txd2Buffer              0x2000'e9a0   0x100  Data  Gb  main.o [1]
Txd2Counter             0x2000'ff18     0x2  Data  Gb  main.o [1]
Txd2Max                 0x2000'ff1c     0x2  Data  Gb  main.o [1]
Txd3Buffer              0x2000'eba0   0x100  Data  Gb  main.o [1]
Txd3Counter             0x2000'ff28     0x2  Data  Gb  main.o [1]
Txd3Max                 0x2000'ff2c     0x2  Data  Gb  main.o [1]
Txd4Buffer              0x2000'eda0   0x100  Data  Gb  main.o [1]
Txd4Counter             0x2000'ff38     0x2  Data  Gb  main.o [1]
Txd4Max                 0x2000'ff3c     0x2  Data  Gb  main.o [1]
Txd5Buffer              0x2000'efa0   0x100  Data  Gb  main.o [1]
Txd5Counter             0x2000'ff48     0x2  Data  Gb  main.o [1]
Txd5Max                 0x2000'ff4c     0x2  Data  Gb  main.o [1]
Txd6Buffer              0x2000'f1a0   0x100  Data  Gb  main.o [1]
Txd6Counter             0x2000'ff58     0x2  Data  Gb  main.o [1]
Txd6Max                 0x2000'ff5c     0x2  Data  Gb  main.o [1]
UART4_IRQHandler         0x800'8365     0xa  Code  Gb  stm32f4xx_it.o [1]
UART5_IRQHandler         0x800'836f     0xa  Code  Gb  stm32f4xx_it.o [1]
UART_DMAAbortOnError     0x800'0609    0x12  Code  Lc  stm32f4xx_hal_uart.o [1]
UART_EndRxTransfer       0x800'05d3    0x36  Code  Lc  stm32f4xx_hal_uart.o [1]
UART_EndTransmit_IT      0x800'067f    0x1c  Code  Lc  stm32f4xx_hal_uart.o [1]
UART_Receive_IT          0x800'069b    0xc8  Code  Lc  stm32f4xx_hal_uart.o [1]
UART_SetConfig           0x800'0763   0x2e6  Code  Lc  stm32f4xx_hal_uart.o [1]
UART_Start_Receive_IT    0x800'0595    0x3e  Code  Gb  stm32f4xx_hal_uart.o [1]
UART_Transmit_IT         0x800'061d    0x62  Code  Lc  stm32f4xx_hal_uart.o [1]
UART_WaitOnFlagUntilTimeout
                         0x800'0527    0x6e  Code  Lc  stm32f4xx_hal_uart.o [1]
USART1_IRQHandler        0x800'8347     0xa  Code  Gb  stm32f4xx_it.o [1]
USART2_IRQHandler        0x800'8351     0xa  Code  Gb  stm32f4xx_it.o [1]
USART3_IRQHandler        0x800'835b     0xa  Code  Gb  stm32f4xx_it.o [1]
USART6_IRQHandler        0x800'8379     0xa  Code  Gb  stm32f4xx_it.o [1]
Uart_RT                  0x800'1335    0x34  Code  Gb  main.o [1]
UsageFault_Handler       0x800'8305     0x2  Code  Gb  stm32f4xx_it.o [1]
Variable_Init            0x800'484d   0x328  Code  Gb  DoWith.o [1]
Wk2xxxReadFifo           0x800'52e3    0x3a  Code  Gb  wk2xxx.o [1]
Wk2xxxReadReg            0x800'52b9    0x2a  Code  Gb  wk2xxx.o [1]
WkPort1_RcvBuffer       0x2000'f3a0   0x100  Data  Gb  wk_port1.o [1]
WkPort2_RcvBuffer       0x2000'f4a0   0x100  Data  Gb  wk_port1.o [1]
WkPort3_RcvBuffer       0x2000'f5a0   0x100  Data  Gb  wk_port1.o [1]
WkPort4_RcvBuffer       0x2000'f6a0   0x100  Data  Gb  wk_port1.o [1]
__NVIC_EnableIRQ         0x800'1b45    0x1c  Code  Lc  stm32f4xx_hal_cortex.o [1]
__NVIC_GetPriorityGrouping
                         0x800'1b3b     0xa  Code  Lc  stm32f4xx_hal_cortex.o [1]
__NVIC_SetPriority       0x800'1b61    0x24  Code  Lc  stm32f4xx_hal_cortex.o [1]
__NVIC_SetPriorityGrouping
                         0x800'1b21    0x1a  Code  Lc  stm32f4xx_hal_cortex.o [1]
__aeabi_d2f              0x800'7f0d          Code  Gb  DblToFlt.o [3]
__aeabi_d2iz             0x800'80c1          Code  Gb  DblToS32.o [3]
__aeabi_ddiv             0x800'7cc5          Code  Gb  DblDiv.o [3]
__aeabi_dmul             0x800'7b21          Code  Gb  DblMul.o [3]
__aeabi_f2d              0x800'7f75          Code  Gb  FltToDbl.o [3]
__aeabi_ldiv0            0x800'6f9d          Code  Gb  I64DivZer.o [4]
__aeabi_memclr4          0x800'18c1          Code  Gb  ABImemclr4.o [4]
__aeabi_ui2d             0x800'7b05          Code  Gb  U32ToDbl.o [3]
__aeabi_uldivmod         0x800'1691          Code  Gb  I64DivMod.o [4]
__cmain                  0x800'8455          Code  Gb  cmain.o [4]
__exit                   0x800'8489    0x14  Code  Gb  exit.o [5]
__iar_Memset4_word       0x800'6fa1          Code  Gb  ABImemset48.o [4]
__iar_Memset8_word       0x800'6fa1          Code  Gb  ABImemset48.o [4]
__iar_copy_init3         0x800'83b9    0x2c  Code  Gb  copy_init3.o [4]
__iar_data_init3         0x800'83e5    0x28  Code  Gb  data_init.o [4]
__iar_init_vfp           0x800'840d          Code  Gb  fpinit_M.o [3]
__iar_program_start      0x800'84e9          Code  Gb  cstartup_M.o [4]
__iar_sqrt64             0x800'7fcd          Code  Gb  sqrt.o [3]
__iar_vfp___iar_sqrt64   0x800'7fbd          Code  Gb  sqrt.o [3]
__iar_vfp_sqrt           0x800'7fbd          Code  Gb  sqrt.o [3]
__iar_vfp_sqrtl          0x800'7fbd          Code  Gb  sqrt.o [3]
__iar_zero_init3         0x800'0feb    0x3a  Code  Gb  zero_init3.o [4]
__low_level_init         0x800'8473     0x4  Code  Gb  low_level_init.o [2]
__vector_table           0x800'0000          Data  Gb  startup_stm32f407xx.o [1]
_call_main               0x800'8461          Code  Gb  cmain.o [4]
_exit                    0x800'847d          Code  Gb  cexit.o [4]
_main                    0x800'846f          Code  Gb  cmain.o [4]
arr_p1                  0x2000'feb0     0x4  Data  Gb  main.o [1]
arrp_p1_Last            0x2000'feb4     0x4  Data  Gb  main.o [1]
exit                     0x800'8477     0x4  Code  Gb  exit.o [2]
hspi1                   0x2000'f7a0    0x58  Data  Gb  spi.o [1]
hspi2                   0x2000'f7f8    0x58  Data  Gb  spi.o [1]
hspi3                   0x2000'f850    0x58  Data  Gb  spi.o [1]
htim1                   0x2000'fa58    0x48  Data  Gb  tim.o [1]
htim1_MOTOR5            0x2000'f9c8    0x48  Data  Gb  bsp_MOTOR5.o [1]
htim2                   0x2000'faa0    0x48  Data  Gb  tim.o [1]
htim2_MOTOR1            0x2000'f8a8    0x48  Data  Gb  bsp_MOTOR1.o [1]
htim3                   0x2000'fae8    0x48  Data  Gb  tim.o [1]
htim3_MOTOR4            0x2000'f980    0x48  Data  Gb  bsp_MOTOR4.o [1]
htim4                   0x2000'fb30    0x48  Data  Gb  tim.o [1]
htim4_MOTOR2            0x2000'f8f0    0x48  Data  Gb  bsp_MOTOR2.o [1]
htim5                   0x2000'fb78    0x48  Data  Gb  tim.o [1]
htim5_MOTOR6            0x2000'fa10    0x48  Data  Gb  bsp_MOTOR6.o [1]
htim7                   0x2000'fbc0    0x48  Data  Gb  tim.o [1]
htim8                   0x2000'fc08    0x48  Data  Gb  tim.o [1]
htim8_MOTOR3            0x2000'f938    0x48  Data  Gb  bsp_MOTOR3.o [1]
huart1                  0x2000'fcd8    0x44  Data  Gb  usart.o [1]
huart2                  0x2000'fd1c    0x44  Data  Gb  usart.o [1]
huart3                  0x2000'fd60    0x44  Data  Gb  usart.o [1]
huart4                  0x2000'fc50    0x44  Data  Gb  usart.o [1]
huart5                  0x2000'fc94    0x44  Data  Gb  usart.o [1]
huart6                  0x2000'fda4    0x44  Data  Gb  usart.o [1]
main                     0x800'1025    0x90  Code  Gb  main.o [1]
period_MOTOR1           0x2000'5470  0x1770  Data  Gb  main.o [1]
period_MOTOR2           0x2000'6be0  0x1770  Data  Gb  main.o [1]
period_MOTOR3           0x2000'8350  0x1770  Data  Gb  main.o [1]
period_MOTOR4           0x2000'9ac0  0x1770  Data  Gb  main.o [1]
period_MOTOR5           0x2000'b230  0x1770  Data  Gb  main.o [1]
period_MOTOR6           0x2000'c9a0  0x1770  Data  Gb  main.o [1]
sqrt                     0x800'7fcd          Code  Gb  sqrt.o [3]
sqrtl                    0x800'7fcd          Code  Gb  sqrt.o [3]
step_to_run_MOTOR1      0x2000'fee8     0x4  Data  Gb  main.o [1]
step_to_run_MOTOR2      0x2000'feec     0x4  Data  Gb  main.o [1]
step_to_run_MOTOR3      0x2000'fef0     0x4  Data  Gb  main.o [1]
step_to_run_MOTOR4      0x2000'fef4     0x4  Data  Gb  main.o [1]
step_to_run_MOTOR5      0x2000'fef8     0x4  Data  Gb  main.o [1]
step_to_run_MOTOR6      0x2000'fefc     0x4  Data  Gb  main.o [1]
uwTick                  0x2000'ff00     0x4  Data  Gb  stm32f4xx_hal.o [1]
uwTickFreq              0x2000'000e     0x1  Data  Gb  stm32f4xx_hal.o [1]
uwTickPrio              0x2000'0000     0x4  Data  Gb  stm32f4xx_hal.o [1]
w_Com1RegAddr           0x2000'ff10     0x2  Data  Gb  main.o [1]
w_Com2RegAddr           0x2000'ff20     0x2  Data  Gb  main.o [1]
w_Com3RegAddr           0x2000'ff30     0x2  Data  Gb  main.o [1]
w_Com4RegAddr           0x2000'ff40     0x2  Data  Gb  main.o [1]
w_Com5RegAddr           0x2000'ff50     0x2  Data  Gb  main.o [1]
w_Com6RegAddr           0x2000'ff60     0x2  Data  Gb  main.o [1]
w_ModRealTimeNo         0x2000'ff04     0x2  Data  Gb  main.o [1]
w_ParLst                0x2000'e110   0x690  Data  Gb  main.o [1]
w_ParLst_Drive          0x2000'0010  0x5460  Data  Gb  main.o [1]
w_Txd1ChkSum            0x2000'ff0e     0x2  Data  Gb  main.o [1]
w_Txd2ChkSum            0x2000'ff1e     0x2  Data  Gb  main.o [1]
w_Txd3ChkSum            0x2000'ff2e     0x2  Data  Gb  main.o [1]
w_Txd4ChkSum            0x2000'ff3e     0x2  Data  Gb  main.o [1]
w_Txd5ChkSum            0x2000'ff4e     0x2  Data  Gb  main.o [1]
w_Txd6ChkSum            0x2000'ff5e     0x2  Data  Gb  main.o [1]
wk_RxChars               0x800'531d    0x80  Code  Gb  wk2xxx.o [1]


[1] = D:\YLS\robotcontrol - 04.20\EWARM\robotcontrol\Obj
[2] = dl7M_tlf.a
[3] = m7M_tls.a
[4] = rt7M_tl.a
[5] = shb_l.a

  33 726 bytes of readonly  code memory
     646 bytes of readonly  data memory
  66 471 bytes of readwrite data memory

Errors: none
Warnings: none
