Component: ARM Compiler 5.06 update 6 (build 750) Tool: armlink [4d35ed]

==============================================================================

Section Cross References

    startup_stm32f407xx.o(RESET) refers to startup_stm32f407xx.o(STACK) for __initial_sp
    startup_stm32f407xx.o(RESET) refers to startup_stm32f407xx.o(.text) for Reset_Handler
    startup_stm32f407xx.o(RESET) refers to stm32f4xx_it.o(i.NMI_Handler) for NMI_Handler
    startup_stm32f407xx.o(RESET) refers to stm32f4xx_it.o(i.HardFault_Handler) for HardFault_Handler
    startup_stm32f407xx.o(RESET) refers to stm32f4xx_it.o(i.MemManage_Handler) for MemManage_Handler
    startup_stm32f407xx.o(RESET) refers to stm32f4xx_it.o(i.BusFault_Handler) for BusFault_Handler
    startup_stm32f407xx.o(RESET) refers to stm32f4xx_it.o(i.UsageFault_Handler) for UsageFault_Handler
    startup_stm32f407xx.o(RESET) refers to stm32f4xx_it.o(i.SVC_Handler) for SVC_Handler
    startup_stm32f407xx.o(RESET) refers to stm32f4xx_it.o(i.DebugMon_Handler) for DebugMon_Handler
    startup_stm32f407xx.o(RESET) refers to stm32f4xx_it.o(i.PendSV_Handler) for PendSV_Handler
    startup_stm32f407xx.o(RESET) refers to stm32f4xx_it.o(i.SysTick_Handler) for SysTick_Handler
    startup_stm32f407xx.o(RESET) refers to stm32f4xx_it.o(i.EXTI0_IRQHandler) for EXTI0_IRQHandler
    startup_stm32f407xx.o(RESET) refers to bsp_motor5.o(i.TIM1_CC_IRQHandler) for TIM1_CC_IRQHandler
    startup_stm32f407xx.o(RESET) refers to bsp_motor1.o(i.TIM2_IRQHandler) for TIM2_IRQHandler
    startup_stm32f407xx.o(RESET) refers to bsp_motor4.o(i.TIM3_IRQHandler) for TIM3_IRQHandler
    startup_stm32f407xx.o(RESET) refers to bsp_motor2.o(i.TIM4_IRQHandler) for TIM4_IRQHandler
    startup_stm32f407xx.o(RESET) refers to stm32f4xx_it.o(i.USART1_IRQHandler) for USART1_IRQHandler
    startup_stm32f407xx.o(RESET) refers to stm32f4xx_it.o(i.USART2_IRQHandler) for USART2_IRQHandler
    startup_stm32f407xx.o(RESET) refers to stm32f4xx_it.o(i.USART3_IRQHandler) for USART3_IRQHandler
    startup_stm32f407xx.o(RESET) refers to bsp_motor3.o(i.TIM8_CC_IRQHandler) for TIM8_CC_IRQHandler
    startup_stm32f407xx.o(RESET) refers to bsp_motor6.o(i.TIM5_IRQHandler) for TIM5_IRQHandler
    startup_stm32f407xx.o(RESET) refers to stm32f4xx_it.o(i.UART4_IRQHandler) for UART4_IRQHandler
    startup_stm32f407xx.o(RESET) refers to stm32f4xx_it.o(i.UART5_IRQHandler) for UART5_IRQHandler
    startup_stm32f407xx.o(RESET) refers to stm32f4xx_it.o(i.USART6_IRQHandler) for USART6_IRQHandler
    startup_stm32f407xx.o(.text) refers to system_stm32f4xx.o(i.SystemInit) for SystemInit
    startup_stm32f407xx.o(.text) refers to entry.o(.ARM.Collect$$$$00000000) for __main
    dowith.o(i.DIConfigValue) refers to main.o(.bss) for DInb
    dowith.o(i.DOConfigValue) refers to main.o(.bss) for DOutb
    dowith.o(i.DigitalIn) refers to dowith.o(i.FilterDI) for FilterDI
    dowith.o(i.DigitalIn) refers to dowith.o(i.DIConfigValue) for DIConfigValue
    dowith.o(i.DigitalIn) refers to main.o(.data) for K_StopRun
    dowith.o(i.FilterDI) refers to dowith.o(.data) for .data
    dowith.o(i.FilterDI) refers to main.o(.bss) for w_ParLst
    dowith.o(i.FilterDI) refers to main.o(.bss) for DInb
    dowith.o(i.KglStatus) refers to dowith.o(.data) for .data
    dowith.o(i.KglStatus) refers to main.o(.data) for SoftClock
    dowith.o(i.ParLimit) refers to main.o(.bss) for w_ParLst
    dowith.o(i.ParLimit) refers to main.o(.bss) for w_ParLst_Drive
    dowith.o(i.ReadWriteRealTime) refers to main.o(.data) for SoftClock
    dowith.o(i.ReadWriteRealTime) refers to dowith.o(.data) for .data
    dowith.o(i.ReadWriteRealTime) refers to main.o(.data) for F_ModRealTime
    dowith.o(i.ReadWriteRealTime) refers to main.o(.bss) for w_ParLst
    dowith.o(i.ReadWriteRealTime) refers to main.o(.bss) for RealClock
    dowith.o(i.ReadWriteRealTime) refers to main.o(.data) for w_ModRealTimeNo
    dowith.o(i.Time_Output) refers to main.o(.data) for SoftClock
    dowith.o(i.Variable_Init) refers to main.o(.bss) for w_ParLst
    dowith.o(i.Variable_Init) refers to main.o(.data) for Q_VfStop
    dowith.o(i.Variable_Init) refers to main.o(.data) for F_ManualRunStop
    dowith.o(i.Variable_Init) refers to main.o(.data) for C_NoRcv1Count
    dowith.o(i.Variable_Init) refers to main.o(.data) for C_NoRcv2Count
    dowith.o(i.Variable_Init) refers to main.o(.data) for C_NoRcv3Count
    dowith.o(i.Variable_Init) refers to main.o(.data) for C_NoRcv4Count
    dowith.o(i.Variable_Init) refers to main.o(.data) for C_NoRcv5Count
    dowith.o(i.Variable_Init) refers to main.o(.data) for C_NoRcv6Count
    dowith.o(i.Variable_Init) refers to main.o(.data) for F_Starting
    dowith.o(i.Variable_Init) refers to main.o(.data) for F_Stoping
    dowith.o(i.Variable_Init) refers to main.o(.data) for F_AskReset
    dowith.o(i.Variable_Init) refers to main.o(.data) for F_Reseting
    dowith.o(i.Variable_Init) refers to main.o(.data) for F_AskForceReset
[...]
    .bss                                     0x10000495   Section      255  wk_port1.o(.bss)
    .bss                                     0x10000594   Section    21600  main.o(.bss)
    .bss                                     0x100059f4   Section      255  main.o(.bss)
    .bss                                     0x10005af3   Section      255  main.o(.bss)
    .bss                                     0x10005bf2   Section      255  main.o(.bss)
    .bss                                     0x10005cf1   Section      255  main.o(.bss)
    .bss                                     0x10005df0   Section      255  main.o(.bss)
    .bss                                     0x10005eef   Section      255  main.o(.bss)
    .bss                                     0x10005ff0   Section      264  spi.o(.bss)
    .bss                                     0x100060f8   Section      504  tim.o(.bss)
    .bss                                     0x100062f0   Section      408  usart.o(.bss)
    .bss                                     0x10006488   Section       96  bsp_motor3.o(.bss)
    .bss                                     0x100064e8   Section       96  bsp_motor1.o(.bss)
    .bss                                     0x10006548   Section       96  bsp_motor2.o(.bss)
    .bss                                     0x100065a8   Section       96  bsp_motor4.o(.bss)
    .bss                                     0x10006608   Section       96  bsp_motor5.o(.bss)
    .bss                                     0x10006668   Section       96  bsp_motor6.o(.bss)
    STACK                                    0x100066c8   Section     1024  startup_stm32f407xx.o(STACK)
    .bss                                     0x20000000   Section    115212  main.o(.bss)

    Global Symbols

    Symbol Name                              Value     Ov Type        Size  Object(Section)

    BuildAttributes$$THM_ISAv4$E$P$D$K$B$S$7EM$VFPi3$EXTD16$VFPS$VFMA$PE$A:L22UL41UL21$X:L11$S22US41US21$IEEE1$IW$USESV6$~STKCKD$USESV7$~SHL$OTIME$ROPI$IEEEX$EBA8$MICROLIB$REQ8$PRES8$EABIv2 0x00000000   Number         0  anon$$obj.o ABSOLUTE
    __ARM_use_no_argv                        0x00000000   Number         0  main.o ABSOLUTE
    _printf_a                                0x00000000   Number         0  stubs.o ABSOLUTE
    _printf_c                                0x00000000   Number         0  stubs.o ABSOLUTE
    _printf_charcount                        0x00000000   Number         0  stubs.o ABSOLUTE
    _printf_d                                0x00000000   Number         0  stubs.o ABSOLUTE
    _printf_e                                0x00000000   Number         0  stubs.o ABSOLUTE
    _printf_f                                0x00000000   Number         0  stubs.o ABSOLUTE
    _printf_flags                            0x00000000   Number         0  stubs.o ABSOLUTE
    _printf_fp_dec                           0x00000000   Number         0  stubs.o ABSOLUTE
    _printf_fp_hex                           0x00000000   Number         0  stubs.o ABSOLUTE
    _printf_g                                0x00000000   Number         0  stubs.o ABSOLUTE
    _printf_i                                0x00000000   Number         0  stubs.o ABSOLUTE
    _printf_int_dec                          0x00000000   Number         0  stubs.o ABSOLUTE
    _printf_l                                0x00000000   Number         0  stubs.o ABSOLUTE
    _printf_lc                               0x00000000   Number         0  stubs.o ABSOLUTE
    _printf_ll                               0x00000000   Number         0  stubs.o ABSOLUTE
    _printf_lld                              0x00000000   Number         0  stubs.o ABSOLUTE
    _printf_lli                              0x00000000   Number         0  stubs.o ABSOLUTE
    _printf_llo                              0x00000000   Number         0  stubs.o ABSOLUTE
    _printf_llu                              0x00000000   Number         0  stubs.o ABSOLUTE
    _printf_llx                              0x00000000   Number         0  stubs.o ABSOLUTE
    _printf_longlong_dec                     0x00000000   Number         0  stubs.o ABSOLUTE
    _printf_longlong_hex                     0x00000000   Number         0  stubs.o ABSOLUTE
    _printf_longlong_oct                     0x00000000   Number         0  stubs.o ABSOLUTE
    _printf_ls                               0x00000000   Number         0  stubs.o ABSOLUTE
    _printf_mbtowc                           0x00000000   Number         0  stubs.o ABSOLUTE
    _printf_n                                0x00000000   Number         0  stubs.o ABSOLUTE
    _printf_o                                0x00000000   Number         0  stubs.o ABSOLUTE
    _printf_p                                0x00000000   Number         0  stubs.o ABSOLUTE
    _printf_percent                          0x00000000   Number         0  stubs.o ABSOLUTE
    _printf_pre_padding                      0x00000000   Number         0  stubs.o ABSOLUTE
    _printf_return_value                     0x00000000   Number         0  stubs.o ABSOLUTE
    _printf_s                                0x00000000   Number         0  stubs.o ABSOLUTE
    _printf_sizespec                         0x00000000   Number         0  stubs.o ABSOLUTE
    _printf_str                              0x00000000   Number         0  stubs.o ABSOLUTE
    _printf_truncate_signed                  0x00000000   Number         0  stubs.o ABSOLUTE
    _printf_truncate_unsigned                0x00000000   Number         0  stubs.o ABSOLUTE
    _printf_u                                0x00000000   Number         0  stubs.o ABSOLUTE
    _printf_wc                               0x00000000   Number         0  stubs.o ABSOLUTE
    _printf_wctomb                           0x00000000   Number         0  stubs.o ABSOLUTE
    _printf_widthprec                        0x00000000   Number         0  stubs.o ABSOLUTE
    _printf_x                                0x00000000   Number         0  stubs.o ABSOLUTE
    __cpp_initialize__aeabi_                  - Undefined Weak Reference
    __cxa_finalize                            - Undefined Weak Reference
    _clock_init                               - Undefined Weak Reference
    _microlib_exit                            - Undefined Weak Reference
    __Vectors_Size                           0x00000188   Number         0  startup_stm32f407xx.o ABSOLUTE
    __Vectors                                0x08000000   Data           4  startup_stm32f407xx.o(RESET)
    __Vectors_End                            0x08000188   Data           0  startup_stm32f407xx.o(RESET)
    __main                                   0x08000189   Thumb Code     0  entry.o(.ARM.Collect$$$$00000000)
    _main_stk                                0x08000189   Thumb Code     0  entry2.o(.ARM.Collect$$$$00000001)
    _main_scatterload                        0x0800018d   Thumb Code     0  entry5.o(.ARM.Collect$$$$00000004)
    __main_after_scatterload                 0x08000191   Thumb Code     0  entry5.o(.ARM.Collect$$$$00000004)
    _main_clock                              0x08000191   Thumb Code     0  entry7b.o(.ARM.Collect$$$$00000008)
    _main_cpp_init                           0x08000191   Thumb Code     0  entry8b.o(.ARM.Collect$$$$0000000A)
    _main_init                               0x08000191   Thumb Code     0  entry9a.o(.ARM.Collect$$$$0000000B)
    __rt_final_cpp                           0x08000199   Thumb Code     0  entry10a.o(.ARM.Collect$$$$0000000D)
    __rt_final_exit                          0x08000199   Thumb Code     0  entry11a.o(.ARM.Collect$$$$0000000F)
    Reset_Handler                            0x0800019d   Thumb Code     8  startup_stm32f407xx.o(.text)
    ADC_IRQHandler                           0x080001b7   Thumb Code     0  startup_stm32f407xx.o(.text)
    CAN1_RX0_IRQHandler                      0x080001b7   Thumb Code     0  startup_stm32f407xx.o(.text)
    CAN1_RX1_IRQHandler                      0x080001b7   Thumb Code     0  startup_stm32f407xx.o(.text)
    CAN1_SCE_IRQHandler                      0x080001b7   Thumb Code     0  startup_stm32f407xx.o(.text)
    CAN1_TX_IRQHandler                       0x080001b7   Thumb Code     0  startup_stm32f407xx.o(.text)
    CAN2_RX0_IRQHandler                      0x080001b7   Thumb Code     0  startup_stm32f407xx.o(.text)
    CAN2_RX1_IRQHandler                      0x080001b7   Thumb Code     0  startup_stm32f407xx.o(.text)
    CAN2_SCE_IRQHandler                      0x080001b7   Thumb Code     0  startup_stm32f407xx.o(.text)
    CAN2_TX_IRQHandler                       0x080001b7   Thumb Code     0  startup_stm32f407xx.o(.text)
    DCMI_IRQHandler                          0x080001b7   Thumb Code     0  startup_stm32f407xx.o(.text)
    DMA1_Stream0_IRQHandler                  0x080001b7   Thumb Code     0  startup_stm32f407xx.o(.text)
    DMA1_Stream1_IRQHandler                  0x080001b7   Thumb Code     0  startup_stm32f407xx.o(.text)
    DMA1_Stream2_IRQHandler                  0x080001b7   Thumb Code     0  startup_stm32f407xx.o(.text)
    DMA1_Stream3_IRQHandler                  0x080001b7   Thumb Code     0  startup_stm32f407xx.o(.text)
    DMA1_Stream4_IRQHandler                  0x080001b7   Thumb Code     0  startup_stm32f407xx.o(.text)
    DMA1_Stream5_IRQHandler                  0x080001b7   Thumb Code     0  startup_stm32f407xx.o(.text)
    DMA1_Stream6_IRQHandler                  0x080001b7   Thumb Code     0  startup_stm32f407xx.o(.text)
    DMA1_Stream7_IRQHandler                  0x080001b7   Thumb Code     0  startup_stm32f407xx.o(.text)
    DMA2_Stream0_IRQHandler                  0x080001b7   Thumb Code     0  startup_stm32f407xx.o(.text)
    DMA2_Stream1_IRQHandler                  0x080001b7   Thumb Code     0  startup_stm32f407xx.o(.text)
    DMA2_Stream2_IRQHandler                  0x080001b7   Thumb Code     0  startup_stm32f407xx.o(.text)
    DMA2_Stream3_IRQHandler                  0x080001b7   Thumb Code     0  startup_stm32f407xx.o(.text)
    DMA2_Stream4_IRQHandler                  0x080001b7   Thumb Code     0  startup_stm32f407xx.o(.text)
    DMA2_Stream5_IRQHandler                  0x080001b7   Thumb Code     0  startup_stm32f407xx.o(.text)
    DMA2_Stream6_IRQHandler                  0x080001b7   Thumb Code     0  startup_stm32f407xx.o(.text)
    DMA2_Stream7_IRQHandler                  0x080001b7   Thumb Code     0  startup_stm32f407xx.o(.text)
    ETH_IRQHandler                           0x080001b7   Thumb Code     0  startup_stm32f407xx.o(.text)
    ETH_WKUP_IRQHandler                      0x080001b7   Thumb Code     0  startup_stm32f407xx.o(.text)
    EXTI15_10_IRQHandler                     0x080001b7   Thumb Code     0  startup_stm32f407xx.o(.text)
    EXTI1_IRQHandler                         0x080001b7   Thumb Code     0  startup_stm32f407xx.o(.text)
    EXTI2_IRQHandler                         0x080001b7   Thumb Code     0  startup_stm32f407xx.o(.text)
    EXTI3_IRQHandler                         0x080001b7   Thumb Code     0  startup_stm32f407xx.o(.text)
    EXTI4_IRQHandler                         0x080001b7   Thumb Code     0  startup_stm32f407xx.o(.text)
    EXTI9_5_IRQHandler                       0x080001b7   Thumb Code     0  startup_stm32f407xx.o(.text)
    FLASH_IRQHandler                         0x080001b7   Thumb Code     0  startup_stm32f407xx.o(.text)
    FMC_IRQHandler                           0x080001b7   Thumb Code     0  startup_stm32f407xx.o(.text)
    FPU_IRQHandler                           0x080001b7   Thumb Code     0  startup_stm32f407xx.o(.text)
    HASH_RNG_IRQHandler                      0x080001b7   Thumb Code     0  startup_stm32f407xx.o(.text)
    I2C1_ER_IRQHandler                       0x080001b7   Thumb Code     0  startup_stm32f407xx.o(.text)
    I2C1_EV_IRQHandler                       0x080001b7   Thumb Code     0  startup_stm32f407xx.o(.text)
    I2C2_ER_IRQHandler                       0x080001b7   Thumb Code     0  startup_stm32f407xx.o(.text)
    I2C2_EV_IRQHandler                       0x080001b7   Thumb Code     0  startup_stm32f407xx.o(.text)
    I2C3_ER_IRQHandler                       0x080001b7   Thumb Code     0  startup_stm32f407xx.o(.text)
    I2C3_EV_IRQHandler                       0x080001b7   Thumb Code     0  startup_stm32f407xx.o(.text)
    OTG_FS_IRQHandler                        0x080001b7   Thumb Code     0  startup_stm32f407xx.o(.text)
    OTG_FS_WKUP_IRQHandler                   0x080001b7   Thumb Code     0  startup_stm32f407xx.o(.text)
    OTG_HS_EP1_IN_IRQHandler                 0x080001b7   Thumb Code     0  startup_stm32f407xx.o(.text)
    OTG_HS_EP1_OUT_IRQHandler                0x080001b7   Thumb Code     0  startup_stm32f407xx.o(.text)
    OTG_HS_IRQHandler                        0x080001b7   Thumb Code     0  startup_stm32f407xx.o(.text)
    OTG_HS_WKUP_IRQHandler                   0x080001b7   Thumb Code     0  startup_stm32f407xx.o(.text)
    PVD_IRQHandler                           0x080001b7   Thumb Code     0  startup_stm32f407xx.o(.text)
    RCC_IRQHandler                           0x080001b7   Thumb Code     0  startup_stm32f407xx.o(.text)
    RTC_Alarm_IRQHandler                     0x080001b7   Thumb Code     0  startup_stm32f407xx.o(.text)
    RTC_WKUP_IRQHandler                      0x080001b7   Thumb Code     0  startup_stm32f407xx.o(.text)
    SDIO_IRQHandler                          0x080001b7   Thumb Code     0  startup_stm32f407xx.o(.text)
    SPI1_IRQHandler                          0x080001b7   Thumb Code     0  startup_stm32f407xx.o(.text)
    SPI2_IRQHandler                          0x080001b7   Thumb Code     0  startup_stm32f407xx.o(.text)
    SPI3_IRQHandler                          0x080001b7   Thumb Code     0  startup_stm32f407xx.o(.text)
    TAMP_STAMP_IRQHandler                    0x080001b7   Thumb Code     0  startup_stm32f407xx.o(.text)
    TIM1_BRK_TIM9_IRQHandler                 0x080001b7   Thumb Code     0  startup_stm32f407xx.o(.text)
    TIM1_TRG_COM_TIM11_IRQHandler            0x080001b7   Thumb Code     0  startup_stm32f407xx.o(.text)
    TIM1_UP_TIM10_IRQHandler                 0x080001b7   Thumb Code     0  startup_stm32f407xx.o(.text)
    TIM6_DAC_IRQHandler                      0x080001b7   Thumb Code     0  startup_stm32f407xx.o(.text)
    TIM7_IRQHandler                          0x080001b7   Thumb Code     0  startup_stm32f407xx.o(.text)
    TIM8_BRK_TIM12_IRQHandler                0x080001b7   Thumb Code     0  startup_stm32f407xx.o(.text)
    TIM8_TRG_COM_TIM14_IRQHandler            0x080001b7   Thumb Code     0  startup_stm32f407xx.o(.text)
    TIM8_UP_TIM13_IRQHandler                 0x080001b7   Thumb Code     0  startup_stm32f407xx.o(.text)
    WWDG_IRQHandler                          0x080001b7   Thumb Code     0  startup_stm32f407xx.o(.text)
    __aeabi_uldivmod                         0x080001c1   Thumb Code    98  uldiv.o(.text)
    __aeabi_memset                           0x08000223   Thumb Code    14  memseta.o(.text)
    __aeabi_memset4                          0x08000223   Thumb Code     0  memseta.o(.text)
    __aeabi_memset8                          0x08000223   Thumb Code     0  memseta.o(.text)
    __aeabi_memclr                           0x08000231   Thumb Code     4  memseta.o(.text)
    __aeabi_memclr4                          0x08000231   Thumb Code     0  memseta.o(.text)
    __aeabi_memclr8                          0x08000231   Thumb Code     0  memseta.o(.text)
    _memset$wrapper                          0x08000235   Thumb Code    18  memseta.o(.text)
    __aeabi_dmul                             0x08000247   Thumb Code   228  dmul.o(.text)
    __aeabi_ddiv                             0x0800032b   Thumb Code   222  ddiv.o(.text)
    __aeabi_ui2d                             0x08000409   Thumb Code    26  dfltui.o(.text)
    __aeabi_d2iz                             0x08000423   Thumb Code    62  dfixi.o(.text)
    __aeabi_f2d                              0x08000461   Thumb Code    38  f2d.o(.text)
    __aeabi_d2f                              0x08000487   Thumb Code    56  d2f.o(.text)
    __aeabi_llsl                             0x080004bf   Thumb Code    30  llshl.o(.text)
    _ll_shift_l                              0x080004bf   Thumb Code     0  llshl.o(.text)
    __aeabi_llsr                             0x080004dd   Thumb Code    32  llushr.o(.text)
    _ll_ushift_r                             0x080004dd   Thumb Code     0  llushr.o(.text)
    __I$use$fp                               0x080004fd   Thumb Code     0  iusefp.o(.text)
    _float_round                             0x080004fd   Thumb Code    18  fepilogue.o(.text)
    _float_epilogue                          0x0800050f   Thumb Code    92  fepilogue.o(.text)
    _double_round                            0x0800056b   Thumb Code    30  depilogue.o(.text)
    _double_epilogue                         0x08000589   Thumb Code   156  depilogue.o(.text)
    _dsqrt                                   0x08000625   Thumb Code   162  dsqrt.o(.text)
    __scatterload                            0x080006c9   Thumb Code    28  init.o(.text)
    __scatterload_rt2                        0x080006c9   Thumb Code     0  init.o(.text)
    __decompress                             0x080006ed   Thumb Code     0  __dczerorl2.o(.text)
    __decompress1                            0x080006ed   Thumb Code    86  __dczerorl2.o(.text)
    Boot_ParLst                              0x08000743   Thumb Code     2  dowith.o(i.Boot_ParLst)
    BusFault_Handler                         0x08000745   Thumb Code     2  stm32f4xx_it.o(i.BusFault_Handler)
    CRC16                                    0x08000749   Thumb Code    40  com1_232.o(i.CRC16)
    Com1_RcvProcess                          0x08000775   Thumb Code   214  com1_232.o(i.Com1_RcvProcess)
    Com1_SlaveSend                           0x08000885   Thumb Code   590  com1_232.o(i.Com1_SlaveSend)
    Com2_RcvProcess                          0x08000b11   Thumb Code   214  com2_232.o(i.Com2_RcvProcess)
    Com2_SlaveSend                           0x08000c21   Thumb Code   590  com2_232.o(i.Com2_SlaveSend)
    Com3_RcvProcess                          0x08000ead   Thumb Code   214  com3_232.o(i.Com3_RcvProcess)
    Com3_SlaveSend                           0x08000fbd   Thumb Code   590  com3_232.o(i.Com3_SlaveSend)
    Com4_RcvProcess                          0x08001249   Thumb Code   214  com4_232.o(i.Com4_RcvProcess)
    Com4_SlaveSend                           0x08001359   Thumb Code   590  com4_232.o(i.Com4_SlaveSend)
    Com5_RcvProcess                          0x080015e5   Thumb Code   214  com5_232.o(i.Com5_RcvProcess)
    Com5_SlaveSend                           0x080016f5   Thumb Code   590  com5_232.o(i.Com5_SlaveSend)
    Com6_RcvProcess                          0x08001981   Thumb Code   214  com6_232.o(i.Com6_RcvProcess)
    Com6_SlaveSend                           0x08001a91   Thumb Code   590  com6_232.o(i.Com6_SlaveSend)
    DebugMon_Handler                         0x08001d1d   Thumb Code     2  stm32f4xx_it.o(i.DebugMon_Handler)
    EXTI0_IRQHandler                         0x08001d1f   Thumb Code     6  stm32f4xx_it.o(i.EXTI0_IRQHandler)
    Error_Handler                            0x08001d25   Thumb Code     4  main.o(i.Error_Handler)
    HAL_DMA_Abort                            0x08001d29   Thumb Code   142  stm32f4xx_hal_dma.o(i.HAL_DMA_Abort)
    HAL_DMA_Abort_IT                         0x08001db7   Thumb Code    36  stm32f4xx_hal_dma.o(i.HAL_DMA_Abort_IT)
    HAL_Delay                                0x08001ddd   Thumb Code    32  stm32f4xx_hal.o(i.HAL_Delay)
    HAL_GPIO_EXTI_Callback                   0x08001e01   Thumb Code    90  main.o(i.HAL_GPIO_EXTI_Callback)
    HAL_GPIO_EXTI_IRQHandler                 0x08001e6d   Thumb Code    18  stm32f4xx_hal_gpio.o(i.HAL_GPIO_EXTI_IRQHandler)
    HAL_GPIO_Init                            0x08001e85   Thumb Code   448  stm32f4xx_hal_gpio.o(i.HAL_GPIO_Init)
    HAL_GPIO_TogglePin                       0x08002071   Thumb Code    16  stm32f4xx_hal_gpio.o(i.HAL_GPIO_TogglePin)
    HAL_GPIO_WritePin                        0x08002081   Thumb Code    10  stm32f4xx_hal_gpio.o(i.HAL_GPIO_WritePin)
    HAL_GetTick                              0x0800208d   Thumb Code     6  stm32f4xx_hal.o(i.HAL_GetTick)
    HAL_IncTick                              0x08002099   Thumb Code    12  stm32f4xx_hal.o(i.HAL_IncTick)
    HAL_Init                                 0x080020a9   Thumb Code    48  stm32f4xx_hal.o(i.HAL_Init)
    HAL_InitTick                             0x080020dd   Thumb Code    54  stm32f4xx_hal.o(i.HAL_InitTick)
    HAL_MspInit                              0x0800211d   Thumb Code    48  stm32f4xx_hal_msp.o(i.HAL_MspInit)
    HAL_NVIC_EnableIRQ                       0x08002151   Thumb Code    26  stm32f4xx_hal_cortex.o(i.HAL_NVIC_EnableIRQ)
    HAL_NVIC_SetPriority                     0x0800216d   Thumb Code    60  stm32f4xx_hal_cortex.o(i.HAL_NVIC_SetPriority)
    HAL_NVIC_SetPriorityGrouping             0x080021ad   Thumb Code    26  stm32f4xx_hal_cortex.o(i.HAL_NVIC_SetPriorityGrouping)
    HAL_RCC_ClockConfig                      0x080021d1   Thumb Code   288  stm32f4xx_hal_rcc.o(i.HAL_RCC_ClockConfig)
    HAL_RCC_GetPCLK1Freq                     0x08002305   Thumb Code    20  stm32f4xx_hal_rcc.o(i.HAL_RCC_GetPCLK1Freq)
    HAL_RCC_GetPCLK2Freq                     0x08002325   Thumb Code    20  stm32f4xx_hal_rcc.o(i.HAL_RCC_GetPCLK2Freq)
    HAL_RCC_GetSysClockFreq                  0x08002345   Thumb Code    88  stm32f4xx_hal_rcc.o(i.HAL_RCC_GetSysClockFreq)
    HAL_RCC_OscConfig                        0x080023a5   Thumb Code   856  stm32f4xx_hal_rcc.o(i.HAL_RCC_OscConfig)
    HAL_SPI_Init                             0x08002711   Thumb Code   188  stm32f4xx_hal_spi.o(i.HAL_SPI_Init)
    HAL_SPI_MspInit                          0x080027cd   Thumb Code   212  spi.o(i.HAL_SPI_MspInit)
    HAL_SPI_TransmitReceive                  0x080028b9   Thumb Code   482  stm32f4xx_hal_spi.o(i.HAL_SPI_TransmitReceive)
    HAL_SYSTICK_Config                       0x08002a9b   Thumb Code    40  stm32f4xx_hal_cortex.o(i.HAL_SYSTICK_Config)
    HAL_TIMEx_ConfigBreakDeadTime            0x08002ac3   Thumb Code    84  stm32f4xx_hal_tim_ex.o(i.HAL_TIMEx_ConfigBreakDeadTime)
    HAL_TIMEx_MasterConfigSynchronization    0x08002b19   Thumb Code   116  stm32f4xx_hal_tim_ex.o(i.HAL_TIMEx_MasterConfigSynchronization)
    HAL_TIM_Base_Init                        0x08002ba9   Thumb Code    90  stm32f4xx_hal_tim.o(i.HAL_TIM_Base_Init)
    HAL_TIM_Base_MspInit                     0x08002c05   Thumb Code   256  tim.o(i.HAL_TIM_Base_MspInit)
    HAL_TIM_Base_Start                       0x08002d21   Thumb Code    90  stm32f4xx_hal_tim.o(i.HAL_TIM_Base_Start)
    HAL_TIM_ConfigClockSource                0x08002d99   Thumb Code   214  stm32f4xx_hal_tim.o(i.HAL_TIM_ConfigClockSource)
    HAL_TIM_MspPostInit                      0x08002e71   Thumb Code   250  tim.o(i.HAL_TIM_MspPostInit)
    HAL_TIM_OC_ConfigChannel                 0x08002f95   Thumb Code    76  stm32f4xx_hal_tim.o(i.HAL_TIM_OC_ConfigChannel)
    HAL_TIM_OC_Init                          0x08002fe1   Thumb Code    90  stm32f4xx_hal_tim.o(i.HAL_TIM_OC_Init)
    HAL_TIM_OC_MspInit                       0x0800303b   Thumb Code     2  stm32f4xx_hal_tim.o(i.HAL_TIM_OC_MspInit)
    HAL_UARTEx_RxEventCallback               0x0800303d   Thumb Code     2  stm32f4xx_hal_uart.o(i.HAL_UARTEx_RxEventCallback)
    HAL_UART_ErrorCallback                   0x0800303f   Thumb Code     2  stm32f4xx_hal_uart.o(i.HAL_UART_ErrorCallback)
    HAL_UART_IRQHandler                      0x08003041   Thumb Code   522  stm32f4xx_hal_uart.o(i.HAL_UART_IRQHandler)
    HAL_UART_Init                            0x08003251   Thumb Code    98  stm32f4xx_hal_uart.o(i.HAL_UART_Init)
    HAL_UART_MspInit                         0x080032b5   Thumb Code   536  usart.o(i.HAL_UART_MspInit)
    HAL_UART_Receive_IT                      0x080034fd   Thumb Code    42  stm32f4xx_hal_uart.o(i.HAL_UART_Receive_IT)
    HAL_UART_RxCpltCallback                  0x08003529   Thumb Code   206  main.o(i.HAL_UART_RxCpltCallback)
    HAL_UART_Transmit                        0x08003639   Thumb Code   178  stm32f4xx_hal_uart.o(i.HAL_UART_Transmit)
    HAL_UART_TxCpltCallback                  0x080036eb   Thumb Code     2  main.o(i.HAL_UART_TxCpltCallback)
    HardFault_Handler                        0x080036ed   Thumb Code     2  stm32f4xx_it.o(i.HardFault_Handler)
    MOTOR1_AxisMoveRel                       0x080036f1   Thumb Code   592  bsp_motor1.o(i.MOTOR1_AxisMoveRel)
    MOTOR1_TIMx_Init                         0x08003a11   Thumb Code   158  bsp_motor1.o(i.MOTOR1_TIMx_Init)
    MOTOR2_AxisMoveRel                       0x08003ab9   Thumb Code   588  bsp_motor2.o(i.MOTOR2_AxisMoveRel)
    MOTOR2_TIMx_Init                         0x08003dd9   Thumb Code   150  bsp_motor2.o(i.MOTOR2_TIMx_Init)
    MOTOR3_AxisMoveRel                       0x08003e7d   Thumb Code   594  bsp_motor3.o(i.MOTOR3_AxisMoveRel)
    MOTOR3_TIMx_Init                         0x0800419d   Thumb Code   150  bsp_motor3.o(i.MOTOR3_TIMx_Init)
    MOTOR4_AxisMoveRel                       0x08004241   Thumb Code   594  bsp_motor4.o(i.MOTOR4_AxisMoveRel)
    MOTOR4_TIMx_Init                         0x08004565   Thumb Code   152  bsp_motor4.o(i.MOTOR4_TIMx_Init)
    MOTOR5_AxisMoveRel                       0x08004609   Thumb Code   588  bsp_motor5.o(i.MOTOR5_AxisMoveRel)
    MOTOR5_TIMx_Init                         0x0800492d   Thumb Code   150  bsp_motor5.o(i.MOTOR5_TIMx_Init)
    MOTOR6_AxisMoveRel                       0x080049d1   Thumb Code   594  bsp_motor6.o(i.MOTOR6_AxisMoveRel)
    MOTOR6_TIMx_Init                         0x08004cf5   Thumb Code   150  bsp_motor6.o(i.MOTOR6_TIMx_Init)
    MX_GPIO_Init                             0x08004d99   Thumb Code   596  gpio.o(i.MX_GPIO_Init)
    MX_SPI1_Init                             0x08005011   Thumb Code    62  spi.o(i.MX_SPI1_Init)
    MX_SPI2_Init                             0x08005059   Thumb Code    60  spi.o(i.MX_SPI2_Init)
    MX_SPI3_Init                             0x0800509d   Thumb Code    60  spi.o(i.MX_SPI3_Init)
    MX_TIM1_Init                             0x080050e1   Thumb Code   198  tim.o(i.MX_TIM1_Init)
    MX_TIM2_Init                             0x080051b1   Thumb Code   148  tim.o(i.MX_TIM2_Init)
    MX_TIM3_Init                             0x08005249   Thumb Code   146  tim.o(i.MX_TIM3_Init)
    MX_TIM4_Init                             0x080052e5   Thumb Code   146  tim.o(i.MX_TIM4_Init)
    MX_TIM5_Init                             0x08005381   Thumb Code   146  tim.o(i.MX_TIM5_Init)
    MX_TIM7_Init                             0x0800541d   Thumb Code    58  tim.o(i.MX_TIM7_Init)
    MX_TIM8_Init                             0x08005461   Thumb Code   194  tim.o(i.MX_TIM8_Init)
    MX_UART4_Init                            0x0800552d   Thumb Code    54  usart.o(i.MX_UART4_Init)
    MX_UART5_Init                            0x08005571   Thumb Code    54  usart.o(i.MX_UART5_Init)
    MX_USART1_UART_Init                      0x080055b5   Thumb Code    54  usart.o(i.MX_USART1_UART_Init)
    MX_USART2_UART_Init                      0x080055f9   Thumb Code    54  usart.o(i.MX_USART2_UART_Init)
    MX_USART3_UART_Init                      0x0800563d   Thumb Code    54  usart.o(i.MX_USART3_UART_Init)
    MX_USART6_UART_Init                      0x08005681   Thumb Code    54  usart.o(i.MX_USART6_UART_Init)
    MemManage_Handler                        0x080056c5   Thumb Code     2  stm32f4xx_it.o(i.MemManage_Handler)
    NMI_Handler                              0x080056c7   Thumb Code     2  stm32f4xx_it.o(i.NMI_Handler)
    ParLimit                                 0x080056c9   Thumb Code   436  dowith.o(i.ParLimit)
    ParLst_Init                              0x08005885   Thumb Code     2  dowith.o(i.ParLst_Init)
    PendSV_Handler                           0x08005887   Thumb Code     2  stm32f4xx_it.o(i.PendSV_Handler)
    SPI1_ReadWriteByte                       0x08005889   Thumb Code    28  spi.o(i.SPI1_ReadWriteByte)
    SPI_CS_H                                 0x080058a9   Thumb Code    10  wk2xxx.o(i.SPI_CS_H)
    SPI_CS_L                                 0x080058b9   Thumb Code    10  wk2xxx.o(i.SPI_CS_L)
    SVC_Handler                              0x080059d9   Thumb Code     2  stm32f4xx_it.o(i.SVC_Handler)
    SysTick_Handler                          0x080059dd   Thumb Code    42  stm32f4xx_it.o(i.SysTick_Handler)
    SystemClock_Config                       0x08005a0d   Thumb Code   134  main.o(i.SystemClock_Config)
    SystemInit                               0x08005a9d   Thumb Code    22  system_stm32f4xx.o(i.SystemInit)
    TIM1_CC_IRQHandler                       0x08005ab9   Thumb Code   198  bsp_motor5.o(i.TIM1_CC_IRQHandler)
    TIM2_IRQHandler                          0x08005b99   Thumb Code   198  bsp_motor1.o(i.TIM2_IRQHandler)
    TIM3_IRQHandler                          0x08005c75   Thumb Code   202  bsp_motor4.o(i.TIM3_IRQHandler)
    TIM4_IRQHandler                          0x08005d59   Thumb Code   198  bsp_motor2.o(i.TIM4_IRQHandler)
    TIM5_IRQHandler                          0x08005e39   Thumb Code   198  bsp_motor6.o(i.TIM5_IRQHandler)
    TIM8_CC_IRQHandler                       0x08005f19   Thumb Code   198  bsp_motor3.o(i.TIM8_CC_IRQHandler)
    TIM_Base_SetConfig                       0x08005ff9   Thumb Code   156  stm32f4xx_hal_tim.o(i.TIM_Base_SetConfig)
    TIM_CCxChannelCmd                        0x080060c1   Thumb Code    26  stm32f4xx_hal_tim.o(i.TIM_CCxChannelCmd)
    TIM_ETR_SetConfig                        0x080060db   Thumb Code    20  stm32f4xx_hal_tim.o(i.TIM_ETR_SetConfig)
    TIM_OC2_SetConfig                        0x08006161   Thumb Code    98  stm32f4xx_hal_tim.o(i.TIM_OC2_SetConfig)
    Test_Send_Pulse                          0x080062cd   Thumb Code   128  main.o(i.Test_Send_Pulse)
    UART4_IRQHandler                         0x08006369   Thumb Code     6  stm32f4xx_it.o(i.UART4_IRQHandler)
    UART5_IRQHandler                         0x08006375   Thumb Code     6  stm32f4xx_it.o(i.UART5_IRQHandler)
    UART_Start_Receive_IT                    0x0800657d   Thumb Code    54  stm32f4xx_hal_uart.o(i.UART_Start_Receive_IT)
    USART1_IRQHandler                        0x08006619   Thumb Code     6  stm32f4xx_it.o(i.USART1_IRQHandler)
    USART2_IRQHandler                        0x08006625   Thumb Code     6  stm32f4xx_it.o(i.USART2_IRQHandler)
    USART3_IRQHandler                        0x08006631   Thumb Code     6  stm32f4xx_it.o(i.USART3_IRQHandler)
    USART6_IRQHandler                        0x0800663d   Thumb Code     6  stm32f4xx_it.o(i.USART6_IRQHandler)
    Uart_RT                                  0x08006649   Thumb Code    54  main.o(i.Uart_RT)
    UsageFault_Handler                       0x0800667f   Thumb Code     2  stm32f4xx_it.o(i.UsageFault_Handler)
    Variable_Init                            0x08006681   Thumb Code   482  dowith.o(i.Variable_Init)
    Wk2xxxReadFifo                           0x08006935   Thumb Code    52  wk2xxx.o(i.Wk2xxxReadFifo)
    Wk2xxxReadReg                            0x08006969   Thumb Code    38  wk2xxx.o(i.Wk2xxxReadReg)
    __hardfp_sqrt                            0x080069af   Thumb Code   122  sqrt.o(i.__hardfp_sqrt)
    __scatterload_copy                       0x08006a29   Thumb Code    14  handlers.o(i.__scatterload_copy)
    __scatterload_null                       0x08006a37   Thumb Code     2  handlers.o(i.__scatterload_null)
    __scatterload_zeroinit                   0x08006a39   Thumb Code    14  handlers.o(i.__scatterload_zeroinit)
    __set_errno                              0x08006a49   Thumb Code     6  errno.o(i.__set_errno)
    main                                     0x08006a55   Thumb Code   142  main.o(i.main)
    wk_RxChars                               0x08006ae3   Thumb Code    82  wk2xxx.o(i.wk_RxChars)
    CRC_H                                    0x08006b34   Data         256  com1_232.o(.constdata)
    CRC_L                                    0x08006c34   Data         256  com1_232.o(.constdata)
    AHBPrescTable                            0x08006d34   Data          16  system_stm32f4xx.o(.constdata)
    APBPrescTable                            0x08006d44   Data           8  system_stm32f4xx.o(.constdata)
    Region$$Table$$Base                      0x08006d4c   Number         0  anon$$obj.o(Region$$Table)
    Region$$Table$$Limit                     0x08006d7c   Number         0  anon$$obj.o(Region$$Table)
    dir                                      0x10000000   Data           1  main.o(.data)
    Tmp_Rxd1Buffer                           0x10000006   Data           1  main.o(.data)
    Tmp_Rxd2Buffer                           0x10000007   Data           1  main.o(.data)
    Tmp_Rxd3Buffer                           0x10000008   Data           1  main.o(.data)
    Tmp_Rxd4Buffer                           0x10000009   Data           1  main.o(.data)
    Tmp_Rxd5Buffer                           0x1000000a   Data           1  main.o(.data)
    Tmp_Rxd6Buffer                           0x1000000b   Data           1  main.o(.data)
    Rcv1Counter                              0x1000000c   Data           2  main.o(.data)
    Rcv2Counter                              0x1000000e   Data           2  main.o(.data)
    Rcv3Counter                              0x10000010   Data           2  main.o(.data)
    Rcv4Counter                              0x10000012   Data           2  main.o(.data)
    Rcv5Counter                              0x10000014   Data           2  main.o(.data)
    Rcv6Counter                              0x10000016   Data           2  main.o(.data)
    asc                                      0x10000018   Data           2  main.o(.data)
    step_to_run_MOTOR1                       0x10000024   Data           4  main.o(.data)
    step_to_run_MOTOR2                       0x10000028   Data           4  main.o(.data)
    step_to_run_MOTOR3                       0x1000002c   Data           4  main.o(.data)
    step_to_run_MOTOR4                       0x10000030   Data           4  main.o(.data)
    step_to_run_MOTOR5                       0x10000034   Data           4  main.o(.data)
    step_to_run_MOTOR6                       0x10000038   Data           4  main.o(.data)
    targetp                                  0x1000003c   Data           4  main.o(.data)
    distance                                 0x10000040   Data           4  main.o(.data)
    bNetworkMap                              0x10000044   Data          42  main.o(.data)
    SoftClock                                0x1000006e   Data           8  main.o(.data)
    w_ModRealTimeNo                          0x10000076   Data           2  main.o(.data)
    Q_VfStop                                 0x10000078   Data           1  main.o(.data)
    F_ManualRunStop                          0x10000079   Data           1  main.o(.data)
    F_TouchRunStop                           0x1000007a   Data           1  main.o(.data)
    F_AskReset                               0x1000007b   Data           1  main.o(.data)
    F_Reseting                               0x1000007c   Data           1  main.o(.data)
    F_TouchForceReSet                        0x1000007d   Data           1  main.o(.data)
    F_AskForceReset                          0x1000007e   Data           1  main.o(.data)
    F_ForceReseting                          0x1000007f   Data           1  main.o(.data)
    F_StepMode                               0x10000080   Data           1  main.o(.data)
    F_PowerOnRun                             0x10000081   Data           1  main.o(.data)
    F_Stoping                                0x10000082   Data           1  main.o(.data)
    F_Starting                               0x10000083   Data           1  main.o(.data)
    F_Encoder_Read                           0x10000084   Data           1  main.o(.data)
    F_AskStop                                0x10000085   Data           1  main.o(.data)
    F_ModRealTime                            0x10000086   Data           1  main.o(.data)
    F_AllRdy                                 0x10000087   Data           1  main.o(.data)
    arr_p1                                   0x10000088   Data           4  main.o(.data)
    arrp_p1_Last                             0x1000008c   Data           4  main.o(.data)
    T_Driver1_delay                          0x10000090   Data           4  main.o(.data)
    C_Driver1_delayCount                     0x10000094   Data           4  main.o(.data)
    T_Driver2_delay                          0x10000098   Data           4  main.o(.data)
    C_Driver2_delayCount                     0x1000009c   Data           4  main.o(.data)
    T_Driver3_delay                          0x100000a0   Data           4  main.o(.data)
    C_Driver3_delayCount                     0x100000a4   Data           4  main.o(.data)
    T_Driver4_delay                          0x100000a8   Data           4  main.o(.data)
    C_Driver4_delayCount                     0x100000ac   Data           4  main.o(.data)
    T_Driver5_delay                          0x100000b0   Data           4  main.o(.data)
    C_Driver5_delayCount                     0x100000b4   Data           4  main.o(.data)
    T_Driver6_delay                          0x100000b8   Data           4  main.o(.data)
    C_Driver6_delayCount                     0x100000bc   Data           4  main.o(.data)
    F_SendStopCMD2                           0x100000c0   Data           1  main.o(.data)
    Driver1_Write_Sort                       0x100000c1   Data           1  main.o(.data)
    Driver2_Write_Sort                       0x100000c2   Data           1  main.o(.data)
    Driver3_Write_Sort                       0x100000c3   Data           1  main.o(.data)
    Driver4_Write_Sort                       0x100000c4   Data           1  main.o(.data)
    Driver5_Write_Sort                       0x100000c5   Data           1  main.o(.data)
    Driver6_Write_Sort                       0x100000c6   Data           1  main.o(.data)
    Driver1_Pos_Start_Sort                   0x100000c7   Data           1  main.o(.data)
    Driver2_Pos_Start_Sort                   0x100000c8   Data           1  main.o(.data)
    Driver3_Pos_Start_Sort                   0x100000c9   Data           1  main.o(.data)
    Driver4_Pos_Start_Sort                   0x100000ca   Data           1  main.o(.data)
    Driver5_Pos_Start_Sort                   0x100000cb   Data           1  main.o(.data)
    Driver6_Pos_Start_Sort                   0x100000cc   Data           1  main.o(.data)
    Driver1_Status_Sort                      0x100000cd   Data           1  main.o(.data)
    Txd1Counter                              0x100000ce   Data           2  main.o(.data)
    BakRcv1Count                             0x100000d0   Data           2  main.o(.data)
    Txd1Max                                  0x100000d2   Data           2  main.o(.data)
    w_Txd1ChkSum                             0x100000d4   Data           2  main.o(.data)
    w_Com1RegAddr                            0x100000d6   Data           2  main.o(.data)
    B_Com1Cmd03                              0x100000d8   Data           1  main.o(.data)
    B_Com1Cmd16                              0x100000d9   Data           1  main.o(.data)
    B_Com1Cmd01                              0x100000da   Data           1  main.o(.data)
    B_Com1Cmd06                              0x100000db   Data           1  main.o(.data)
    T_NoRcv1Count                            0x100000dc   Data           2  main.o(.data)
    C_NoRcv1Count                            0x100000de   Data           2  main.o(.data)
    Txd2Counter                              0x100000e0   Data           2  main.o(.data)
    BakRcv2Count                             0x100000e2   Data           2  main.o(.data)
    Txd2Max                                  0x100000e4   Data           2  main.o(.data)
    w_Txd2ChkSum                             0x100000e6   Data           2  main.o(.data)
    w_Com2RegAddr                            0x100000e8   Data           2  main.o(.data)
    B_Com2Cmd03                              0x100000ea   Data           1  main.o(.data)
    B_Com2Cmd16                              0x100000eb   Data           1  main.o(.data)
    B_Com2Cmd01                              0x100000ec   Data           1  main.o(.data)
    B_Com2Cmd06                              0x100000ed   Data           1  main.o(.data)
    T_NoRcv2Count                            0x100000ee   Data           2  main.o(.data)
    C_NoRcv2Count                            0x100000f0   Data           2  main.o(.data)
    Txd3Counter                              0x100000f2   Data           2  main.o(.data)
    BakRcv3Count                             0x100000f4   Data           2  main.o(.data)
    Txd3Max                                  0x100000f6   Data           2  main.o(.data)
    w_Txd3ChkSum                             0x100000f8   Data           2  main.o(.data)
    w_Com3RegAddr                            0x100000fa   Data           2  main.o(.data)
    B_Com3Cmd03                              0x100000fc   Data           1  main.o(.data)
    B_Com3Cmd16                              0x100000fd   Data           1  main.o(.data)
    B_Com3Cmd01                              0x100000fe   Data           1  main.o(.data)
    B_Com3Cmd06                              0x100000ff   Data           1  main.o(.data)
    T_NoRcv3Count                            0x10000100   Data           2  main.o(.data)
    C_NoRcv3Count                            0x10000102   Data           2  main.o(.data)
    Txd4Counter                              0x10000104   Data           2  main.o(.data)
    BakRcv4Count                             0x10000106   Data           2  main.o(.data)
    Txd4Max                                  0x10000108   Data           2  main.o(.data)
    w_Txd4ChkSum                             0x1000010a   Data           2  main.o(.data)
    w_Com4RegAddr                            0x1000010c   Data           2  main.o(.data)
    B_Com4Cmd03                              0x1000010e   Data           1  main.o(.data)
    B_Com4Cmd16                              0x1000010f   Data           1  main.o(.data)
    B_Com4Cmd01                              0x10000110   Data           1  main.o(.data)
    B_Com4Cmd06                              0x10000111   Data           1  main.o(.data)
    T_NoRcv4Count                            0x10000112   Data           2  main.o(.data)
    C_NoRcv4Count                            0x10000114   Data           2  main.o(.data)
    Txd5Counter                              0x10000116   Data           2  main.o(.data)
    BakRcv5Count                             0x10000118   Data           2  main.o(.data)
    Txd5Max                                  0x1000011a   Data           2  main.o(.data)
    w_Txd5ChkSum                             0x1000011c   Data           2  main.o(.data)
    w_Com5RegAddr                            0x1000011e   Data           2  main.o(.data)
    B_Com5Cmd03                              0x10000120   Data           1  main.o(.data)
    B_Com5Cmd16                              0x10000121   Data           1  main.o(.data)
    B_Com5Cmd01                              0x10000122   Data           1  main.o(.data)
    B_Com5Cmd06                              0x10000123   Data           1  main.o(.data)
    T_NoRcv5Count                            0x10000124   Data           2  main.o(.data)
    C_NoRcv5Count                            0x10000126   Data           2  main.o(.data)
    Txd6Counter                              0x10000128   Data           2  main.o(.data)
    BakRcv6Count                             0x1000012a   Data           2  main.o(.data)
    Txd6Max                                  0x1000012c   Data           2  main.o(.data)
    w_Txd6ChkSum                             0x1000012e   Data           2  main.o(.data)
    w_Com6RegAddr                            0x10000130   Data           2  main.o(.data)
    B_Com6Cmd03                              0x10000132   Data           1  main.o(.data)
    B_Com6Cmd16                              0x10000133   Data           1  main.o(.data)
    B_Com6Cmd01                              0x10000134   Data           1  main.o(.data)
    B_Com6Cmd06                              0x10000135   Data           1  main.o(.data)
    T_NoRcv6Count                            0x10000136   Data           2  main.o(.data)
    C_NoRcv6Count                            0x10000138   Data           2  main.o(.data)
    uwTickFreq                               0x1000013c   Data           1  stm32f4xx_hal.o(.data)
    uwTickPrio                               0x10000140   Data           4  stm32f4xx_hal.o(.data)
    uwTick                                   0x10000144   Data           4  stm32f4xx_hal.o(.data)
    SystemCoreClock                          0x10000148   Data           4  system_stm32f4xx.o(.data)
    Motor3_MotionStatus                      0x1000014c   Data           1  bsp_motor3.o(.data)
    Motor3_status                            0x1000014d   Data           1  bsp_motor3.o(.data)
    Motor3_num                               0x10000150   Data           4  bsp_motor3.o(.data)
    Motor1_MotionStatus                      0x10000158   Data           1  bsp_motor1.o(.data)
    Motor1_status                            0x10000159   Data           1  bsp_motor1.o(.data)
    Motor1_num                               0x1000015c   Data           4  bsp_motor1.o(.data)
    Motor2_MotionStatus                      0x10000164   Data           1  bsp_motor2.o(.data)
    Motor2_status                            0x10000165   Data           1  bsp_motor2.o(.data)
    Motor2_num                               0x10000168   Data           4  bsp_motor2.o(.data)
    Motor4_MotionStatus                      0x10000170   Data           1  bsp_motor4.o(.data)
    Motor4_status                            0x10000171   Data           1  bsp_motor4.o(.data)
    Motor4_num                               0x10000174   Data           4  bsp_motor4.o(.data)
    Motor5_MotionStatus                      0x1000017c   Data           1  bsp_motor5.o(.data)
    Motor5_status                            0x1000017d   Data           1  bsp_motor5.o(.data)
    Motor5_num                               0x10000180   Data           4  bsp_motor5.o(.data)
    Motor6_MotionStatus                      0x10000188   Data           1  bsp_motor6.o(.data)
    Motor6_status                            0x10000189   Data           1  bsp_motor6.o(.data)
    Motor6_num                               0x1000018c   Data           4  bsp_motor6.o(.data)
    WkPort1_RcvBuffer                        0x10000198   Data         255  wk_port1.o(.bss)
    WkPort2_RcvBuffer                        0x10000297   Data         255  wk_port1.o(.bss)
    WkPort3_RcvBuffer                        0x10000396   Data         255  wk_port1.o(.bss)
    WkPort4_RcvBuffer                        0x10000495   Data         255  wk_port1.o(.bss)
    w_ParLst_Drive                           0x10000594   Data       21600  main.o(.bss)
    Txd1Buffer                               0x100059f4   Data         255  main.o(.bss)
    Txd2Buffer                               0x10005af3   Data         255  main.o(.bss)
    Txd3Buffer                               0x10005bf2   Data         255  main.o(.bss)
    Txd4Buffer                               0x10005cf1   Data         255  main.o(.bss)
    Txd5Buffer                               0x10005df0   Data         255  main.o(.bss)
    Txd6Buffer                               0x10005eef   Data         255  main.o(.bss)
    hspi1                                    0x10005ff0   Data          88  spi.o(.bss)
    hspi2                                    0x10006048   Data          88  spi.o(.bss)
    hspi3                                    0x100060a0   Data          88  spi.o(.bss)
    htim1                                    0x100060f8   Data          72  tim.o(.bss)
    htim2                                    0x10006140   Data          72  tim.o(.bss)
    htim3                                    0x10006188   Data          72  tim.o(.bss)
    htim4                                    0x100061d0   Data          72  tim.o(.bss)
    htim5                                    0x10006218   Data          72  tim.o(.bss)
    htim7                                    0x10006260   Data          72  tim.o(.bss)
    htim8                                    0x100062a8   Data          72  tim.o(.bss)
    huart4                                   0x100062f0   Data          68  usart.o(.bss)
    huart5                                   0x10006334   Data          68  usart.o(.bss)
    huart1                                   0x10006378   Data          68  usart.o(.bss)
    huart2                                   0x100063bc   Data          68  usart.o(.bss)
    huart3                                   0x10006400   Data          68  usart.o(.bss)
    huart6                                   0x10006444   Data          68  usart.o(.bss)
    Motor3_srd                               0x10006488   Data          24  bsp_motor3.o(.bss)
    htim8_MOTOR3                             0x100064a0   Data          72  bsp_motor3.o(.bss)
    Motor1_srd                               0x100064e8   Data          24  bsp_motor1.o(.bss)
    htim2_MOTOR1                             0x10006500   Data          72  bsp_motor1.o(.bss)
    MOTOR2_srd                               0x10006548   Data          24  bsp_motor2.o(.bss)
    htim4_MOTOR2                             0x10006560   Data          72  bsp_motor2.o(.bss)
    MOTOR4_srd                               0x100065a8   Data          24  bsp_motor4.o(.bss)
    htim3_MOTOR4                             0x100065c0   Data          72  bsp_motor4.o(.bss)
    MOTOR5_srd                               0x10006608   Data          24  bsp_motor5.o(.bss)
    htim1_MOTOR5                             0x10006620   Data          72  bsp_motor5.o(.bss)
    MOTOR6_srd                               0x10006668   Data          24  bsp_motor6.o(.bss)
    htim5_MOTOR6                             0x10006680   Data          72  bsp_motor6.o(.bss)
    __initial_sp                             0x10006ac8   Data           0  startup_stm32f407xx.o(STACK)
    send_Buf                                 0x20000000   Data        4000  main.o(.bss)
    w_ParLst                                 0x20000fa0   Data        1680  main.o(.bss)
    Rcv1Buffer                               0x20001630   Data         255  main.o(.bss)
    Rcv2Buffer                               0x2000172f   Data         255  main.o(.bss)
    Rcv3Buffer                               0x2000182e   Data         255  main.o(.bss)
    Rcv4Buffer                               0x2000192d   Data         255  main.o(.bss)
    Rcv5Buffer                               0x20001a2c   Data         255  main.o(.bss)
    Rcv6Buffer                               0x20001b2b   Data         255  main.o(.bss)
    fre_MOTOR1                               0x20001c2c   Data       12000  main.o(.bss)
    period_MOTOR1                            0x20004b0c   Data        6000  main.o(.bss)
    fre_MOTOR2                               0x2000627c   Data       12000  main.o(.bss)
    period_MOTOR2                            0x2000915c   Data        6000  main.o(.bss)
    fre_MOTOR3                               0x2000a8cc   Data       12000  main.o(.bss)
    period_MOTOR3                            0x2000d7ac   Data        6000  main.o(.bss)
    fre_MOTOR4                               0x2000ef1c   Data       12000  main.o(.bss)
    period_MOTOR4                            0x20011dfc   Data        6000  main.o(.bss)
    fre_MOTOR5                               0x2001356c   Data       12000  main.o(.bss)
    period_MOTOR5                            0x2001644c   Data        6000  main.o(.bss)
    fre_MOTOR6                               0x20017bbc   Data       12000  main.o(.bss)
    period_MOTOR6                            0x2001aa9c   Data        6000  main.o(.bss)



==============================================================================

Memory Map of the image

  Image Entry point : 0x08000189

  Load Region LR_IROM1 (Base: 0x08000000, Size: 0x00006f14, Max: 0x00100000, ABSOLUTE, COMPRESSED[0x00006d94])

    Execution Region ER_IROM1 (Exec base: 0x08000000, Load base: 0x08000000, Size: 0x00006d7c, Max: 0x00100000, ABSOLUTE)

    Exec Addr    Load Addr    Size         Type   Attr      Idx    E Section Name        Object

    0x08000000   0x08000000   0x00000188   Data   RO            3    RESET               startup_stm32f407xx.o
    0x08000188   0x08000188   0x00000000   Code   RO         5366  * .ARM.Collect$$$$00000000  mc_w.l(entry.o)
    0x08000188   0x08000188   0x00000004   Code   RO         5662    .ARM.Collect$$$$00000001  mc_w.l(entry2.o)
    0x0800018c   0x0800018c   0x00000004   Code   RO         5665    .ARM.Collect$$$$00000004  mc_w.l(entry5.o)
    0x08000190   0x08000190   0x00000000   Code   RO         5667    .ARM.Collect$$$$00000008  mc_w.l(entry7b.o)
    0x08000190   0x08000190   0x00000000   Code   RO         5669    .ARM.Collect$$$$0000000A  mc_w.l(entry8b.o)
    0x08000190   0x08000190   0x00000008   Code   RO         5670    .ARM.Collect$$$$0000000B  mc_w.l(entry9a.o)
    0x08000198   0x08000198   0x00000000   Code   RO         5672    .ARM.Collect$$$$0000000D  mc_w.l(entry10a.o)
    0x08000198   0x08000198   0x00000000   Code   RO         5674    .ARM.Collect$$$$0000000F  mc_w.l(entry11a.o)
    0x08000198   0x08000198   0x00000004   Code   RO         5663    .ARM.Collect$$$$00002712  mc_w.l(entry2.o)
    0x0800019c   0x0800019c   0x00000024   Code   RO            4    .text               startup_stm32f407xx.o
    0x080001c0   0x080001c0   0x00000062   Code   RO         5369    .text               mc_w.l(uldiv.o)
    0x08000222   0x08000222   0x00000024   Code   RO         5371    .text               mc_w.l(memseta.o)
    0x08000246   0x08000246   0x000000e4   Code   RO         5634    .text               mf_w.l(dmul.o)
    0x0800032a   0x0800032a   0x000000de   Code   RO         5636    .text               mf_w.l(ddiv.o)
    0x08000408   0x08000408   0x0000001a   Code   RO         5638    .text               mf_w.l(dfltui.o)
    0x08000422   0x08000422   0x0000003e   Code   RO         5640    .text               mf_w.l(dfixi.o)
    0x08000460   0x08000460   0x00000026   Code   RO         5642    .text               mf_w.l(f2d.o)
    0x08000486   0x08000486   0x00000038   Code   RO         5644    .text               mf_w.l(d2f.o)
    0x080004be   0x080004be   0x0000001e   Code   RO         5679    .text               mc_w.l(llshl.o)
    0x080004dc   0x080004dc   0x00000020   Code   RO         5681    .text               mc_w.l(llushr.o)
    0x080004fc   0x080004fc   0x00000000   Code   RO         5690    .text               mc_w.l(iusefp.o)
    0x080004fc   0x080004fc   0x0000006e   Code   RO         5691    .text               mf_w.l(fepilogue.o)
    0x0800056a   0x0800056a   0x000000ba   Code   RO         5693    .text               mf_w.l(depilogue.o)
    0x08000624   0x08000624   0x000000a2   Code   RO         5697    .text               mf_w.l(dsqrt.o)
    0x080006c6   0x080006c6   0x00000002   PAD
    0x080006c8   0x080006c8   0x00000024   Code   RO         5707    .text               mc_w.l(init.o)
    0x080006ec   0x080006ec   0x00000056   Code   RO         5719    .text               mc_w.l(__dczerorl2.o)
    0x08000742   0x08000742   0x00000002   Code   RO           13    i.Boot_ParLst       dowith.o
    0x08000744   0x08000744   0x00000002   Code   RO         1517    i.BusFault_Handler  stm32f4xx_it.o
    0x08000746   0x08000746   0x00000002   PAD
    0x08000748   0x08000748   0x0000002c   Code   RO          300    i.CRC16             com1_232.o
    0x08000774   0x08000774   0x00000110   Code   RO          301    i.Com1_RcvProcess   com1_232.o
    0x08000884   0x08000884   0x0000028c   Code   RO          302    i.Com1_SlaveSend    com1_232.o
    0x08000b10   0x08000b10   0x00000110   Code   RO          436    i.Com2_RcvProcess   com2_232.o
    0x08000c20   0x08000c20   0x0000028c   Code   RO          437    i.Com2_SlaveSend    com2_232.o
    0x08000eac   0x08000eac   0x00000110   Code   RO          470    i.Com3_RcvProcess   com3_232.o
    0x08000fbc   0x08000fbc   0x0000028c   Code   RO          471    i.Com3_SlaveSend    com3_232.o
    0x08001248   0x08001248   0x00000110   Code   RO          504    i.Com4_RcvProcess   com4_232.o
    0x08001358   0x08001358   0x0000028c   Code   RO          505    i.Com4_SlaveSend    com4_232.o
    0x080015e4   0x080015e4   0x00000110   Code   RO          538    i.Com5_RcvProcess   com5_232.o
    0x080016f4   0x080016f4   0x0000028c   Code   RO          539    i.Com5_SlaveSend    com5_232.o
    0x08001980   0x08001980   0x00000110   Code   RO          572    i.Com6_RcvProcess   com6_232.o
    0x08001a90   0x08001a90   0x0000028c   Code   RO          573    i.Com6_SlaveSend    com6_232.o
    0x08001d1c   0x08001d1c   0x00000002   Code   RO         1518    i.DebugMon_Handler  stm32f4xx_it.o
    0x08001d1e   0x08001d1e   0x00000006   Code   RO         1519    i.EXTI0_IRQHandler  stm32f4xx_it.o
    0x08001d24   0x08001d24   0x00000004   Code   RO          608    i.Error_Handler     main.o
    0x08001d28   0x08001d28   0x0000008e   Code   RO         2443    i.HAL_DMA_Abort     stm32f4xx_hal_dma.o
    0x08001db6   0x08001db6   0x00000024   Code   RO         2444    i.HAL_DMA_Abort_IT  stm32f4xx_hal_dma.o
    0x08001dda   0x08001dda   0x00000002   PAD
    0x08001ddc   0x08001ddc   0x00000024   Code   RO         2862    i.HAL_Delay         stm32f4xx_hal.o
    0x08001e00   0x08001e00   0x0000006c   Code   RO          609    i.HAL_GPIO_EXTI_Callback  main.o
    0x08001e6c   0x08001e6c   0x00000018   Code   RO         2335    i.HAL_GPIO_EXTI_IRQHandler  stm32f4xx_hal_gpio.o
    0x08001e84   0x08001e84   0x000001ec   Code   RO         2336    i.HAL_GPIO_Init     stm32f4xx_hal_gpio.o
    0x08002070   0x08002070   0x00000010   Code   RO         2339    i.HAL_GPIO_TogglePin  stm32f4xx_hal_gpio.o
    0x08002080   0x08002080   0x0000000a   Code   RO         2340    i.HAL_GPIO_WritePin  stm32f4xx_hal_gpio.o
    0x0800208a   0x0800208a   0x00000002   PAD
    0x0800208c   0x0800208c   0x0000000c   Code   RO         2868    i.HAL_GetTick       stm32f4xx_hal.o
    0x08002098   0x08002098   0x00000010   Code   RO         2874    i.HAL_IncTick       stm32f4xx_hal.o
    0x080020a8   0x080020a8   0x00000034   Code   RO         2875    i.HAL_Init          stm32f4xx_hal.o
    0x080020dc   0x080020dc   0x00000040   Code   RO         2876    i.HAL_InitTick      stm32f4xx_hal.o
    0x0800211c   0x0800211c   0x00000034   Code   RO         1635    i.HAL_MspInit       stm32f4xx_hal_msp.o
    0x08002150   0x08002150   0x0000001a   Code   RO         2725    i.HAL_NVIC_EnableIRQ  stm32f4xx_hal_cortex.o
    0x0800216a   0x0800216a   0x00000002   PAD
    0x0800216c   0x0800216c   0x00000040   Code   RO         2731    i.HAL_NVIC_SetPriority  stm32f4xx_hal_cortex.o
    0x080021ac   0x080021ac   0x00000024   Code   RO         2732    i.HAL_NVIC_SetPriorityGrouping  stm32f4xx_hal_cortex.o
    0x080021d0   0x080021d0   0x00000134   Code   RO         1982    i.HAL_RCC_ClockConfig  stm32f4xx_hal_rcc.o
    0x08002304   0x08002304   0x00000020   Code   RO         1989    i.HAL_RCC_GetPCLK1Freq  stm32f4xx_hal_rcc.o
    0x08002324   0x08002324   0x00000020   Code   RO         1990    i.HAL_RCC_GetPCLK2Freq  stm32f4xx_hal_rcc.o
    0x08002344   0x08002344   0x00000060   Code   RO         1991    i.HAL_RCC_GetSysClockFreq  stm32f4xx_hal_rcc.o
    0x080023a4   0x080023a4   0x0000036c   Code   RO         1994    i.HAL_RCC_OscConfig  stm32f4xx_hal_rcc.o
    0x08002710   0x08002710   0x000000bc   Code   RO         1670    i.HAL_SPI_Init      stm32f4xx_hal_spi.o
    0x080027cc   0x080027cc   0x000000ec   Code   RO         1278    i.HAL_SPI_MspInit   spi.o
    0x080028b8   0x080028b8   0x000001e2   Code   RO         1679    i.HAL_SPI_TransmitReceive  stm32f4xx_hal_spi.o
    0x08002a9a   0x08002a9a   0x00000028   Code   RO         2736    i.HAL_SYSTICK_Config  stm32f4xx_hal_cortex.o
    0x08002ac2   0x08002ac2   0x00000054   Code   RO         3822    i.HAL_TIMEx_ConfigBreakDeadTime  stm32f4xx_hal_tim_ex.o
    0x08002b16   0x08002b16   0x00000002   PAD
    0x08002b18   0x08002b18   0x00000090   Code   RO         3838    i.HAL_TIMEx_MasterConfigSynchronization  stm32f4xx_hal_tim_ex.o
    0x08002ba8   0x08002ba8   0x0000005a   Code   RO         3115    i.HAL_TIM_Base_Init  stm32f4xx_hal_tim.o
    0x08002c02   0x08002c02   0x00000002   PAD
    0x08002c04   0x08002c04   0x0000011c   Code   RO         1350    i.HAL_TIM_Base_MspInit  tim.o
    0x08002d20   0x08002d20   0x00000078   Code   RO         3118    i.HAL_TIM_Base_Start  stm32f4xx_hal_tim.o
    0x08002d98   0x08002d98   0x000000d6   Code   RO         3124    i.HAL_TIM_ConfigClockSource  stm32f4xx_hal_tim.o
    0x08002e6e   0x08002e6e   0x00000002   PAD
    0x08002e70   0x08002e70   0x00000124   Code   RO         1351    i.HAL_TIM_MspPostInit  tim.o
    0x08002f94   0x08002f94   0x0000004c   Code   RO         3164    i.HAL_TIM_OC_ConfigChannel  stm32f4xx_hal_tim.o
    0x08002fe0   0x08002fe0   0x0000005a   Code   RO         3168    i.HAL_TIM_OC_Init   stm32f4xx_hal_tim.o
    0x0800303a   0x0800303a   0x00000002   Code   RO         3170    i.HAL_TIM_OC_MspInit  stm32f4xx_hal_tim.o
    0x0800303c   0x0800303c   0x00000002   Code   RO         4097    i.HAL_UARTEx_RxEventCallback  stm32f4xx_hal_uart.o
    0x0800303e   0x0800303e   0x00000002   Code   RO         4111    i.HAL_UART_ErrorCallback  stm32f4xx_hal_uart.o
    0x08003040   0x08003040   0x00000210   Code   RO         4114    i.HAL_UART_IRQHandler  stm32f4xx_hal_uart.o
    0x08003250   0x08003250   0x00000062   Code   RO         4115    i.HAL_UART_Init     stm32f4xx_hal_uart.o
    0x080032b2   0x080032b2   0x00000002   PAD
    0x080032b4   0x080032b4   0x00000248   Code   RO         1446    i.HAL_UART_MspInit  usart.o
    0x080034fc   0x080034fc   0x0000002a   Code   RO         4120    i.HAL_UART_Receive_IT  stm32f4xx_hal_uart.o
    0x08003526   0x08003526   0x00000002   PAD
    0x08003528   0x08003528   0x00000110   Code   RO          612    i.HAL_UART_RxCpltCallback  main.o
    0x08003638   0x08003638   0x000000b2   Code   RO         4123    i.HAL_UART_Transmit  stm32f4xx_hal_uart.o
    0x080036ea   0x080036ea   0x00000002   Code   RO          613    i.HAL_UART_TxCpltCallback  main.o
    0x080036ec   0x080036ec   0x00000002   Code   RO         1520    i.HardFault_Handler  stm32f4xx_it.o
    0x080036ee   0x080036ee   0x00000002   PAD
    0x080036f0   0x080036f0   0x00000280   Code   RO         5093    i.MOTOR1_AxisMoveRel  bsp_motor1.o
    0x08003970   0x08003970   0x000000a0   Code   RO         5094    i.MOTOR1_GPIO_Init  bsp_motor1.o
    0x08003a10   0x08003a10   0x000000a8   Code   RO         5095    i.MOTOR1_TIMx_Init  bsp_motor1.o
    0x08003ab8   0x08003ab8   0x00000280   Code   RO         5143    i.MOTOR2_AxisMoveRel  bsp_motor2.o
    0x08003d38   0x08003d38   0x000000a0   Code   RO         5144    i.MOTOR2_GPIO_Init  bsp_motor2.o
    0x08003dd8   0x08003dd8   0x000000a4   Code   RO         5145    i.MOTOR2_TIMx_Init  bsp_motor2.o
    0x08003e7c   0x08003e7c   0x00000284   Code   RO         5043    i.MOTOR3_AxisMoveRel  bsp_motor3.o
    0x08004100   0x08004100   0x0000009c   Code   RO         5044    i.MOTOR3_GPIO_Init  bsp_motor3.o
    0x0800419c   0x0800419c   0x000000a4   Code   RO         5045    i.MOTOR3_TIMx_Init  bsp_motor3.o
    0x08004240   0x08004240   0x00000284   Code   RO         5193    i.MOTOR4_AxisMoveRel  bsp_motor4.o
    0x080044c4   0x080044c4   0x000000a0   Code   RO         5194    i.MOTOR4_GPIO_Init  bsp_motor4.o
    0x08004564   0x08004564   0x000000a4   Code   RO         5195    i.MOTOR4_TIMx_Init  bsp_motor4.o
    0x08004608   0x08004608   0x00000280   Code   RO         5243    i.MOTOR5_AxisMoveRel  bsp_motor5.o
    0x08004888   0x08004888   0x000000a4   Code   RO         5244    i.MOTOR5_GPIO_Init  bsp_motor5.o
    0x0800492c   0x0800492c   0x000000a4   Code   RO         5245    i.MOTOR5_TIMx_Init  bsp_motor5.o
    0x080049d0   0x080049d0   0x00000284   Code   RO         5293    i.MOTOR6_AxisMoveRel  bsp_motor6.o
    0x08004c54   0x08004c54   0x000000a0   Code   RO         5294    i.MOTOR6_GPIO_Init  bsp_motor6.o
    0x08004cf4   0x08004cf4   0x000000a4   Code   RO         5295    i.MOTOR6_TIMx_Init  bsp_motor6.o
    0x08004d98   0x08004d98   0x00000278   Code   RO         1253    i.MX_GPIO_Init      gpio.o
    0x08005010   0x08005010   0x00000048   Code   RO         1279    i.MX_SPI1_Init      spi.o
    0x08005058   0x08005058   0x00000044   Code   RO         1280    i.MX_SPI2_Init      spi.o
    0x0800509c   0x0800509c   0x00000044   Code   RO         1281    i.MX_SPI3_Init      spi.o
    0x080050e0   0x080050e0   0x000000d0   Code   RO         1352    i.MX_TIM1_Init      tim.o
    0x080051b0   0x080051b0   0x00000098   Code   RO         1353    i.MX_TIM2_Init      tim.o
    0x08005248   0x08005248   0x0000009c   Code   RO         1354    i.MX_TIM3_Init      tim.o
    0x080052e4   0x080052e4   0x0000009c   Code   RO         1355    i.MX_TIM4_Init      tim.o
    0x08005380   0x08005380   0x0000009c   Code   RO         1356    i.MX_TIM5_Init      tim.o
    0x0800541c   0x0800541c   0x00000044   Code   RO         1357    i.MX_TIM7_Init      tim.o
    0x08005460   0x08005460   0x000000cc   Code   RO         1358    i.MX_TIM8_Init      tim.o
    0x0800552c   0x0800552c   0x00000044   Code   RO         1447    i.MX_UART4_Init     usart.o
    0x08005570   0x08005570   0x00000044   Code   RO         1448    i.MX_UART5_Init     usart.o
    0x080055b4   0x080055b4   0x00000044   Code   RO         1449    i.MX_USART1_UART_Init  usart.o
    0x080055f8   0x080055f8   0x00000044   Code   RO         1450    i.MX_USART2_UART_Init  usart.o
    0x0800563c   0x0800563c   0x00000044   Code   RO         1451    i.MX_USART3_UART_Init  usart.o
    0x08005680   0x08005680   0x00000044   Code   RO         1452    i.MX_USART6_UART_Init  usart.o
    0x080056c4   0x080056c4   0x00000002   Code   RO         1521    i.MemManage_Handler  stm32f4xx_it.o
    0x080056c6   0x080056c6   0x00000002   Code   RO         1522    i.NMI_Handler       stm32f4xx_it.o
    0x080056c8   0x080056c8   0x000001bc   Code   RO           23    i.ParLimit          dowith.o
    0x08005884   0x08005884   0x00000002   Code   RO           24    i.ParLst_Init       dowith.o
    0x08005886   0x08005886   0x00000002   Code   RO         1523    i.PendSV_Handler    stm32f4xx_it.o
    0x08005888   0x08005888   0x00000020   Code   RO         1282    i.SPI1_ReadWriteByte  spi.o
    0x080058a8   0x080058a8   0x00000010   Code   RO         4676    i.SPI_CS_H          wk2xxx.o
    0x080058b8   0x080058b8   0x00000010   Code   RO         4678    i.SPI_CS_L          wk2xxx.o
    0x080058c8   0x080058c8   0x00000058   Code   RO         1708    i.SPI_EndRxTxTransaction  stm32f4xx_hal_spi.o
    0x08005920   0x08005920   0x000000b8   Code   RO         1713    i.SPI_WaitFlagStateUntilTimeout  stm32f4xx_hal_spi.o
    0x080059d8   0x080059d8   0x00000002   Code   RO         1524    i.SVC_Handler       stm32f4xx_it.o
    0x080059da   0x080059da   0x00000002   PAD
    0x080059dc   0x080059dc   0x00000030   Code   RO         1525    i.SysTick_Handler   stm32f4xx_it.o
    0x08005a0c   0x08005a0c   0x00000090   Code   RO          617    i.SystemClock_Config  main.o
    0x08005a9c   0x08005a9c   0x0000001c   Code   RO         4444    i.SystemInit        system_stm32f4xx.o
    0x08005ab8   0x08005ab8   0x000000e0   Code   RO         5246    i.TIM1_CC_IRQHandler  bsp_motor5.o
    0x08005b98   0x08005b98   0x000000dc   Code   RO         5096    i.TIM2_IRQHandler   bsp_motor1.o
    0x08005c74   0x08005c74   0x000000e4   Code   RO         5196    i.TIM3_IRQHandler   bsp_motor4.o
    0x08005d58   0x08005d58   0x000000e0   Code   RO         5146    i.TIM4_IRQHandler   bsp_motor2.o
    0x08005e38   0x08005e38   0x000000e0   Code   RO         5296    i.TIM5_IRQHandler   bsp_motor6.o
    0x08005f18   0x08005f18   0x000000e0   Code   RO         5046    i.TIM8_CC_IRQHandler  bsp_motor3.o
    0x08005ff8   0x08005ff8   0x000000c8   Code   RO         3208    i.TIM_Base_SetConfig  stm32f4xx_hal_tim.o
    0x080060c0   0x080060c0   0x0000001a   Code   RO         3209    i.TIM_CCxChannelCmd  stm32f4xx_hal_tim.o
    0x080060da   0x080060da   0x00000014   Code   RO         3219    i.TIM_ETR_SetConfig  stm32f4xx_hal_tim.o
    0x080060ee   0x080060ee   0x00000010   Code   RO         3220    i.TIM_ITRx_SetConfig  stm32f4xx_hal_tim.o
    0x080060fe   0x080060fe   0x00000002   PAD
    0x08006100   0x08006100   0x00000060   Code   RO         3221    i.TIM_OC1_SetConfig  stm32f4xx_hal_tim.o
    0x08006160   0x08006160   0x0000006c   Code   RO         3222    i.TIM_OC2_SetConfig  stm32f4xx_hal_tim.o
    0x080061cc   0x080061cc   0x00000068   Code   RO         3223    i.TIM_OC3_SetConfig  stm32f4xx_hal_tim.o
    0x08006234   0x08006234   0x00000050   Code   RO         3224    i.TIM_OC4_SetConfig  stm32f4xx_hal_tim.o
    0x08006284   0x08006284   0x00000022   Code   RO         3226    i.TIM_TI1_ConfigInputStage  stm32f4xx_hal_tim.o
    0x080062a6   0x080062a6   0x00000024   Code   RO         3228    i.TIM_TI2_ConfigInputStage  stm32f4xx_hal_tim.o
    0x080062ca   0x080062ca   0x00000002   PAD
    0x080062cc   0x080062cc   0x0000009c   Code   RO          620    i.Test_Send_Pulse   main.o
    0x08006368   0x08006368   0x0000000c   Code   RO         1526    i.UART4_IRQHandler  stm32f4xx_it.o
    0x08006374   0x08006374   0x0000000c   Code   RO         1527    i.UART5_IRQHandler  stm32f4xx_it.o
    0x08006380   0x08006380   0x00000010   Code   RO         4128    i.UART_DMAAbortOnError  stm32f4xx_hal_uart.o
    0x08006390   0x08006390   0x00000030   Code   RO         4138    i.UART_EndRxTransfer  stm32f4xx_hal_uart.o
    0x080063c0   0x080063c0   0x000000ae   Code   RO         4140    i.UART_Receive_IT   stm32f4xx_hal_uart.o
    0x0800646e   0x0800646e   0x00000002   PAD
    0x08006470   0x08006470   0x0000010c   Code   RO         4141    i.UART_SetConfig    stm32f4xx_hal_uart.o
    0x0800657c   0x0800657c   0x00000036   Code   RO         4143    i.UART_Start_Receive_IT  stm32f4xx_hal_uart.o
    0x080065b2   0x080065b2   0x00000064   Code   RO         4144    i.UART_WaitOnFlagUntilTimeout  stm32f4xx_hal_uart.o
    0x08006616   0x08006616   0x00000002   PAD
    0x08006618   0x08006618   0x0000000c   Code   RO         1528    i.USART1_IRQHandler  stm32f4xx_it.o
    0x08006624   0x08006624   0x0000000c   Code   RO         1529    i.USART2_IRQHandler  stm32f4xx_it.o
    0x08006630   0x08006630   0x0000000c   Code   RO         1530    i.USART3_IRQHandler  stm32f4xx_it.o
    0x0800663c   0x0800663c   0x0000000c   Code   RO         1531    i.USART6_IRQHandler  stm32f4xx_it.o
    0x08006648   0x08006648   0x00000036   Code   RO          621    i.Uart_RT           main.o
    0x0800667e   0x0800667e   0x00000002   Code   RO         1532    i.UsageFault_Handler  stm32f4xx_it.o
    0x08006680   0x08006680   0x000002b4   Code   RO           30    i.Variable_Init     dowith.o
    0x08006934   0x08006934   0x00000034   Code   RO         4683    i.Wk2xxxReadFifo    wk2xxx.o
    0x08006968   0x08006968   0x00000026   Code   RO         4684    i.Wk2xxxReadReg     wk2xxx.o
    0x0800698e   0x0800698e   0x00000020   Code   RO         2738    i.__NVIC_SetPriority  stm32f4xx_hal_cortex.o
    0x080069ae   0x080069ae   0x0000007a   Code   RO         5354    i.__hardfp_sqrt     m_wm.l(sqrt.o)
    0x08006a28   0x08006a28   0x0000000e   Code   RO         5713    i.__scatterload_copy  mc_w.l(handlers.o)
    0x08006a36   0x08006a36   0x00000002   Code   RO         5714    i.__scatterload_null  mc_w.l(handlers.o)
    0x08006a38   0x08006a38   0x0000000e   Code   RO         5715    i.__scatterload_zeroinit  mc_w.l(handlers.o)
    0x08006a46   0x08006a46   0x00000002   PAD
    0x08006a48   0x08006a48   0x0000000c   Code   RO         5685    i.__set_errno       mc_w.l(errno.o)
    0x08006a54   0x08006a54   0x0000008e   Code   RO          624    i.main              main.o
    0x08006ae2   0x08006ae2   0x00000052   Code   RO         4689    i.wk_RxChars        wk2xxx.o
    0x08006b34   0x08006b34   0x00000200   Data   RO          303    .constdata          com1_232.o
    0x08006d34   0x08006d34   0x00000010   Data   RO         4445    .constdata          system_stm32f4xx.o
    0x08006d44   0x08006d44   0x00000008   Data   RO         4446    .constdata          system_stm32f4xx.o
    0x08006d4c   0x08006d4c   0x00000030   Data   RO         5711    Region$$Table       anon$$obj.o


    Execution Region RW_IRAM2 (Exec base: 0x10000000, Load base: 0x08006d7c, Size: 0x00006ac8, Max: 0x00010000, ABSOLUTE, COMPRESSED[0x00000018])

    Exec Addr    Load Addr    Size         Type   Attr      Idx    E Section Name        Object

    0x10000000   COMPRESSED   0x0000006e   Data   RW          657    .data               main.o
    0x1000006e   COMPRESSED   0x00000008   Data   RW          663    .data               main.o
    0x10000076   COMPRESSED   0x00000002   Data   RW          720    .data               main.o
    0x10000078   COMPRESSED   0x00000001   Data   RW          757    .data               main.o
    0x10000079   COMPRESSED   0x00000001   Data   RW          767    .data               main.o
    0x1000007a   COMPRESSED   0x00000001   Data   RW          788    .data               main.o
    0x1000007b   COMPRESSED   0x00000001   Data   RW          791    .data               main.o
    0x1000007c   COMPRESSED   0x00000001   Data   RW          792    .data               main.o
    0x1000007d   COMPRESSED   0x00000001   Data   RW          793    .data               main.o
    0x1000007e   COMPRESSED   0x00000001   Data   RW          794    .data               main.o
    0x1000007f   COMPRESSED   0x00000001   Data   RW          795    .data               main.o
    0x10000080   COMPRESSED   0x00000001   Data   RW          796    .data               main.o
    0x10000081   COMPRESSED   0x00000001   Data   RW          797    .data               main.o
    0x10000082   COMPRESSED   0x00000001   Data   RW          798    .data               main.o
    0x10000083   COMPRESSED   0x00000001   Data   RW          799    .data               main.o
    0x10000084   COMPRESSED   0x00000001   Data   RW          800    .data               main.o
    0x10000085   COMPRESSED   0x00000001   Data   RW          809    .data               main.o
    0x10000086   COMPRESSED   0x00000001   Data   RW          817    .data               main.o
    0x10000087   COMPRESSED   0x00000001   Data   RW          820    .data               main.o
    0x10000088   COMPRESSED   0x00000004   Data   RW          823    .data               main.o
    0x1000008c   COMPRESSED   0x00000004   Data   RW          824    .data               main.o
    0x10000090   COMPRESSED   0x00000004   Data   RW          862    .data               main.o
    0x10000094   COMPRESSED   0x00000004   Data   RW          863    .data               main.o
    0x10000098   COMPRESSED   0x00000004   Data   RW          864    .data               main.o
    0x1000009c   COMPRESSED   0x00000004   Data   RW          865    .data               main.o
    0x100000a0   COMPRESSED   0x00000004   Data   RW          866    .data               main.o
    0x100000a4   COMPRESSED   0x00000004   Data   RW          867    .data               main.o
    0x100000a8   COMPRESSED   0x00000004   Data   RW          868    .data               main.o
    0x100000ac   COMPRESSED   0x00000004   Data   RW          869    .data               main.o
    0x100000b0   COMPRESSED   0x00000004   Data   RW          870    .data               main.o
    0x100000b4   COMPRESSED   0x00000004   Data   RW          871    .data               main.o
    0x100000b8   COMPRESSED   0x00000004   Data   RW          872    .data               main.o
    0x100000bc   COMPRESSED   0x00000004   Data   RW          873    .data               main.o
    0x100000c0   COMPRESSED   0x00000001   Data   RW          900    .data               main.o
    0x100000c1   COMPRESSED   0x00000001   Data   RW          907    .data               main.o
    0x100000c2   COMPRESSED   0x00000001   Data   RW          908    .data               main.o
    0x100000c3   COMPRESSED   0x00000001   Data   RW          909    .data               main.o
    0x100000c4   COMPRESSED   0x00000001   Data   RW          910    .data               main.o
    0x100000c5   COMPRESSED   0x00000001   Data   RW          911    .data               main.o
    0x100000c6   COMPRESSED   0x00000001   Data   RW          912    .data               main.o
    0x100000c7   COMPRESSED   0x00000001   Data   RW          974    .data               main.o
    0x100000c8   COMPRESSED   0x00000001   Data   RW          975    .data               main.o
    0x100000c9   COMPRESSED   0x00000001   Data   RW          976    .data               main.o
    0x100000ca   COMPRESSED   0x00000001   Data   RW          977    .data               main.o
    0x100000cb   COMPRESSED   0x00000001   Data   RW          978    .data               main.o
    0x100000cc   COMPRESSED   0x00000001   Data   RW          979    .data               main.o
    0x100000cd   COMPRESSED   0x00000001   Data   RW          980    .data               main.o
    0x100000ce   COMPRESSED   0x00000002   Data   RW          987    .data               main.o
    0x100000d0   COMPRESSED   0x00000002   Data   RW          988    .data               main.o
    0x100000d2   COMPRESSED   0x00000002   Data   RW          989    .data               main.o
    0x100000d4   COMPRESSED   0x00000002   Data   RW          990    .data               main.o
    0x100000d6   COMPRESSED   0x00000002   Data   RW          991    .data               main.o
    0x100000d8   COMPRESSED   0x00000001   Data   RW          992    .data               main.o
    0x100000d9   COMPRESSED   0x00000001   Data   RW          993    .data               main.o
    0x100000da   COMPRESSED   0x00000001   Data   RW          994    .data               main.o
    0x100000db   COMPRESSED   0x00000001   Data   RW          995    .data               main.o
    0x100000dc   COMPRESSED   0x00000002   Data   RW          996    .data               main.o
    0x100000de   COMPRESSED   0x00000002   Data   RW          997    .data               main.o
    0x100000e0   COMPRESSED   0x00000002   Data   RW          999    .data               main.o
    0x100000e2   COMPRESSED   0x00000002   Data   RW         1000    .data               main.o
    0x100000e4   COMPRESSED   0x00000002   Data   RW         1001    .data               main.o
    0x100000e6   COMPRESSED   0x00000002   Data   RW         1002    .data               main.o
    0x100000e8   COMPRESSED   0x00000002   Data   RW         1003    .data               main.o
    0x100000ea   COMPRESSED   0x00000001   Data   RW         1004    .data               main.o
    0x100000eb   COMPRESSED   0x00000001   Data   RW         1005    .data               main.o
    0x100000ec   COMPRESSED   0x00000001   Data   RW         1006    .data               main.o
    0x100000ed   COMPRESSED   0x00000001   Data   RW         1007    .data               main.o
    0x100000ee   COMPRESSED   0x00000002   Data   RW         1008    .data               main.o
    0x100000f0   COMPRESSED   0x00000002   Data   RW         1009    .data               main.o
    0x100000f2   COMPRESSED   0x00000002   Data   RW         1011    .data               main.o
    0x100000f4   COMPRESSED   0x00000002   Data   RW         1012    .data               main.o
    0x100000f6   COMPRESSED   0x00000002   Data   RW         1013    .data               main.o
    0x100000f8   COMPRESSED   0x00000002   Data   RW         1014    .data               main.o
    0x100000fa   COMPRESSED   0x00000002   Data   RW         1015    .data               main.o
    0x100000fc   COMPRESSED   0x00000001   Data   RW         1016    .data               main.o
    0x100000fd   COMPRESSED   0x00000001   Data   RW         1017    .data               main.o
    0x100000fe   COMPRESSED   0x00000001   Data   RW         1018    .data               main.o
    0x100000ff   COMPRESSED   0x00000001   Data   RW         1019    .data               main.o
    0x10000100   COMPRESSED   0x00000002   Data   RW         1020    .data               main.o
    0x10000102   COMPRESSED   0x00000002   Data   RW         1021    .data               main.o
    0x10000104   COMPRESSED   0x00000002   Data   RW         1023    .data               main.o
    0x10000106   COMPRESSED   0x00000002   Data   RW         1024    .data               main.o
    0x10000108   COMPRESSED   0x00000002   Data   RW         1025    .data               main.o
    0x1000010a   COMPRESSED   0x00000002   Data   RW         1026    .data               main.o
    0x1000010c   COMPRESSED   0x00000002   Data   RW         1027    .data               main.o
    0x1000010e   COMPRESSED   0x00000001   Data   RW         1028    .data               main.o
    0x1000010f   COMPRESSED   0x00000001   Data   RW         1029    .data               main.o
    0x10000110   COMPRESSED   0x00000001   Data   RW         1030    .data               main.o
    0x10000111   COMPRESSED   0x00000001   Data   RW         1031    .data               main.o
    0x10000112   COMPRESSED   0x00000002   Data   RW         1032    .data               main.o
    0x10000114   COMPRESSED   0x00000002   Data   RW         1033    .data               main.o
    0x10000116   COMPRESSED   0x00000002   Data   RW         1035    .data               main.o
    0x10000118   COMPRESSED   0x00000002   Data   RW         1036    .data               main.o
    0x1000011a   COMPRESSED   0x00000002   Data   RW         1037    .data               main.o
    0x1000011c   COMPRESSED   0x00000002   Data   RW         1038    .data               main.o
    0x1000011e   COMPRESSED   0x00000002   Data   RW         1039    .data               main.o
    0x10000120   COMPRESSED   0x00000001   Data   RW         1040    .data               main.o
    0x10000121   COMPRESSED   0x00000001   Data   RW         1041    .data               main.o
    0x10000122   COMPRESSED   0x00000001   Data   RW         1042    .data               main.o
    0x10000123   COMPRESSED   0x00000001   Data   RW         1043    .data               main.o
    0x10000124   COMPRESSED   0x00000002   Data   RW         1044    .data               main.o
    0x10000126   COMPRESSED   0x00000002   Data   RW         1045    .data               main.o
    0x10000128   COMPRESSED   0x00000002   Data   RW         1047    .data               main.o
    0x1000012a   COMPRESSED   0x00000002   Data   RW         1048    .data               main.o
    0x1000012c   COMPRESSED   0x00000002   Data   RW         1049    .data               main.o
    0x1000012e   COMPRESSED   0x00000002   Data   RW         1050    .data               main.o
    0x10000130   COMPRESSED   0x00000002   Data   RW         1051    .data               main.o
    0x10000132   COMPRESSED   0x00000001   Data   RW         1052    .data               main.o
    0x10000133   COMPRESSED   0x00000001   Data   RW         1053    .data               main.o
    0x10000134   COMPRESSED   0x00000001   Data   RW         1054    .data               main.o
    0x10000135   COMPRESSED   0x00000001   Data   RW         1055    .data               main.o
    0x10000136   COMPRESSED   0x00000002   Data   RW         1056    .data               main.o
    0x10000138   COMPRESSED   0x00000002   Data   RW         1057    .data               main.o
    0x1000013a   COMPRESSED   0x00000002   PAD
    0x1000013c   COMPRESSED   0x0000000c   Data   RW         2882    .data               stm32f4xx_hal.o
    0x10000148   COMPRESSED   0x00000004   Data   RW         4447    .data               system_stm32f4xx.o
    0x1000014c   COMPRESSED   0x0000000c   Data   RW         5049    .data               bsp_motor3.o
    0x10000158   COMPRESSED   0x0000000c   Data   RW         5099    .data               bsp_motor1.o
    0x10000164   COMPRESSED   0x0000000c   Data   RW         5149    .data               bsp_motor2.o
    0x10000170   COMPRESSED   0x0000000c   Data   RW         5199    .data               bsp_motor4.o
    0x1000017c   COMPRESSED   0x0000000c   Data   RW         5249    .data               bsp_motor5.o
    0x10000188   COMPRESSED   0x0000000c   Data   RW         5299    .data               bsp_motor6.o
    0x10000194   COMPRESSED   0x00000004   Data   RW         5686    .data               mc_w.l(errno.o)
    0x10000198        -       0x000000ff   Zero   RW          403    .bss                wk_port1.o
    0x10000297        -       0x000000ff   Zero   RW          404    .bss                wk_port1.o
    0x10000396        -       0x000000ff   Zero   RW          405    .bss                wk_port1.o
    0x10000495        -       0x000000ff   Zero   RW          406    .bss                wk_port1.o
    0x10000594        -       0x00005460   Zero   RW          628    .bss                main.o
    0x100059f4        -       0x000000ff   Zero   RW          650    .bss                main.o
    0x10005af3        -       0x000000ff   Zero   RW          651    .bss                main.o
    0x10005bf2        -       0x000000ff   Zero   RW          652    .bss                main.o
    0x10005cf1        -       0x000000ff   Zero   RW          653    .bss                main.o
    0x10005df0        -       0x000000ff   Zero   RW          654    .bss                main.o
    0x10005eef        -       0x000000ff   Zero   RW          655    .bss                main.o
    0x10005fee   COMPRESSED   0x00000002   PAD
    0x10005ff0        -       0x00000108   Zero   RW         1285    .bss                spi.o
    0x100060f8        -       0x000001f8   Zero   RW         1361    .bss                tim.o
    0x100062f0        -       0x00000198   Zero   RW         1453    .bss                usart.o
    0x10006488        -       0x00000060   Zero   RW         5047    .bss                bsp_motor3.o
    0x100064e8        -       0x00000060   Zero   RW         5097    .bss                bsp_motor1.o
    0x10006548        -       0x00000060   Zero   RW         5147    .bss                bsp_motor2.o
    0x100065a8        -       0x00000060   Zero   RW         5197    .bss                bsp_motor4.o
    0x10006608        -       0x00000060   Zero   RW         5247    .bss                bsp_motor5.o
    0x10006668        -       0x00000060   Zero   RW         5297    .bss                bsp_motor6.o
    0x100066c8        -       0x00000400   Zero   RW            1    STACK               startup_stm32f407xx.o


    Execution Region RW_IRAM1 (Exec base: 0x20000000, Load base: 0x08006d7c, Size: 0x0001c20c, Max: 0x00020000, ABSOLUTE)

    Exec Addr    Load Addr    Size         Type   Attr      Idx    E Section Name        Object

    0x20000000        -       0x0001c20c   Zero   RW          626    .bss                main.o


==============================================================================

Image component sizes


      Code (inc. data)   RO Data    RW Data    ZI Data      Debug   Object Name

      1188         96          0         12         96       4388   bsp_motor1.o
      1188        104          0         12         96       4392   bsp_motor2.o
      1188        104          0         12         96       6335   bsp_motor3.o
      1196        102          0         12         96       4348   bsp_motor4.o
      1192        108          0         12         96       4391   bsp_motor5.o
      1192        104          0         12         96       4384   bsp_motor6.o
       968        124        512          0          0       3809   com1_232.o
       924        120          0          0          0       2588   com2_232.o
       924        120          0          0          0       2588   com3_232.o
       924        120          0          0          0       2588   com4_232.o
       924        120          0          0          0       2588   com5_232.o
       924        120          0          0          0       2588   com6_232.o
      1140        218          0          0          0     702497   dowith.o
       632         36          0          0          0       1279   gpio.o
       882        122          0        314     138342      33597   main.o
       476         54          0          0        264       3584   spi.o
        36          8        392          0       1024        828   startup_stm32f407xx.o
       180         28          0         12          0       9337   stm32f4xx_hal.o
       198         14          0          0          0      33887   stm32f4xx_hal_cortex.o
       178          0          0          0          0       2075   stm32f4xx_hal_dma.o
       542         50          0          0          0       3420   stm32f4xx_hal_gpio.o
        52          4          0          0          0        850   stm32f4xx_hal_msp.o
      1344         72          0          0          0       5184   stm32f4xx_hal_rcc.o
       942         12          0          0          0       4865   stm32f4xx_hal_spi.o
      1312        110          0          0          0      12490   stm32f4xx_hal_tim.o
       228         28          0          0          0       2136   stm32f4xx_hal_tim_ex.o
      1510         16          0          0          0      10314   stm32f4xx_hal_uart.o
       142         42          0          0          0       7323   stm32f4xx_it.o
        28          6         24          4          0       1131   system_stm32f4xx.o
      1676        134          0          0        504       7238   tim.o
       992        132          0          0        408       5095   usart.o
       204         12          0          0          0       3576   wk2xxx.o
         0          0          0          0       1020       1139   wk_port1.o

    ----------------------------------------------------------------------
     25456       2440        976        404     142140     896832   Object Totals
         0          0         48          0          0          0   (incl. Generated)
        30          0          0          2          2          0   (incl. Padding)

    ----------------------------------------------------------------------

      Code (inc. data)   RO Data    RW Data    ZI Data      Debug   Library Member Name

       122          0          0          0          0        148   sqrt.o
        86          0          0          0          0          0   __dczerorl2.o
         0          0          0          0          0          0   entry.o
         0          0          0          0          0          0   entry10a.o
         0          0          0          0          0          0   entry11a.o
         8          4          0          0          0          0   entry2.o
         4          0          0          0          0          0   entry5.o
         0          0          0          0          0          0   entry7b.o
         0          0          0          0          0          0   entry8b.o
         8          4          0          0          0          0   entry9a.o
        12          6          0          4          0         68   errno.o
        30          0          0          0          0          0   handlers.o
        36          8          0          0          0         68   init.o
         0          0          0          0          0          0   iusefp.o
        30          0          0          0          0         68   llshl.o
        32          0          0          0          0         68   llushr.o
        36          0          0          0          0        108   memseta.o
        98          0          0          0          0         92   uldiv.o
        56          0          0          0          0         88   d2f.o
       222          0          0          0          0        100   ddiv.o
       186          0          0          0          0        176   depilogue.o
        62          0          0          0          0         80   dfixi.o
        26          0          0          0          0         76   dfltui.o
       228          0          0          0          0         96   dmul.o
       162          0          0          0          0        100   dsqrt.o
        38          0          0          0          0         68   f2d.o
       110          0          0          0          0        168   fepilogue.o

    ----------------------------------------------------------------------
      1596         22          0          4          0       1572   Library Totals
         4          0          0          0          0          0   (incl. Padding)

    ----------------------------------------------------------------------

      Code (inc. data)   RO Data    RW Data    ZI Data      Debug   Library Name

       122          0          0          0          0        148   m_wm.l
       380         22          0          4          0        472   mc_w.l
      1090          0          0          0          0        952   mf_w.l

    ----------------------------------------------------------------------
      1596         22          0          4          0       1572   Library Totals

    ----------------------------------------------------------------------

==============================================================================


      Code (inc. data)   RO Data    RW Data    ZI Data      Debug   

     27052       2462        976        408     142140     883764   Grand Totals
     27052       2462        976         24     142140     883764   ELF Image Totals (compressed)
     27052       2462        976         24          0          0   ROM Totals

==============================================================================

    Total RO  Size (Code + RO Data)                28028 (  27.37kB)
    Total RW  Size (RW Data + ZI Data)            142548 ( 139.21kB)
    Total ROM Size (Code + RO Data + RW Data)      28052 (  27.39kB)

==============================================================================

